Archive member included to satisfy reference by file (symbol)

/Applications/ArmGNUToolchain/12.3.rel1/arm-none-eabi/bin/../lib/gcc/arm-none-eabi/12.3.1/thumb/v7e-m/nofp/libgcc.a(_arm_muldf3.o)
                              CMakeFiles/RoboticArm_V4.elf.dir/Src/main.c.obj (__aeabi_dmul)
/Applications/ArmGNUToolchain/12.3.rel1/arm-none-eabi/bin/../lib/gcc/arm-none-eabi/12.3.1/thumb/v7e-m/nofp/libgcc.a(_arm_addsubdf3.o)
                              CMakeFiles/RoboticArm_V4.elf.dir/Src/main.c.obj (__aeabi_dsub)
/Applications/ArmGNUToolchain/12.3.rel1/arm-none-eabi/bin/../lib/gcc/arm-none-eabi/12.3.1/thumb/v7e-m/nofp/libgcc.a(_arm_muldivdf3.o)
                              CMakeFiles/RoboticArm_V4.elf.dir/Src/main.c.obj (__aeabi_ddiv)
/Applications/ArmGNUToolchain/12.3.rel1/arm-none-eabi/bin/../lib/gcc/arm-none-eabi/12.3.1/thumb/v7e-m/nofp/libgcc.a(_arm_cmpdf2.o)
                              CMakeFiles/RoboticArm_V4.elf.dir/Src/main.c.obj (__aeabi_dcmplt)
/Applications/ArmGNUToolchain/12.3.rel1/arm-none-eabi/bin/../lib/gcc/arm-none-eabi/12.3.1/thumb/v7e-m/nofp/libgcc.a(_arm_fixdfsi.o)
                              CMakeFiles/RoboticArm_V4.elf.dir/Src/main.c.obj (__aeabi_d2iz)
/Applications/ArmGNUToolchain/12.3.rel1/arm-none-eabi/bin/../lib/gcc/arm-none-eabi/12.3.1/thumb/v7e-m/nofp/libgcc.a(_aeabi_uldivmod.o)
                              CMakeFiles/RoboticArm_V4.elf.dir/Drivers/STM32F4xx_HAL_Driver/Src/stm32f4xx_hal_rcc.c.obj (__aeabi_uldivmod)
/Applications/ArmGNUToolchain/12.3.rel1/arm-none-eabi/bin/../lib/gcc/arm-none-eabi/12.3.1/thumb/v7e-m/nofp/libgcc.a(_udivmoddi4.o)
                              /Applications/ArmGNUToolchain/12.3.rel1/arm-none-eabi/bin/../lib/gcc/arm-none-eabi/12.3.1/thumb/v7e-m/nofp/libgcc.a(_aeabi_uldivmod.o) (__udivmoddi4)
/Applications/ArmGNUToolchain/12.3.rel1/arm-none-eabi/bin/../lib/gcc/arm-none-eabi/12.3.1/thumb/v7e-m/nofp/libgcc.a(_dvmd_tls.o)
                              /Applications/ArmGNUToolchain/12.3.rel1/arm-none-eabi/bin/../lib/gcc/arm-none-eabi/12.3.1/thumb/v7e-m/nofp/libgcc.a(_aeabi_uldivmod.o) (__aeabi_ldiv0)
/Applications/ArmGNUToolchain/12.3.rel1/arm-none-eabi/bin/../lib/gcc/arm-none-eabi/12.3.1/../../../../arm-none-eabi/lib/thumb/v7e-m/nofp/libg.a(libc_a-exit.o)
                              /Applications/ArmGNUToolchain/12.3.rel1/arm-none-eabi/bin/../lib/gcc/arm-none-eabi/12.3.1/../../../../arm-none-eabi/lib/thumb/v7e-m/nofp/crt0.o (exit)
/Applications/ArmGNUToolchain/12.3.rel1/arm-none-eabi/bin/../lib/gcc/arm-none-eabi/12.3.1/../../../../arm-none-eabi/lib/thumb/v7e-m/nofp/libg.a(libc_a-sprintf.o)
                              CMakeFiles/RoboticArm_V4.elf.dir/Src/main.c.obj (sprintf)
/Applications/ArmGNUToolchain/12.3.rel1/arm-none-eabi/bin/../lib/gcc/arm-none-eabi/12.3.1/../../../../arm-none-eabi/lib/thumb/v7e-m/nofp/libg.a(libc_a-findfp.o)
                              /Applications/ArmGNUToolchain/12.3.rel1/arm-none-eabi/bin/../lib/gcc/arm-none-eabi/12.3.1/../../../../arm-none-eabi/lib/thumb/v7e-m/nofp/libg.a(libc_a-exit.o) (__stdio_exit_handler)
/Applications/ArmGNUToolchain/12.3.rel1/arm-none-eabi/bin/../lib/gcc/arm-none-eabi/12.3.1/../../../../arm-none-eabi/lib/thumb/v7e-m/nofp/libg.a(libc_a-fwalk.o)
                              /Applications/ArmGNUToolchain/12.3.rel1/arm-none-eabi/bin/../lib/gcc/arm-none-eabi/12.3.1/../../../../arm-none-eabi/lib/thumb/v7e-m/nofp/libg.a(libc_a-findfp.o) (_fwalk_sglue)
/Applications/ArmGNUToolchain/12.3.rel1/arm-none-eabi/bin/../lib/gcc/arm-none-eabi/12.3.1/../../../../arm-none-eabi/lib/thumb/v7e-m/nofp/libg.a(libc_a-memset.o)
                              /Applications/ArmGNUToolchain/12.3.rel1/arm-none-eabi/bin/../lib/gcc/arm-none-eabi/12.3.1/../../../../arm-none-eabi/lib/thumb/v7e-m/nofp/crt0.o (memset)
/Applications/ArmGNUToolchain/12.3.rel1/arm-none-eabi/bin/../lib/gcc/arm-none-eabi/12.3.1/../../../../arm-none-eabi/lib/thumb/v7e-m/nofp/libg.a(libc_a-impure.o)
                              /Applications/ArmGNUToolchain/12.3.rel1/arm-none-eabi/bin/../lib/gcc/arm-none-eabi/12.3.1/../../../../arm-none-eabi/lib/thumb/v7e-m/nofp/libg.a(libc_a-sprintf.o) (_impure_ptr)
/Applications/ArmGNUToolchain/12.3.rel1/arm-none-eabi/bin/../lib/gcc/arm-none-eabi/12.3.1/../../../../arm-none-eabi/lib/thumb/v7e-m/nofp/libg.a(libc_a-errno.o)
                              CMakeFiles/RoboticArm_V4.elf.dir/Src/syscalls.c.obj (__errno)
/Applications/ArmGNUToolchain/12.3.rel1/arm-none-eabi/bin/../lib/gcc/arm-none-eabi/12.3.1/../../../../arm-none-eabi/lib/thumb/v7e-m/nofp/libg.a(libc_a-strcpy.o)
                              CMakeFiles/RoboticArm_V4.elf.dir/Src/main.c.obj (strcpy)
/Applications/ArmGNUToolchain/12.3.rel1/arm-none-eabi/bin/../lib/gcc/arm-none-eabi/12.3.1/../../../../arm-none-eabi/lib/thumb/v7e-m/nofp/libg.a(libc_a-init.o)
                              /Applications/ArmGNUToolchain/12.3.rel1/arm-none-eabi/bin/../lib/gcc/arm-none-eabi/12.3.1/../../../../arm-none-eabi/lib/thumb/v7e-m/nofp/crt0.o (__libc_init_array)
[...]
Memory Configuration

Name             Origin             Length             Attributes
RAM              0x20000000         0x00018000         xrw
FLASH            0x08000000         0x00080000         xr
*default*        0x00000000         0xffffffff

Linker script and memory map

LOAD /Applications/ArmGNUToolchain/12.3.rel1/arm-none-eabi/bin/../lib/gcc/arm-none-eabi/12.3.1/thumb/v7e-m/nofp/crti.o
LOAD /Applications/ArmGNUToolchain/12.3.rel1/arm-none-eabi/bin/../lib/gcc/arm-none-eabi/12.3.1/thumb/v7e-m/nofp/crtbegin.o
LOAD /Applications/ArmGNUToolchain/12.3.rel1/arm-none-eabi/bin/../lib/gcc/arm-none-eabi/12.3.1/../../../../arm-none-eabi/lib/thumb/v7e-m/nofp/crt0.o
LOAD CMakeFiles/RoboticArm_V4.elf.dir/Drivers/STM32F4xx_HAL_Driver/Src/stm32f4xx_hal.c.obj
LOAD CMakeFiles/RoboticArm_V4.elf.dir/Drivers/STM32F4xx_HAL_Driver/Src/stm32f4xx_hal_adc.c.obj
LOAD CMakeFiles/RoboticArm_V4.elf.dir/Drivers/STM32F4xx_HAL_Driver/Src/stm32f4xx_hal_adc_ex.c.obj
LOAD CMakeFiles/RoboticArm_V4.elf.dir/Drivers/STM32F4xx_HAL_Driver/Src/stm32f4xx_hal_cortex.c.obj
LOAD CMakeFiles/RoboticArm_V4.elf.dir/Drivers/STM32F4xx_HAL_Driver/Src/stm32f4xx_hal_dma.c.obj
LOAD CMakeFiles/RoboticArm_V4.elf.dir/Drivers/STM32F4xx_HAL_Driver/Src/stm32f4xx_hal_dma_ex.c.obj
LOAD CMakeFiles/RoboticArm_V4.elf.dir/Drivers/STM32F4xx_HAL_Driver/Src/stm32f4xx_hal_exti.c.obj
LOAD CMakeFiles/RoboticArm_V4.elf.dir/Drivers/STM32F4xx_HAL_Driver/Src/stm32f4xx_hal_flash.c.obj
LOAD CMakeFiles/RoboticArm_V4.elf.dir/Drivers/STM32F4xx_HAL_Driver/Src/stm32f4xx_hal_flash_ex.c.obj
LOAD CMakeFiles/RoboticArm_V4.elf.dir/Drivers/STM32F4xx_HAL_Driver/Src/stm32f4xx_hal_flash_ramfunc.c.obj
LOAD CMakeFiles/RoboticArm_V4.elf.dir/Drivers/STM32F4xx_HAL_Driver/Src/stm32f4xx_hal_gpio.c.obj
LOAD CMakeFiles/RoboticArm_V4.elf.dir/Drivers/STM32F4xx_HAL_Driver/Src/stm32f4xx_hal_i2c.c.obj
LOAD CMakeFiles/RoboticArm_V4.elf.dir/Drivers/STM32F4xx_HAL_Driver/Src/stm32f4xx_hal_i2c_ex.c.obj
LOAD CMakeFiles/RoboticArm_V4.elf.dir/Drivers/STM32F4xx_HAL_Driver/Src/stm32f4xx_hal_pwr.c.obj
LOAD CMakeFiles/RoboticArm_V4.elf.dir/Drivers/STM32F4xx_HAL_Driver/Src/stm32f4xx_hal_pwr_ex.c.obj
LOAD CMakeFiles/RoboticArm_V4.elf.dir/Drivers/STM32F4xx_HAL_Driver/Src/stm32f4xx_hal_rcc.c.obj
LOAD CMakeFiles/RoboticArm_V4.elf.dir/Drivers/STM32F4xx_HAL_Driver/Src/stm32f4xx_hal_rcc_ex.c.obj
LOAD CMakeFiles/RoboticArm_V4.elf.dir/Drivers/STM32F4xx_HAL_Driver/Src/stm32f4xx_hal_tim.c.obj
LOAD CMakeFiles/RoboticArm_V4.elf.dir/Drivers/STM32F4xx_HAL_Driver/Src/stm32f4xx_hal_tim_ex.c.obj
LOAD CMakeFiles/RoboticArm_V4.elf.dir/Drivers/STM32F4xx_HAL_Driver/Src/stm32f4xx_ll_adc.c.obj
LOAD CMakeFiles/RoboticArm_V4.elf.dir/Src/beeper.c.obj
LOAD CMakeFiles/RoboticArm_V4.elf.dir/Src/main.c.obj
LOAD CMakeFiles/RoboticArm_V4.elf.dir/Src/stepper.c.obj
LOAD CMakeFiles/RoboticArm_V4.elf.dir/Src/stm32f4xx_hal_msp.c.obj
LOAD CMakeFiles/RoboticArm_V4.elf.dir/Src/stm32f4xx_it.c.obj
LOAD CMakeFiles/RoboticArm_V4.elf.dir/Src/syscalls.c.obj
LOAD CMakeFiles/RoboticArm_V4.elf.dir/Src/sysmem.c.obj
LOAD CMakeFiles/RoboticArm_V4.elf.dir/Src/system_stm32f4xx.c.obj
LOAD CMakeFiles/RoboticArm_V4.elf.dir/Startup/startup_stm32f401retx.s.obj
START GROUP
LOAD /Applications/ArmGNUToolchain/12.3.rel1/arm-none-eabi/bin/../lib/gcc/arm-none-eabi/12.3.1/thumb/v7e-m/nofp/libgcc.a
LOAD /Applications/ArmGNUToolchain/12.3.rel1/arm-none-eabi/bin/../lib/gcc/arm-none-eabi/12.3.1/../../../../arm-none-eabi/lib/thumb/v7e-m/nofp/libg.a
LOAD /Applications/ArmGNUToolchain/12.3.rel1/arm-none-eabi/bin/../lib/gcc/arm-none-eabi/12.3.1/../../../../arm-none-eabi/lib/thumb/v7e-m/nofp/libc.a
END GROUP
LOAD /Applications/ArmGNUToolchain/12.3.rel1/arm-none-eabi/bin/../lib/gcc/arm-none-eabi/12.3.1/thumb/v7e-m/nofp/crtend.o
LOAD /Applications/ArmGNUToolchain/12.3.rel1/arm-none-eabi/bin/../lib/gcc/arm-none-eabi/12.3.1/thumb/v7e-m/nofp/crtn.o
                0x20018000                        _estack = (ORIGIN (RAM) + LENGTH (RAM))
                0x00000200                        _Min_Heap_Size = 0x200
                0x00000400                        _Min_Stack_Size = 0x400

.isr_vector     0x08000000      0x194
                0x08000000                        . = ALIGN (0x4)
 *(.isr_vector)
 .isr_vector    0x08000000      0x194 CMakeFiles/RoboticArm_V4.elf.dir/Startup/startup_stm32f401retx.s.obj
                0x08000000                g_pfnVectors
                0x08000194                        . = ALIGN (0x4)

.text           0x080001c0     0xe438
                0x080001c0                        . = ALIGN (0x4)
 *(.text)
 .text          0x080001c0      0x378 /Applications/ArmGNUToolchain/12.3.rel1/arm-none-eabi/bin/../lib/gcc/arm-none-eabi/12.3.1/thumb/v7e-m/nofp/libgcc.a(_arm_addsubdf3.o)
                0x080001c0                __aeabi_drsub
                0x080001c8                __subdf3
                0x080001c8                __aeabi_dsub
                0x080001cc                __aeabi_dadd
                0x080001cc                __adddf3
                0x08000444                __aeabi_ui2d
                0x08000444                __floatunsidf
                0x08000464                __floatsidf
                0x08000464                __aeabi_i2d
                0x08000488                __extendsfdf2
                0x08000488                __aeabi_f2d
                0x080004cc                __aeabi_ul2d
                0x080004cc                __floatundidf
                0x080004dc                __aeabi_l2d
                0x080004dc                __floatdidf
 .text          0x08000538      0x424 /Applications/ArmGNUToolchain/12.3.rel1/arm-none-eabi/bin/../lib/gcc/arm-none-eabi/12.3.1/thumb/v7e-m/nofp/libgcc.a(_arm_muldivdf3.o)
                0x08000538                __aeabi_dmul
                0x08000538                __muldf3
                0x0800078c                __aeabi_ddiv
                0x0800078c                __divdf3
 .text          0x0800095c      0x110 /Applications/ArmGNUToolchain/12.3.rel1/arm-none-eabi/bin/../lib/gcc/arm-none-eabi/12.3.1/thumb/v7e-m/nofp/libgcc.a(_arm_cmpdf2.o)
                0x0800095c                __gedf2
                0x0800095c                __gtdf2
                0x08000964                __ledf2
                0x08000964                __ltdf2
                0x0800096c                __cmpdf2
                0x0800096c                __eqdf2
                0x0800096c                __nedf2
                0x080009e8                __aeabi_cdrcmple
                0x080009f8                __aeabi_cdcmple
                0x080009f8                __aeabi_cdcmpeq
                0x08000a08                __aeabi_dcmpeq
                0x08000a1c                __aeabi_dcmplt
                0x08000a30                __aeabi_dcmple
                0x08000a44                __aeabi_dcmpge
                0x08000a58                __aeabi_dcmpgt
 .text          0x08000a6c       0x50 /Applications/ArmGNUToolchain/12.3.rel1/arm-none-eabi/bin/../lib/gcc/arm-none-eabi/12.3.1/thumb/v7e-m/nofp/libgcc.a(_arm_fixdfsi.o)
                0x08000a6c                __fixdfsi
                0x08000a6c                __aeabi_d2iz
 .text          0x08000abc       0x30 /Applications/ArmGNUToolchain/12.3.rel1/arm-none-eabi/bin/../lib/gcc/arm-none-eabi/12.3.1/thumb/v7e-m/nofp/libgcc.a(_aeabi_uldivmod.o)
                0x08000abc                __aeabi_uldivmod
 .text          0x08000aec        0x4 /Applications/ArmGNUToolchain/12.3.rel1/arm-none-eabi/bin/../lib/gcc/arm-none-eabi/12.3.1/thumb/v7e-m/nofp/libgcc.a(_dvmd_tls.o)
                0x08000aec                __aeabi_ldiv0
                0x08000aec                __aeabi_idiv0
 .text          0x08000af0       0xa0 /Applications/ArmGNUToolchain/12.3.rel1/arm-none-eabi/bin/../lib/gcc/arm-none-eabi/12.3.1/../../../../arm-none-eabi/lib/thumb/v7e-m/nofp/libg.a(libc_a-memchr.o)
                0x08000af0                memchr
 *fill*         0x08000b90       0x30 
 .text          0x08000bc0       0xd8 /Applications/ArmGNUToolchain/12.3.rel1/arm-none-eabi/bin/../lib/gcc/arm-none-eabi/12.3.1/../../../../arm-none-eabi/lib/thumb/v7e-m/nofp/libg.a(libc_a-strlen.o)
                0x08000bc0                strlen
 .text          0x08000c98      0x134 /Applications/ArmGNUToolchain/12.3.rel1/arm-none-eabi/bin/../lib/gcc/arm-none-eabi/12.3.1/../../../../arm-none-eabi/lib/thumb/v7e-m/nofp/libg.a(libc_a-memcpy.o)
                0x08000c98                memcpy
 .text          0x08000dcc       0x2c /Applications/ArmGNUToolchain/12.3.rel1/arm-none-eabi/bin/../lib/gcc/arm-none-eabi/12.3.1/thumb/v7e-m/nofp/libgcc.a(_arm_unorddf2.o)
                0x08000dcc                __aeabi_dcmpun
                0x08000dcc                __unorddf2
 *(.text*)
 .text.deregister_tm_clones
                0x08000df8       0x1c /Applications/ArmGNUToolchain/12.3.rel1/arm-none-eabi/bin/../lib/gcc/arm-none-eabi/12.3.1/thumb/v7e-m/nofp/crtbegin.o
 .text.register_tm_clones
                0x08000e14       0x24 /Applications/ArmGNUToolchain/12.3.rel1/arm-none-eabi/bin/../lib/gcc/arm-none-eabi/12.3.1/thumb/v7e-m/nofp/crtbegin.o
 .text.__do_global_dtors_aux
                0x08000e38       0x28 /Applications/ArmGNUToolchain/12.3.rel1/arm-none-eabi/bin/../lib/gcc/arm-none-eabi/12.3.1/thumb/v7e-m/nofp/crtbegin.o
 .text.frame_dummy
                0x08000e60       0x24 /Applications/ArmGNUToolchain/12.3.rel1/arm-none-eabi/bin/../lib/gcc/arm-none-eabi/12.3.1/thumb/v7e-m/nofp/crtbegin.o
 .text.HAL_InitTick
                0x08000e84       0x4c CMakeFiles/RoboticArm_V4.elf.dir/Drivers/STM32F4xx_HAL_Driver/Src/stm32f4xx_hal.c.obj
                0x08000e84                HAL_InitTick
 .text.HAL_Init
                0x08000ed0       0x34 CMakeFiles/RoboticArm_V4.elf.dir/Drivers/STM32F4xx_HAL_Driver/Src/stm32f4xx_hal.c.obj
                0x08000ed0                HAL_Init
 .text.HAL_IncTick
                0x08000f04       0x18 CMakeFiles/RoboticArm_V4.elf.dir/Drivers/STM32F4xx_HAL_Driver/Src/stm32f4xx_hal.c.obj
                0x08000f04                HAL_IncTick
 .text.HAL_GetTick
                0x08000f1c        0xc CMakeFiles/RoboticArm_V4.elf.dir/Drivers/STM32F4xx_HAL_Driver/Src/stm32f4xx_hal.c.obj
                0x08000f1c                HAL_GetTick
 .text.HAL_Delay
                0x08000f28       0x28 CMakeFiles/RoboticArm_V4.elf.dir/Drivers/STM32F4xx_HAL_Driver/Src/stm32f4xx_hal.c.obj
                0x08000f28                HAL_Delay
 .text.ADC_Init
                0x08000f50      0x134 CMakeFiles/RoboticArm_V4.elf.dir/Drivers/STM32F4xx_HAL_Driver/Src/stm32f4xx_hal_adc.c.obj
 .text.HAL_ADC_Init
                0x08001084       0x56 CMakeFiles/RoboticArm_V4.elf.dir/Drivers/STM32F4xx_HAL_Driver/Src/stm32f4xx_hal_adc.c.obj
                0x08001084                HAL_ADC_Init
 *fill*         0x080010da        0x2 
 .text.HAL_ADC_Start_DMA
                0x080010dc      0x164 CMakeFiles/RoboticArm_V4.elf.dir/Drivers/STM32F4xx_HAL_Driver/Src/stm32f4xx_hal_adc.c.obj
                0x080010dc                HAL_ADC_Start_DMA
 .text.HAL_ADC_ConvHalfCpltCallback
                0x08001240        0x2 CMakeFiles/RoboticArm_V4.elf.dir/Drivers/STM32F4xx_HAL_Driver/Src/stm32f4xx_hal_adc.c.obj
                0x08001240                HAL_ADC_ConvHalfCpltCallback
 .text.ADC_DMAHalfConvCplt
                0x08001242        0xa CMakeFiles/RoboticArm_V4.elf.dir/Drivers/STM32F4xx_HAL_Driver/Src/stm32f4xx_hal_adc.c.obj
 .text.HAL_ADC_LevelOutOfWindowCallback
                0x0800124c        0x2 CMakeFiles/RoboticArm_V4.elf.dir/Drivers/STM32F4xx_HAL_Driver/Src/stm32f4xx_hal_adc.c.obj
                0x0800124c                HAL_ADC_LevelOutOfWindowCallback
 .text.HAL_ADC_ErrorCallback
                0x0800124e        0x2 CMakeFiles/RoboticArm_V4.elf.dir/Drivers/STM32F4xx_HAL_Driver/Src/stm32f4xx_hal_adc.c.obj
                0x0800124e                HAL_ADC_ErrorCallback
 .text.HAL_ADC_IRQHandler
                0x08001250      0x142 CMakeFiles/RoboticArm_V4.elf.dir/Drivers/STM32F4xx_HAL_Driver/Src/stm32f4xx_hal_adc.c.obj
                0x08001250                HAL_ADC_IRQHandler
 .text.ADC_DMAError
                0x08001392       0x16 CMakeFiles/RoboticArm_V4.elf.dir/Drivers/STM32F4xx_HAL_Driver/Src/stm32f4xx_hal_adc.c.obj
 .text.ADC_DMAConvCplt
                0x080013a8       0x72 CMakeFiles/RoboticArm_V4.elf.dir/Drivers/STM32F4xx_HAL_Driver/Src/stm32f4xx_hal_adc.c.obj
 *fill*         0x0800141a        0x2 
 .text.HAL_ADC_ConfigChannel
                0x0800141c      0x194 CMakeFiles/RoboticArm_V4.elf.dir/Drivers/STM32F4xx_HAL_Driver/Src/stm32f4xx_hal_adc.c.obj
                0x0800141c                HAL_ADC_ConfigChannel
 .text.HAL_ADCEx_InjectedConvCpltCallback
                0x080015b0        0x2 CMakeFiles/RoboticArm_V4.elf.dir/Drivers/STM32F4xx_HAL_Driver/Src/stm32f4xx_hal_adc_ex.c.obj
                0x080015b0                HAL_ADCEx_InjectedConvCpltCallback
 *fill*         0x080015b2        0x2 
 .text.__NVIC_SetPriority
                0x080015b4       0x28 CMakeFiles/RoboticArm_V4.elf.dir/Drivers/STM32F4xx_HAL_Driver/Src/stm32f4xx_hal_cortex.c.obj
 .text.NVIC_EncodePriority
                0x080015dc       0x3e CMakeFiles/RoboticArm_V4.elf.dir/Drivers/STM32F4xx_HAL_Driver/Src/stm32f4xx_hal_cortex.c.obj
 *fill*         0x0800161a        0x2 
 .text.HAL_NVIC_SetPriorityGrouping
                0x0800161c       0x24 CMakeFiles/RoboticArm_V4.elf.dir/Drivers/STM32F4xx_HAL_Driver/Src/stm32f4xx_hal_cortex.c.obj
                0x0800161c                HAL_NVIC_SetPriorityGrouping
 .text.HAL_NVIC_SetPriority
                0x08001640       0x20 CMakeFiles/RoboticArm_V4.elf.dir/Drivers/STM32F4xx_HAL_Driver/Src/stm32f4xx_hal_cortex.c.obj
                0x08001640                HAL_NVIC_SetPriority
 .text.HAL_NVIC_EnableIRQ
                0x08001660       0x1c CMakeFiles/RoboticArm_V4.elf.dir/Drivers/STM32F4xx_HAL_Driver/Src/stm32f4xx_hal_cortex.c.obj
                0x08001660                HAL_NVIC_EnableIRQ
 .text.HAL_SYSTICK_Config
                0x0800167c       0x28 CMakeFiles/RoboticArm_V4.elf.dir/Drivers/STM32F4xx_HAL_Driver/Src/stm32f4xx_hal_cortex.c.obj
                0x0800167c                HAL_SYSTICK_Config
 .text.DMA_SetConfig
                0x080016a4       0x2c CMakeFiles/RoboticArm_V4.elf.dir/Drivers/STM32F4xx_HAL_Driver/Src/stm32f4xx_hal_dma.c.obj
 .text.DMA_CalcBaseAndBitshift
                0x080016d0       0x40 CMakeFiles/RoboticArm_V4.elf.dir/Drivers/STM32F4xx_HAL_Driver/Src/stm32f4xx_hal_dma.c.obj
 .text.DMA_CheckFifoParam
                0x08001710       0x8e CMakeFiles/RoboticArm_V4.elf.dir/Drivers/STM32F4xx_HAL_Driver/Src/stm32f4xx_hal_dma.c.obj
 *fill*         0x0800179e        0x2 
 .text.HAL_DMA_Init
                0x080017a0       0xcc CMakeFiles/RoboticArm_V4.elf.dir/Drivers/STM32F4xx_HAL_Driver/Src/stm32f4xx_hal_dma.c.obj
                0x080017a0                HAL_DMA_Init
 .text.HAL_DMA_Start_IT
                0x0800186c       0x6a CMakeFiles/RoboticArm_V4.elf.dir/Drivers/STM32F4xx_HAL_Driver/Src/stm32f4xx_hal_dma.c.obj
                0x0800186c                HAL_DMA_Start_IT
 *fill*         0x080018d6        0x2 
 .text.HAL_DMA_IRQHandler
                0x080018d8      0x1dc CMakeFiles/RoboticArm_V4.elf.dir/Drivers/STM32F4xx_HAL_Driver/Src/stm32f4xx_hal_dma.c.obj
                0x080018d8                HAL_DMA_IRQHandler
 .text.HAL_GPIO_Init
                0x08001ab4      0x1d0 CMakeFiles/RoboticArm_V4.elf.dir/Drivers/STM32F4xx_HAL_Driver/Src/stm32f4xx_hal_gpio.c.obj
                0x08001ab4                HAL_GPIO_Init
 .text.HAL_GPIO_WritePin
                0x08001c84        0xc CMakeFiles/RoboticArm_V4.elf.dir/Drivers/STM32F4xx_HAL_Driver/Src/stm32f4xx_hal_gpio.c.obj
                0x08001c84                HAL_GPIO_WritePin
 .text.I2C_IsAcknowledgeFailed
                0x08001c90       0x32 CMakeFiles/RoboticArm_V4.elf.dir/Drivers/STM32F4xx_HAL_Driver/Src/stm32f4xx_hal_i2c.c.obj
 .text.I2C_WaitOnFlagUntilTimeout
                0x08001cc2       0x7c CMakeFiles/RoboticArm_V4.elf.dir/Drivers/STM32F4xx_HAL_Driver/Src/stm32f4xx_hal_i2c.c.obj
 .text.I2C_WaitOnMasterAddressFlagUntilTimeout
                0x08001d3e       0xaa CMakeFiles/RoboticArm_V4.elf.dir/Drivers/STM32F4xx_HAL_Driver/Src/stm32f4xx_hal_i2c.c.obj
 .text.I2C_MasterRequestWrite
                0x08001de8       0xb4 CMakeFiles/RoboticArm_V4.elf.dir/Drivers/STM32F4xx_HAL_Driver/Src/stm32f4xx_hal_i2c.c.obj
 .text.I2C_WaitOnTXEFlagUntilTimeout
                0x08001e9c       0x54 CMakeFiles/RoboticArm_V4.elf.dir/Drivers/STM32F4xx_HAL_Driver/Src/stm32f4xx_hal_i2c.c.obj
 .text.I2C_WaitOnBTFFlagUntilTimeout
                0x08001ef0       0x54 CMakeFiles/RoboticArm_V4.elf.dir/Drivers/STM32F4xx_HAL_Driver/Src/stm32f4xx_hal_i2c.c.obj
 .text.HAL_I2C_Init
                0x08001f44      0x1bc CMakeFiles/RoboticArm_V4.elf.dir/Drivers/STM32F4xx_HAL_Driver/Src/stm32f4xx_hal_i2c.c.obj
                0x08001f44                HAL_I2C_Init
 .text.HAL_I2C_Master_Transmit
                0x08002100      0x178 CMakeFiles/RoboticArm_V4.elf.dir/Drivers/STM32F4xx_HAL_Driver/Src/stm32f4xx_hal_i2c.c.obj
                0x08002100                HAL_I2C_Master_Transmit
 .text.HAL_RCC_OscConfig
                0x08002278      0x3f8 CMakeFiles/RoboticArm_V4.elf.dir/Drivers/STM32F4xx_HAL_Driver/Src/stm32f4xx_hal_rcc.c.obj
                0x08002278                HAL_RCC_OscConfig
 .text.HAL_RCC_GetSysClockFreq
                0x08002670       0xa8 CMakeFiles/RoboticArm_V4.elf.dir/Drivers/STM32F4xx_HAL_Driver/Src/stm32f4xx_hal_rcc.c.obj
                0x08002670                HAL_RCC_GetSysClockFreq
 .text.HAL_RCC_ClockConfig
                0x08002718      0x160 CMakeFiles/RoboticArm_V4.elf.dir/Drivers/STM32F4xx_HAL_Driver/Src/stm32f4xx_hal_rcc.c.obj
                0x08002718                HAL_RCC_ClockConfig
 .text.HAL_RCC_GetHCLKFreq
                0x08002878        0xc CMakeFiles/RoboticArm_V4.elf.dir/Drivers/STM32F4xx_HAL_Driver/Src/stm32f4xx_hal_rcc.c.obj
                0x08002878                HAL_RCC_GetHCLKFreq
 .text.HAL_RCC_GetPCLK1Freq
                0x08002884       0x20 CMakeFiles/RoboticArm_V4.elf.dir/Drivers/STM32F4xx_HAL_Driver/Src/stm32f4xx_hal_rcc.c.obj
                0x08002884                HAL_RCC_GetPCLK1Freq
 .text.TIM_OC1_SetConfig
                0x080028a4       0x54 CMakeFiles/RoboticArm_V4.elf.dir/Drivers/STM32F4xx_HAL_Driver/Src/stm32f4xx_hal_tim.c.obj
 .text.TIM_OC3_SetConfig
                0x080028f8       0x5c CMakeFiles/RoboticArm_V4.elf.dir/Drivers/STM32F4xx_HAL_Driver/Src/stm32f4xx_hal_tim.c.obj
 .text.TIM_OC4_SetConfig
                0x08002954       0x48 CMakeFiles/RoboticArm_V4.elf.dir/Drivers/STM32F4xx_HAL_Driver/Src/stm32f4xx_hal_tim.c.obj
 .text.TIM_TI1_ConfigInputStage
                0x0800299c       0x24 CMakeFiles/RoboticArm_V4.elf.dir/Drivers/STM32F4xx_HAL_Driver/Src/stm32f4xx_hal_tim.c.obj
 .text.TIM_TI2_ConfigInputStage
                0x080029c0       0x26 CMakeFiles/RoboticArm_V4.elf.dir/Drivers/STM32F4xx_HAL_Driver/Src/stm32f4xx_hal_tim.c.obj
 .text.TIM_ITRx_SetConfig
                0x080029e6       0x10 CMakeFiles/RoboticArm_V4.elf.dir/Drivers/STM32F4xx_HAL_Driver/Src/stm32f4xx_hal_tim.c.obj
 *fill*         0x080029f6        0x2 
 .text.HAL_TIM_Base_Start
                0x080029f8       0x6c CMakeFiles/RoboticArm_V4.elf.dir/Drivers/STM32F4xx_HAL_Driver/Src/stm32f4xx_hal_tim.c.obj
                0x080029f8                HAL_TIM_Base_Start
 .text.HAL_TIM_Base_Stop
                0x08002a64       0x28 CMakeFiles/RoboticArm_V4.elf.dir/Drivers/STM32F4xx_HAL_Driver/Src/stm32f4xx_hal_tim.c.obj
                0x08002a64                HAL_TIM_Base_Stop
 .text.HAL_TIM_PWM_MspInit
                0x08002a8c        0x2 CMakeFiles/RoboticArm_V4.elf.dir/Drivers/STM32F4xx_HAL_Driver/Src/stm32f4xx_hal_tim.c.obj
                0x08002a8c                HAL_TIM_PWM_MspInit
 *fill*         0x08002a8e        0x2 
 .text.TIM_Base_SetConfig
                0x08002a90       0x9c CMakeFiles/RoboticArm_V4.elf.dir/Drivers/STM32F4xx_HAL_Driver/Src/stm32f4xx_hal_tim.c.obj
                0x08002a90                TIM_Base_SetConfig
 .text.HAL_TIM_Base_Init
                0x08002b2c       0x58 CMakeFiles/RoboticArm_V4.elf.dir/Drivers/STM32F4xx_HAL_Driver/Src/stm32f4xx_hal_tim.c.obj
                0x08002b2c                HAL_TIM_Base_Init
 .text.HAL_TIM_PWM_Init
                0x08002b84       0x58 CMakeFiles/RoboticArm_V4.elf.dir/Drivers/STM32F4xx_HAL_Driver/Src/stm32f4xx_hal_tim.c.obj
                0x08002b84                HAL_TIM_PWM_Init
 .text.TIM_OC2_SetConfig
                0x08002bdc       0x5c CMakeFiles/RoboticArm_V4.elf.dir/Drivers/STM32F4xx_HAL_Driver/Src/stm32f4xx_hal_tim.c.obj
                0x08002bdc                TIM_OC2_SetConfig
 .text.HAL_TIM_PWM_ConfigChannel
                0x08002c38       0xdc CMakeFiles/RoboticArm_V4.elf.dir/Drivers/STM32F4xx_HAL_Driver/Src/stm32f4xx_hal_tim.c.obj
                0x08002c38                HAL_TIM_PWM_ConfigChannel
 .text.TIM_ETR_SetConfig
                0x08002d14       0x18 CMakeFiles/RoboticArm_V4.elf.dir/Drivers/STM32F4xx_HAL_Driver/Src/stm32f4xx_hal_tim.c.obj
                0x08002d14                TIM_ETR_SetConfig
 .text.HAL_TIM_ConfigClockSource
                0x08002d2c       0xfe CMakeFiles/RoboticArm_V4.elf.dir/Drivers/STM32F4xx_HAL_Driver/Src/stm32f4xx_hal_tim.c.obj
                0x08002d2c                HAL_TIM_ConfigClockSource
 .text.TIM_CCxChannelCmd
                0x08002e2a       0x1e CMakeFiles/RoboticArm_V4.elf.dir/Drivers/STM32F4xx_HAL_Driver/Src/stm32f4xx_hal_tim.c.obj
                0x08002e2a                TIM_CCxChannelCmd
 .text.HAL_TIM_PWM_Start
                0x08002e48       0xf0 CMakeFiles/RoboticArm_V4.elf.dir/Drivers/STM32F4xx_HAL_Driver/Src/stm32f4xx_hal_tim.c.obj
                0x08002e48                HAL_TIM_PWM_Start
 .text.HAL_TIM_PWM_Stop
                0x08002f38       0x84 CMakeFiles/RoboticArm_V4.elf.dir/Drivers/STM32F4xx_HAL_Driver/Src/stm32f4xx_hal_tim.c.obj
                0x08002f38                HAL_TIM_PWM_Stop
 .text.HAL_TIMEx_MasterConfigSynchronization
                0x08002fbc       0x7c CMakeFiles/RoboticArm_V4.elf.dir/Drivers/STM32F4xx_HAL_Driver/Src/stm32f4xx_hal_tim_ex.c.obj
                0x08002fbc                HAL_TIMEx_MasterConfigSynchronization
 .text.setBeeper
                0x08003038       0x90 CMakeFiles/RoboticArm_V4.elf.dir/Src/beeper.c.obj
                0x08003038                setBeeper
 .text.beeperInit
                0x080030c8       0x24 CMakeFiles/RoboticArm_V4.elf.dir/Src/beeper.c.obj
                0x080030c8                beeperInit
 .text.beeperBeepBlocking
                0x080030ec       0x50 CMakeFiles/RoboticArm_V4.elf.dir/Src/beeper.c.obj
                0x080030ec                beeperBeepBlocking
 .text.beeperSchedulerTick
                0x0800313c       0xa0 CMakeFiles/RoboticArm_V4.elf.dir/Src/beeper.c.obj
                0x0800313c                beeperSchedulerTick
 .text.beeperBeep
                0x080031dc       0x40 CMakeFiles/RoboticArm_V4.elf.dir/Src/beeper.c.obj
                0x080031dc                beeperBeep
 .text.alarmFun
                0x0800321c        0x2 CMakeFiles/RoboticArm_V4.elf.dir/Src/main.c.obj
                0x0800321c                alarmFun
 *fill*         0x0800321e        0x2 
 .text.calibrateFeatureRun
                0x08003220       0xf0 CMakeFiles/RoboticArm_V4.elf.dir/Src/main.c.obj
                0x08003220                calibrateFeatureRun
 .text.free_motors_feature
                0x08003310       0xc0 CMakeFiles/RoboticArm_V4.elf.dir/Src/main.c.obj
                0x08003310                free_motors_feature
 .text.drawCircleSettings
                0x080033d0      0x1a8 CMakeFiles/RoboticArm_V4.elf.dir/Src/main.c.obj
                0x080033d0                drawCircleSettings
 .text.music_feature_nyan_cat_run
                0x08003578      0x17c CMakeFiles/RoboticArm_V4.elf.dir/Src/main.c.obj
                0x08003578                music_feature_nyan_cat_run
 *fill*         0x080036f4        0x4 
 .text.music_feature_nyan_cat_settings
                0x080036f8      0x1c8 CMakeFiles/RoboticArm_V4.elf.dir/Src/main.c.obj
                0x080036f8                music_feature_nyan_cat_settings
 .text.music_feature_rick_roll_run
                0x080038c0      0x17c CMakeFiles/RoboticArm_V4.elf.dir/Src/main.c.obj
                0x080038c0                music_feature_rick_roll_run
 *fill*         0x08003a3c        0x4 
 .text.music_feature_rick_roll_settings
                0x08003a40      0x1c8 CMakeFiles/RoboticArm_V4.elf.dir/Src/main.c.obj
                0x08003a40                music_feature_rick_roll_settings
 .text.MX_GPIO_Init
                0x08003c08       0xe0 CMakeFiles/RoboticArm_V4.elf.dir/Src/main.c.obj
 .text.MX_DMA_Init
                0x08003ce8       0x34 CMakeFiles/RoboticArm_V4.elf.dir/Src/main.c.obj
 .text.tickClock
                0x08003d1c       0x28 CMakeFiles/RoboticArm_V4.elf.dir/Src/main.c.obj
                0x08003d1c                tickClock
 .text.__LCD_Transmit
                0x08003d44       0x30 CMakeFiles/RoboticArm_V4.elf.dir/Src/main.c.obj
                0x08003d44                __LCD_Transmit
 .text.__LCD_WriteNibble
                0x08003d74       0x1e CMakeFiles/RoboticArm_V4.elf.dir/Src/main.c.obj
                0x08003d74                __LCD_WriteNibble
 *fill*         0x08003d92        0x2 
 .text.__LCD_WriteNibbleBlocking
                0x08003d94       0x68 CMakeFiles/RoboticArm_V4.elf.dir/Src/main.c.obj
                0x08003d94                __LCD_WriteNibbleBlocking
 .text.__LCD_SendCmd
                0x08003dfc       0x18 CMakeFiles/RoboticArm_V4.elf.dir/Src/main.c.obj
                0x08003dfc                __LCD_SendCmd
 .text.__LCD_SendCmdBlocking
                0x08003e14       0x2a CMakeFiles/RoboticArm_V4.elf.dir/Src/main.c.obj
                0x08003e14                __LCD_SendCmdBlocking
 .text.__LCD_SendData
                0x08003e3e       0x18 CMakeFiles/RoboticArm_V4.elf.dir/Src/main.c.obj
                0x08003e3e                __LCD_SendData
 .text.LCD_Init
                0x08003e56       0x5a CMakeFiles/RoboticArm_V4.elf.dir/Src/main.c.obj
                0x08003e56                LCD_Init
 .text.LCD_TickQueue
                0x08003eb0       0x70 CMakeFiles/RoboticArm_V4.elf.dir/Src/main.c.obj
                0x08003eb0                LCD_TickQueue
 .text.LCD_Clear
                0x08003f20        0xa CMakeFiles/RoboticArm_V4.elf.dir/Src/main.c.obj
                0x08003f20                LCD_Clear
 .text.LCD_Print
                0x08003f2a       0x14 CMakeFiles/RoboticArm_V4.elf.dir/Src/main.c.obj
                0x08003f2a                LCD_Print
 .text.LCD_SetCursor
                0x08003f3e       0x1a CMakeFiles/RoboticArm_V4.elf.dir/Src/main.c.obj
                0x08003f3e                LCD_SetCursor
 .text.tick_ext_power_supply
                0x08003f58      0x1dc CMakeFiles/RoboticArm_V4.elf.dir/Src/main.c.obj
                0x08003f58                tick_ext_power_supply
 .text.angleAbstractionInit
                0x08004134       0x90 CMakeFiles/RoboticArm_V4.elf.dir/Src/main.c.obj
                0x08004134                angleAbstractionInit
 .text.angleSet
                0x080041c4       0x2c CMakeFiles/RoboticArm_V4.elf.dir/Src/main.c.obj
                0x080041c4                angleSet
 .text.angleSysTick
                0x080041f0      0x1e4 CMakeFiles/RoboticArm_V4.elf.dir/Src/main.c.obj
                0x080041f0                angleSysTick
 *fill*         0x080043d4        0x4 
 .text.setPosition
                0x080043d8      0x1b0 CMakeFiles/RoboticArm_V4.elf.dir/Src/main.c.obj
                0x080043d8                setPosition
 .text.drawCircleFeature
                0x08004588      0x14c CMakeFiles/RoboticArm_V4.elf.dir/Src/main.c.obj
                0x08004588                drawCircleFeature
 .text.v5menuWelcomeScreen
                0x080046d4       0x2c CMakeFiles/RoboticArm_V4.elf.dir/Src/main.c.obj
                0x080046d4                v5menuWelcomeScreen
 .text.addMenuOption
                0x08004700       0x2c CMakeFiles/RoboticArm_V4.elf.dir/Src/main.c.obj
                0x08004700                addMenuOption
 .text.medication_subfeat_set_point_start
                0x0800472c       0x34 CMakeFiles/RoboticArm_V4.elf.dir/Src/main.c.obj
                0x0800472c                medication_subfeat_set_point_start
 .text.medication_subfeat_set_point_fun
                0x08004760      0x3c0 CMakeFiles/RoboticArm_V4.elf.dir/Src/main.c.obj
                0x08004760                medication_subfeat_set_point_fun
 .text.medication_run_start
                0x08004b20       0x40 CMakeFiles/RoboticArm_V4.elf.dir/Src/main.c.obj
                0x08004b20                medication_run_start
 .text.medication_run_tick
                0x08004b60        0x8 CMakeFiles/RoboticArm_V4.elf.dir/Src/main.c.obj
                0x08004b60                medication_run_tick
 .text.medication_run_end
                0x08004b68       0x14 CMakeFiles/RoboticArm_V4.elf.dir/Src/main.c.obj
                0x08004b68                medication_run_end
 *fill*         0x08004b7c        0x4 
 .text.medication_feature_run
                0x08004b80      0x1a4 CMakeFiles/RoboticArm_V4.elf.dir/Src/main.c.obj
                0x08004b80                medication_feature_run
 .text.initMenu
                0x08004d24       0xa0 CMakeFiles/RoboticArm_V4.elf.dir/Src/main.c.obj
                0x08004d24                initMenu
 .text.joystickBtnDown
                0x08004dc4       0x2c CMakeFiles/RoboticArm_V4.elf.dir/Src/main.c.obj
                0x08004dc4                joystickBtnDown
 .text.joystickYChange
                0x08004df0       0x4c CMakeFiles/RoboticArm_V4.elf.dir/Src/main.c.obj
                0x08004df0                joystickYChange
 .text.joystickXChange
                0x08004e3c       0xb0 CMakeFiles/RoboticArm_V4.elf.dir/Src/main.c.obj
                0x08004e3c                joystickXChange
 *fill*         0x08004eec        0x4 
 .text.renderMenu
                0x08004ef0      0x388 CMakeFiles/RoboticArm_V4.elf.dir/Src/main.c.obj
                0x08004ef0                renderMenu
 .text.v5menuTick
                0x08005278       0x88 CMakeFiles/RoboticArm_V4.elf.dir/Src/main.c.obj
                0x08005278                v5menuTick
 .text.onSetup  0x08005300       0x3c CMakeFiles/RoboticArm_V4.elf.dir/Src/main.c.obj
                0x08005300                onSetup
 .text.onUpdate
                0x0800533c       0x68 CMakeFiles/RoboticArm_V4.elf.dir/Src/main.c.obj
                0x0800533c                onUpdate
 .text.HAL_ADC_ConvCpltCallback
                0x080053a4        0xc CMakeFiles/RoboticArm_V4.elf.dir/Src/main.c.obj
                0x080053a4                HAL_ADC_ConvCpltCallback
 .text.Error_Handler
                0x080053b0        0x4 CMakeFiles/RoboticArm_V4.elf.dir/Src/main.c.obj
                0x080053b0                Error_Handler
 .text.MX_TIM1_Init
                0x080053b4       0x6c CMakeFiles/RoboticArm_V4.elf.dir/Src/main.c.obj
 .text.MX_I2C1_Init
                0x08005420       0x38 CMakeFiles/RoboticArm_V4.elf.dir/Src/main.c.obj
 .text.MX_ADC1_Init
                0x08005458       0xb4 CMakeFiles/RoboticArm_V4.elf.dir/Src/main.c.obj
 .text.MX_TIM3_Init
                0x0800550c       0xac CMakeFiles/RoboticArm_V4.elf.dir/Src/main.c.obj
 .text.MX_TIM2_Init
                0x080055b8       0x68 CMakeFiles/RoboticArm_V4.elf.dir/Src/main.c.obj
 .text.SystemClock_Config
                0x08005620       0xa4 CMakeFiles/RoboticArm_V4.elf.dir/Src/main.c.obj
                0x08005620                SystemClock_Config
 *fill*         0x080056c4        0x4 
 .text.main     0x080056c8      0x300 CMakeFiles/RoboticArm_V4.elf.dir/Src/main.c.obj
                0x080056c8                main
 .text.setGripperStepper
                0x080059c8       0x5c CMakeFiles/RoboticArm_V4.elf.dir/Src/stepper.c.obj
                0x080059c8                setGripperStepper
 .text.stepGripper
                0x08005a24       0x64 CMakeFiles/RoboticArm_V4.elf.dir/Src/stepper.c.obj
                0x08005a24                stepGripper
 .text.nemaCreate
                0x08005a88       0x3c CMakeFiles/RoboticArm_V4.elf.dir/Src/stepper.c.obj
                0x08005a88                nemaCreate
 .text.nemaSetTarget
                0x08005ac4       0x20 CMakeFiles/RoboticArm_V4.elf.dir/Src/stepper.c.obj
                0x08005ac4                nemaSetTarget
 .text.nemaTickMotors
                0x08005ae4       0xfc CMakeFiles/RoboticArm_V4.elf.dir/Src/stepper.c.obj
                0x08005ae4                nemaTickMotors
 .text.gripperOpen
                0x08005be0       0x24 CMakeFiles/RoboticArm_V4.elf.dir/Src/stepper.c.obj
                0x08005be0                gripperOpen
 .text.gripperClose
                0x08005c04       0x24 CMakeFiles/RoboticArm_V4.elf.dir/Src/stepper.c.obj
                0x08005c04                gripperClose
 .text.gripperHoming
                0x08005c28       0x58 CMakeFiles/RoboticArm_V4.elf.dir/Src/stepper.c.obj
                0x08005c28                gripperHoming
 .text.gripperTickMotor
                0x08005c80       0x50 CMakeFiles/RoboticArm_V4.elf.dir/Src/stepper.c.obj
                0x08005c80                gripperTickMotor
 .text.HAL_MspInit
                0x08005cd0       0x38 CMakeFiles/RoboticArm_V4.elf.dir/Src/stm32f4xx_hal_msp.c.obj
                0x08005cd0                HAL_MspInit
 .text.HAL_ADC_MspInit
                0x08005d08       0xe4 CMakeFiles/RoboticArm_V4.elf.dir/Src/stm32f4xx_hal_msp.c.obj
                0x08005d08                HAL_ADC_MspInit
 .text.HAL_I2C_MspInit
                0x08005dec       0x70 CMakeFiles/RoboticArm_V4.elf.dir/Src/stm32f4xx_hal_msp.c.obj
                0x08005dec                HAL_I2C_MspInit
 .text.HAL_TIM_Base_MspInit
                0x08005e5c       0x74 CMakeFiles/RoboticArm_V4.elf.dir/Src/stm32f4xx_hal_msp.c.obj
                0x08005e5c                HAL_TIM_Base_MspInit
 .text.HAL_TIM_MspPostInit
                0x08005ed0       0x58 CMakeFiles/RoboticArm_V4.elf.dir/Src/stm32f4xx_hal_msp.c.obj
                0x08005ed0                HAL_TIM_MspPostInit
 .text.NMI_Handler
                0x08005f28        0x2 CMakeFiles/RoboticArm_V4.elf.dir/Src/stm32f4xx_it.c.obj
                0x08005f28                NMI_Handler
 .text.HardFault_Handler
                0x08005f2a        0x2 CMakeFiles/RoboticArm_V4.elf.dir/Src/stm32f4xx_it.c.obj
                0x08005f2a                HardFault_Handler
 .text.MemManage_Handler
                0x08005f2c        0x2 CMakeFiles/RoboticArm_V4.elf.dir/Src/stm32f4xx_it.c.obj
                0x08005f2c                MemManage_Handler
 .text.BusFault_Handler
                0x08005f2e        0x2 CMakeFiles/RoboticArm_V4.elf.dir/Src/stm32f4xx_it.c.obj
                0x08005f2e                BusFault_Handler
 .text.UsageFault_Handler
                0x08005f30        0x2 CMakeFiles/RoboticArm_V4.elf.dir/Src/stm32f4xx_it.c.obj
                0x08005f30                UsageFault_Handler
 .text.SVC_Handler
                0x08005f32        0x2 CMakeFiles/RoboticArm_V4.elf.dir/Src/stm32f4xx_it.c.obj
                0x08005f32                SVC_Handler
 .text.DebugMon_Handler
                0x08005f34        0x2 CMakeFiles/RoboticArm_V4.elf.dir/Src/stm32f4xx_it.c.obj
                0x08005f34                DebugMon_Handler
 .text.PendSV_Handler
                0x08005f36        0x2 CMakeFiles/RoboticArm_V4.elf.dir/Src/stm32f4xx_it.c.obj
                0x08005f36                PendSV_Handler
 .text.SysTick_Handler
                0x08005f38        0x8 CMakeFiles/RoboticArm_V4.elf.dir/Src/stm32f4xx_it.c.obj
                0x08005f38                SysTick_Handler
 .text.ADC_IRQHandler
                0x08005f40       0x10 CMakeFiles/RoboticArm_V4.elf.dir/Src/stm32f4xx_it.c.obj
                0x08005f40                ADC_IRQHandler
 .text.DMA2_Stream0_IRQHandler
                0x08005f50       0x10 CMakeFiles/RoboticArm_V4.elf.dir/Src/stm32f4xx_it.c.obj
                0x08005f50                DMA2_Stream0_IRQHandler
 .text._getpid  0x08005f60        0x4 CMakeFiles/RoboticArm_V4.elf.dir/Src/syscalls.c.obj
                0x08005f60                _getpid
 .text._kill    0x08005f64       0x10 CMakeFiles/RoboticArm_V4.elf.dir/Src/syscalls.c.obj
                0x08005f64                _kill
 .text._exit    0x08005f74        0xc CMakeFiles/RoboticArm_V4.elf.dir/Src/syscalls.c.obj
                0x08005f74                _exit
 .text._read    0x08005f80       0x20 CMakeFiles/RoboticArm_V4.elf.dir/Src/syscalls.c.obj
                0x08005f80                _read
 .text._write   0x08005fa0       0x1c CMakeFiles/RoboticArm_V4.elf.dir/Src/syscalls.c.obj
                0x08005fa0                _write
 .text._close   0x08005fbc        0x6 CMakeFiles/RoboticArm_V4.elf.dir/Src/syscalls.c.obj
                0x08005fbc                _close
 .text._fstat   0x08005fc2        0xa CMakeFiles/RoboticArm_V4.elf.dir/Src/syscalls.c.obj
                0x08005fc2                _fstat
 .text._isatty  0x08005fcc        0x4 CMakeFiles/RoboticArm_V4.elf.dir/Src/syscalls.c.obj
                0x08005fcc                _isatty
 .text._lseek   0x08005fd0        0x4 CMakeFiles/RoboticArm_V4.elf.dir/Src/syscalls.c.obj
                0x08005fd0                _lseek
 .text._sbrk    0x08005fd4       0x48 CMakeFiles/RoboticArm_V4.elf.dir/Src/sysmem.c.obj
                0x08005fd4                _sbrk
 .text.SystemInit
                0x0800601c        0x2 CMakeFiles/RoboticArm_V4.elf.dir/Src/system_stm32f4xx.c.obj
                0x0800601c                SystemInit
 *fill*         0x0800601e        0x2 
 .text.Reset_Handler
                0x08006020       0x50 CMakeFiles/RoboticArm_V4.elf.dir/Startup/startup_stm32f401retx.s.obj
                0x08006020                Reset_Handler
 .text.Default_Handler
                0x08006070        0x2 CMakeFiles/RoboticArm_V4.elf.dir/Startup/startup_stm32f401retx.s.obj
                0x08006070                DMA1_Stream3_IRQHandler
                0x08006070                EXTI2_IRQHandler
                0x08006070                SPI4_IRQHandler
                0x08006070                TIM1_CC_IRQHandler
                0x08006070                DMA2_Stream5_IRQHandler
                0x08006070                DMA1_Stream5_IRQHandler
                0x08006070                PVD_IRQHandler
                0x08006070                SDIO_IRQHandler
                0x08006070                TAMP_STAMP_IRQHandler
                0x08006070                EXTI3_IRQHandler
                0x08006070                TIM1_UP_TIM10_IRQHandler
                0x08006070                I2C3_ER_IRQHandler
                0x08006070                EXTI0_IRQHandler
                0x08006070                I2C2_EV_IRQHandler
                0x08006070                DMA1_Stream2_IRQHandler
                0x08006070                FPU_IRQHandler
                0x08006070                DMA2_Stream2_IRQHandler
                0x08006070                SPI1_IRQHandler
                0x08006070                TIM1_BRK_TIM9_IRQHandler
                0x08006070                DMA2_Stream3_IRQHandler
                0x08006070                USART6_IRQHandler
                0x08006070                TIM4_IRQHandler
                0x08006070                I2C1_EV_IRQHandler
                0x08006070                DMA1_Stream6_IRQHandler
                0x08006070                DMA1_Stream1_IRQHandler
                0x08006070                TIM3_IRQHandler
                0x08006070                RCC_IRQHandler
                0x08006070                Default_Handler
                0x08006070                EXTI15_10_IRQHandler
                0x08006070                DMA1_Stream7_IRQHandler
                0x08006070                TIM5_IRQHandler
                0x08006070                DMA2_Stream7_IRQHandler
                0x08006070                I2C3_EV_IRQHandler
                0x08006070                EXTI9_5_IRQHandler
                0x08006070                RTC_WKUP_IRQHandler
                0x08006070                SPI2_IRQHandler
                0x08006070                DMA1_Stream0_IRQHandler
                0x08006070                EXTI4_IRQHandler
                0x08006070                WWDG_IRQHandler
                0x08006070                TIM2_IRQHandler
                0x08006070                OTG_FS_WKUP_IRQHandler
                0x08006070                TIM1_TRG_COM_TIM11_IRQHandler
                0x08006070                EXTI1_IRQHandler
                0x08006070                USART2_IRQHandler
                0x08006070                I2C2_ER_IRQHandler
                0x08006070                DMA2_Stream1_IRQHandler
                0x08006070                FLASH_IRQHandler
                0x08006070                DMA2_Stream4_IRQHandler
                0x08006070                USART1_IRQHandler
                0x08006070                OTG_FS_IRQHandler
                0x08006070                SPI3_IRQHandler
                0x08006070                DMA1_Stream4_IRQHandler
                0x08006070                I2C1_ER_IRQHandler
                0x08006070                DMA2_Stream6_IRQHandler
                0x08006070                RTC_Alarm_IRQHandler
 *fill*         0x08006072        0x2 
 .text.__udivmoddi4
                0x08006074      0x2bc /Applications/ArmGNUToolchain/12.3.rel1/arm-none-eabi/bin/../lib/gcc/arm-none-eabi/12.3.1/thumb/v7e-m/nofp/libgcc.a(_udivmoddi4.o)
                0x08006074                __udivmoddi4
 .text.sprintf  0x08006330       0x40 /Applications/ArmGNUToolchain/12.3.rel1/arm-none-eabi/bin/../lib/gcc/arm-none-eabi/12.3.1/../../../../arm-none-eabi/lib/thumb/v7e-m/nofp/libg.a(libc_a-sprintf.o)
                0x08006330                sprintf
 .text.stdio_exit_handler
                0x08006370       0x18 /Applications/ArmGNUToolchain/12.3.rel1/arm-none-eabi/bin/../lib/gcc/arm-none-eabi/12.3.1/../../../../arm-none-eabi/lib/thumb/v7e-m/nofp/libg.a(libc_a-findfp.o)
 .text.cleanup_stdio
                0x08006388       0x40 /Applications/ArmGNUToolchain/12.3.rel1/arm-none-eabi/bin/../lib/gcc/arm-none-eabi/12.3.1/../../../../arm-none-eabi/lib/thumb/v7e-m/nofp/libg.a(libc_a-findfp.o)
 .text.global_stdio_init.part.0
                0x080063c8       0xf0 /Applications/ArmGNUToolchain/12.3.rel1/arm-none-eabi/bin/../lib/gcc/arm-none-eabi/12.3.1/../../../../arm-none-eabi/lib/thumb/v7e-m/nofp/libg.a(libc_a-findfp.o)
 .text.__sinit  0x080064b8       0x3c /Applications/ArmGNUToolchain/12.3.rel1/arm-none-eabi/bin/../lib/gcc/arm-none-eabi/12.3.1/../../../../arm-none-eabi/lib/thumb/v7e-m/nofp/libg.a(libc_a-findfp.o)
                0x080064b8                __sinit
 .text.__sfp_lock_acquire
                0x080064f4        0xc /Applications/ArmGNUToolchain/12.3.rel1/arm-none-eabi/bin/../lib/gcc/arm-none-eabi/12.3.1/../../../../arm-none-eabi/lib/thumb/v7e-m/nofp/libg.a(libc_a-findfp.o)
                0x080064f4                __sfp_lock_acquire
 .text.__sfp_lock_release
                0x08006500        0xc /Applications/ArmGNUToolchain/12.3.rel1/arm-none-eabi/bin/../lib/gcc/arm-none-eabi/12.3.1/../../../../arm-none-eabi/lib/thumb/v7e-m/nofp/libg.a(libc_a-findfp.o)
                0x08006500                __sfp_lock_release
 .text._fwalk_sglue
                0x0800650c       0x48 /Applications/ArmGNUToolchain/12.3.rel1/arm-none-eabi/bin/../lib/gcc/arm-none-eabi/12.3.1/../../../../arm-none-eabi/lib/thumb/v7e-m/nofp/libg.a(libc_a-fwalk.o)
                0x0800650c                _fwalk_sglue
 .text.memset   0x08006554       0xa4 /Applications/ArmGNUToolchain/12.3.rel1/arm-none-eabi/bin/../lib/gcc/arm-none-eabi/12.3.1/../../../../arm-none-eabi/lib/thumb/v7e-m/nofp/libg.a(libc_a-memset.o)
                0x08006554                memset
 .text.__errno  0x080065f8        0xc /Applications/ArmGNUToolchain/12.3.rel1/arm-none-eabi/bin/../lib/gcc/arm-none-eabi/12.3.1/../../../../arm-none-eabi/lib/thumb/v7e-m/nofp/libg.a(libc_a-errno.o)
                0x080065f8                __errno
 .text.strcpy   0x08006604       0xbc /Applications/ArmGNUToolchain/12.3.rel1/arm-none-eabi/bin/../lib/gcc/arm-none-eabi/12.3.1/../../../../arm-none-eabi/lib/thumb/v7e-m/nofp/libg.a(libc_a-strcpy.o)
                0x08006604                strcpy
 .text.__libc_init_array
                0x080066c0       0x50 /Applications/ArmGNUToolchain/12.3.rel1/arm-none-eabi/bin/../lib/gcc/arm-none-eabi/12.3.1/../../../../arm-none-eabi/lib/thumb/v7e-m/nofp/libg.a(libc_a-init.o)
                0x080066c0                __libc_init_array
 .text.__retarget_lock_init_recursive
                0x08006710        0x4 /Applications/ArmGNUToolchain/12.3.rel1/arm-none-eabi/bin/../lib/gcc/arm-none-eabi/12.3.1/../../../../arm-none-eabi/lib/thumb/v7e-m/nofp/libg.a(libc_a-lock.o)
                0x08006710                __retarget_lock_init_recursive
 .text.__retarget_lock_close_recursive
                0x08006714        0x4 /Applications/ArmGNUToolchain/12.3.rel1/arm-none-eabi/bin/../lib/gcc/arm-none-eabi/12.3.1/../../../../arm-none-eabi/lib/thumb/v7e-m/nofp/libg.a(libc_a-lock.o)
                0x08006714                __retarget_lock_close_recursive
 .text.__retarget_lock_acquire_recursive
                0x08006718        0x4 /Applications/ArmGNUToolchain/12.3.rel1/arm-none-eabi/bin/../lib/gcc/arm-none-eabi/12.3.1/../../../../arm-none-eabi/lib/thumb/v7e-m/nofp/libg.a(libc_a-lock.o)
                0x08006718                __retarget_lock_acquire_recursive
 .text.__retarget_lock_release_recursive
                0x0800671c        0x4 /Applications/ArmGNUToolchain/12.3.rel1/arm-none-eabi/bin/../lib/gcc/arm-none-eabi/12.3.1/../../../../arm-none-eabi/lib/thumb/v7e-m/nofp/libg.a(libc_a-lock.o)
                0x0800671c                __retarget_lock_release_recursive
 .text.startup.register_fini
                0x08006720       0x14 /Applications/ArmGNUToolchain/12.3.rel1/arm-none-eabi/bin/../lib/gcc/arm-none-eabi/12.3.1/../../../../arm-none-eabi/lib/thumb/v7e-m/nofp/libg.a(libc_a-__call_atexit.o)
 .text.atexit   0x08006734        0xc /Applications/ArmGNUToolchain/12.3.rel1/arm-none-eabi/bin/../lib/gcc/arm-none-eabi/12.3.1/../../../../arm-none-eabi/lib/thumb/v7e-m/nofp/libg.a(libc_a-atexit.o)
                0x08006734                atexit
 .text._malloc_r
                0x08006740      0x574 /Applications/ArmGNUToolchain/12.3.rel1/arm-none-eabi/bin/../lib/gcc/arm-none-eabi/12.3.1/../../../../arm-none-eabi/lib/thumb/v7e-m/nofp/libg.a(libc_a-mallocr.o)
                0x08006740                _malloc_r
 .text._svfprintf_r
                0x08006cb4     0x1b98 /Applications/ArmGNUToolchain/12.3.rel1/arm-none-eabi/bin/../lib/gcc/arm-none-eabi/12.3.1/../../../../arm-none-eabi/lib/thumb/v7e-m/nofp/libg.a(libc_a-svfprintf.o)
                0x08006cb4                _svfprintf_r
 .text.__malloc_lock
                0x0800884c        0xc /Applications/ArmGNUToolchain/12.3.rel1/arm-none-eabi/bin/../lib/gcc/arm-none-eabi/12.3.1/../../../../arm-none-eabi/lib/thumb/v7e-m/nofp/libg.a(libc_a-mlock.o)
                0x0800884c                __malloc_lock
 .text.__malloc_unlock
                0x08008858        0xc /Applications/ArmGNUToolchain/12.3.rel1/arm-none-eabi/bin/../lib/gcc/arm-none-eabi/12.3.1/../../../../arm-none-eabi/lib/thumb/v7e-m/nofp/libg.a(libc_a-mlock.o)
                0x08008858                __malloc_unlock
 .text._fclose_r
                0x08008864       0xc0 /Applications/ArmGNUToolchain/12.3.rel1/arm-none-eabi/bin/../lib/gcc/arm-none-eabi/12.3.1/../../../../arm-none-eabi/lib/thumb/v7e-m/nofp/libg.a(libc_a-fclose.o)
                0x08008864                _fclose_r
 .text.__sflush_r
                0x08008924      0x128 /Applications/ArmGNUToolchain/12.3.rel1/arm-none-eabi/bin/../lib/gcc/arm-none-eabi/12.3.1/../../../../arm-none-eabi/lib/thumb/v7e-m/nofp/libg.a(libc_a-fflush.o)
                0x08008924                __sflush_r
 .text._fflush_r
                0x08008a4c       0x54 /Applications/ArmGNUToolchain/12.3.rel1/arm-none-eabi/bin/../lib/gcc/arm-none-eabi/12.3.1/../../../../arm-none-eabi/lib/thumb/v7e-m/nofp/libg.a(libc_a-fflush.o)
                0x08008a4c                _fflush_r
 .text.__sread  0x08008aa0       0x24 /Applications/ArmGNUToolchain/12.3.rel1/arm-none-eabi/bin/../lib/gcc/arm-none-eabi/12.3.1/../../../../arm-none-eabi/lib/thumb/v7e-m/nofp/libg.a(libc_a-stdio.o)
                0x08008aa0                __sread
 .text.__swrite
                0x08008ac4       0x40 /Applications/ArmGNUToolchain/12.3.rel1/arm-none-eabi/bin/../lib/gcc/arm-none-eabi/12.3.1/../../../../arm-none-eabi/lib/thumb/v7e-m/nofp/libg.a(libc_a-stdio.o)
                0x08008ac4                __swrite
 .text.__sseek  0x08008b04       0x24 /Applications/ArmGNUToolchain/12.3.rel1/arm-none-eabi/bin/../lib/gcc/arm-none-eabi/12.3.1/../../../../arm-none-eabi/lib/thumb/v7e-m/nofp/libg.a(libc_a-stdio.o)
                0x08008b04                __sseek
 .text.__sclose
                0x08008b28        0x8 /Applications/ArmGNUToolchain/12.3.rel1/arm-none-eabi/bin/../lib/gcc/arm-none-eabi/12.3.1/../../../../arm-none-eabi/lib/thumb/v7e-m/nofp/libg.a(libc_a-stdio.o)
                0x08008b28                __sclose
 .text.strncpy  0x08008b30       0x68 /Applications/ArmGNUToolchain/12.3.rel1/arm-none-eabi/bin/../lib/gcc/arm-none-eabi/12.3.1/../../../../arm-none-eabi/lib/thumb/v7e-m/nofp/libg.a(libc_a-strncpy.o)
                0x08008b30                strncpy
 .text.__locale_mb_cur_max
                0x08008b98        0xc /Applications/ArmGNUToolchain/12.3.rel1/arm-none-eabi/bin/../lib/gcc/arm-none-eabi/12.3.1/../../../../arm-none-eabi/lib/thumb/v7e-m/nofp/libg.a(libc_a-locale.o)
                0x08008b98                __locale_mb_cur_max
 .text._localeconv_r
                0x08008ba4        0x8 /Applications/ArmGNUToolchain/12.3.rel1/arm-none-eabi/bin/../lib/gcc/arm-none-eabi/12.3.1/../../../../arm-none-eabi/lib/thumb/v7e-m/nofp/libg.a(libc_a-localeconv.o)
                0x08008ba4                _localeconv_r
 .text._close_r
                0x08008bac       0x24 /Applications/ArmGNUToolchain/12.3.rel1/arm-none-eabi/bin/../lib/gcc/arm-none-eabi/12.3.1/../../../../arm-none-eabi/lib/thumb/v7e-m/nofp/libg.a(libc_a-closer.o)
                0x08008bac                _close_r
 .text._lseek_r
                0x08008bd0       0x2c /Applications/ArmGNUToolchain/12.3.rel1/arm-none-eabi/bin/../lib/gcc/arm-none-eabi/12.3.1/../../../../arm-none-eabi/lib/thumb/v7e-m/nofp/libg.a(libc_a-lseekr.o)
                0x08008bd0                _lseek_r
 .text._read_r  0x08008bfc       0x2c /Applications/ArmGNUToolchain/12.3.rel1/arm-none-eabi/bin/../lib/gcc/arm-none-eabi/12.3.1/../../../../arm-none-eabi/lib/thumb/v7e-m/nofp/libg.a(libc_a-readr.o)
                0x08008bfc                _read_r
 .text._sbrk_r  0x08008c28       0x24 /Applications/ArmGNUToolchain/12.3.rel1/arm-none-eabi/bin/../lib/gcc/arm-none-eabi/12.3.1/../../../../arm-none-eabi/lib/thumb/v7e-m/nofp/libg.a(libc_a-sbrkr.o)
                0x08008c28                _sbrk_r
 .text._write_r
                0x08008c4c       0x2c /Applications/ArmGNUToolchain/12.3.rel1/arm-none-eabi/bin/../lib/gcc/arm-none-eabi/12.3.1/../../../../arm-none-eabi/lib/thumb/v7e-m/nofp/libg.a(libc_a-writer.o)
                0x08008c4c                _write_r
 .text.sysconf  0x08008c78       0x1c /Applications/ArmGNUToolchain/12.3.rel1/arm-none-eabi/bin/../lib/gcc/arm-none-eabi/12.3.1/../../../../arm-none-eabi/lib/thumb/v7e-m/nofp/libg.a(libc_a-sysconf.o)
                0x08008c78                sysconf
 .text.__libc_fini_array
                0x08008c94       0x28 /Applications/ArmGNUToolchain/12.3.rel1/arm-none-eabi/bin/../lib/gcc/arm-none-eabi/12.3.1/../../../../arm-none-eabi/lib/thumb/v7e-m/nofp/libg.a(libc_a-fini.o)
                0x08008c94                __libc_fini_array
 .text._wcrtomb_r
                0x08008cbc       0x4c /Applications/ArmGNUToolchain/12.3.rel1/arm-none-eabi/bin/../lib/gcc/arm-none-eabi/12.3.1/../../../../arm-none-eabi/lib/thumb/v7e-m/nofp/libg.a(libc_a-wcrtomb.o)
                0x08008cbc                _wcrtomb_r
 .text._wcsrtombs_r
                0x08008d08       0x1c /Applications/ArmGNUToolchain/12.3.rel1/arm-none-eabi/bin/../lib/gcc/arm-none-eabi/12.3.1/../../../../arm-none-eabi/lib/thumb/v7e-m/nofp/libg.a(libc_a-wcsrtombs.o)
                0x08008d08                _wcsrtombs_r
 .text.__register_exitproc
                0x08008d24       0x80 /Applications/ArmGNUToolchain/12.3.rel1/arm-none-eabi/bin/../lib/gcc/arm-none-eabi/12.3.1/../../../../arm-none-eabi/lib/thumb/v7e-m/nofp/libg.a(libc_a-__atexit.o)
                0x08008d24                __register_exitproc
 .text.frexp    0x08008da4       0x70 /Applications/ArmGNUToolchain/12.3.rel1/arm-none-eabi/bin/../lib/gcc/arm-none-eabi/12.3.1/../../../../arm-none-eabi/lib/thumb/v7e-m/nofp/libg.a(libm_a-s_frexp.o)
                0x08008da4                frexp
 .text.quorem   0x08008e14      0x12c /Applications/ArmGNUToolchain/12.3.rel1/arm-none-eabi/bin/../lib/gcc/arm-none-eabi/12.3.1/../../../../arm-none-eabi/lib/thumb/v7e-m/nofp/libg.a(libc_a-dtoa.o)
 .text._dtoa_r  0x08008f40      0xe48 /Applications/ArmGNUToolchain/12.3.rel1/arm-none-eabi/bin/../lib/gcc/arm-none-eabi/12.3.1/../../../../arm-none-eabi/lib/thumb/v7e-m/nofp/libg.a(libc_a-dtoa.o)
                0x08008f40                _dtoa_r
 .text._malloc_trim_r
                0x08009d88       0xb8 /Applications/ArmGNUToolchain/12.3.rel1/arm-none-eabi/bin/../lib/gcc/arm-none-eabi/12.3.1/../../../../arm-none-eabi/lib/thumb/v7e-m/nofp/libg.a(libc_a-freer.o)
                0x08009d88                _malloc_trim_r
 .text._free_r  0x08009e40      0x1fc /Applications/ArmGNUToolchain/12.3.rel1/arm-none-eabi/bin/../lib/gcc/arm-none-eabi/12.3.1/../../../../arm-none-eabi/lib/thumb/v7e-m/nofp/libg.a(libc_a-freer.o)
                0x08009e40                _free_r
 .text.__ascii_mbtowc
                0x0800a03c       0x2c /Applications/ArmGNUToolchain/12.3.rel1/arm-none-eabi/bin/../lib/gcc/arm-none-eabi/12.3.1/../../../../arm-none-eabi/lib/thumb/v7e-m/nofp/libg.a(libc_a-mbtowc_r.o)
                0x0800a03c                __ascii_mbtowc
 .text.__ssprint_r
                0x0800a068      0x108 /Applications/ArmGNUToolchain/12.3.rel1/arm-none-eabi/bin/../lib/gcc/arm-none-eabi/12.3.1/../../../../arm-none-eabi/lib/thumb/v7e-m/nofp/libg.a(libc_a-svfiprintf.o)
                0x0800a068                __ssprint_r
 .text._Balloc  0x0800a170       0x4c /Applications/ArmGNUToolchain/12.3.rel1/arm-none-eabi/bin/../lib/gcc/arm-none-eabi/12.3.1/../../../../arm-none-eabi/lib/thumb/v7e-m/nofp/libg.a(libc_a-mprec.o)
                0x0800a170                _Balloc
 .text._Bfree   0x0800a1bc       0x14 /Applications/ArmGNUToolchain/12.3.rel1/arm-none-eabi/bin/../lib/gcc/arm-none-eabi/12.3.1/../../../../arm-none-eabi/lib/thumb/v7e-m/nofp/libg.a(libc_a-mprec.o)
                0x0800a1bc                _Bfree
 .text.__multadd
                0x0800a1d0       0xa0 /Applications/ArmGNUToolchain/12.3.rel1/arm-none-eabi/bin/../lib/gcc/arm-none-eabi/12.3.1/../../../../arm-none-eabi/lib/thumb/v7e-m/nofp/libg.a(libc_a-mprec.o)
                0x0800a1d0                __multadd
 .text.__hi0bits
                0x0800a270       0x44 /Applications/ArmGNUToolchain/12.3.rel1/arm-none-eabi/bin/../lib/gcc/arm-none-eabi/12.3.1/../../../../arm-none-eabi/lib/thumb/v7e-m/nofp/libg.a(libc_a-mprec.o)
                0x0800a270                __hi0bits
 .text.__lo0bits
                0x0800a2b4       0x60 /Applications/ArmGNUToolchain/12.3.rel1/arm-none-eabi/bin/../lib/gcc/arm-none-eabi/12.3.1/../../../../arm-none-eabi/lib/thumb/v7e-m/nofp/libg.a(libc_a-mprec.o)
                0x0800a2b4                __lo0bits
 .text.__i2b    0x0800a314       0x5c /Applications/ArmGNUToolchain/12.3.rel1/arm-none-eabi/bin/../lib/gcc/arm-none-eabi/12.3.1/../../../../arm-none-eabi/lib/thumb/v7e-m/nofp/libg.a(libc_a-mprec.o)
                0x0800a314                __i2b
 .text.__multiply
                0x0800a370      0x16c /Applications/ArmGNUToolchain/12.3.rel1/arm-none-eabi/bin/../lib/gcc/arm-none-eabi/12.3.1/../../../../arm-none-eabi/lib/thumb/v7e-m/nofp/libg.a(libc_a-mprec.o)
                0x0800a370                __multiply
 .text.__pow5mult
                0x0800a4dc       0xb4 /Applications/ArmGNUToolchain/12.3.rel1/arm-none-eabi/bin/../lib/gcc/arm-none-eabi/12.3.1/../../../../arm-none-eabi/lib/thumb/v7e-m/nofp/libg.a(libc_a-mprec.o)
                0x0800a4dc                __pow5mult
 .text.__lshift
                0x0800a590       0xf0 /Applications/ArmGNUToolchain/12.3.rel1/arm-none-eabi/bin/../lib/gcc/arm-none-eabi/12.3.1/../../../../arm-none-eabi/lib/thumb/v7e-m/nofp/libg.a(libc_a-mprec.o)
                0x0800a590                __lshift
 .text.__mcmp   0x0800a680       0x40 /Applications/ArmGNUToolchain/12.3.rel1/arm-none-eabi/bin/../lib/gcc/arm-none-eabi/12.3.1/../../../../arm-none-eabi/lib/thumb/v7e-m/nofp/libg.a(libc_a-mprec.o)
                0x0800a680                __mcmp
 .text.__mdiff  0x0800a6c0      0x164 /Applications/ArmGNUToolchain/12.3.rel1/arm-none-eabi/bin/../lib/gcc/arm-none-eabi/12.3.1/../../../../arm-none-eabi/lib/thumb/v7e-m/nofp/libg.a(libc_a-mprec.o)
                0x0800a6c0                __mdiff
 .text.__d2b    0x0800a824       0xbc /Applications/ArmGNUToolchain/12.3.rel1/arm-none-eabi/bin/../lib/gcc/arm-none-eabi/12.3.1/../../../../arm-none-eabi/lib/thumb/v7e-m/nofp/libg.a(libc_a-mprec.o)
                0x0800a824                __d2b
 .text._realloc_r
                0x0800a8e0      0x344 /Applications/ArmGNUToolchain/12.3.rel1/arm-none-eabi/bin/../lib/gcc/arm-none-eabi/12.3.1/../../../../arm-none-eabi/lib/thumb/v7e-m/nofp/libg.a(libc_a-reallocr.o)
                0x0800a8e0                _realloc_r
 .text.__ascii_wctomb
                0x0800ac24       0x1c /Applications/ArmGNUToolchain/12.3.rel1/arm-none-eabi/bin/../lib/gcc/arm-none-eabi/12.3.1/../../../../arm-none-eabi/lib/thumb/v7e-m/nofp/libg.a(libc_a-wctomb_r.o)
                0x0800ac24                __ascii_wctomb
 .text.memmove  0x0800ac40      0x100 /Applications/ArmGNUToolchain/12.3.rel1/arm-none-eabi/bin/../lib/gcc/arm-none-eabi/12.3.1/../../../../arm-none-eabi/lib/thumb/v7e-m/nofp/libg.a(libc_a-memmove.o)
                0x0800ac40                memmove
 .text._wcsnrtombs_l
                0x0800ad40       0xec /Applications/ArmGNUToolchain/12.3.rel1/arm-none-eabi/bin/../lib/gcc/arm-none-eabi/12.3.1/../../../../arm-none-eabi/lib/thumb/v7e-m/nofp/libg.a(libc_a-wcsnrtombs.o)
                0x0800ad40                _wcsnrtombs_l
 .text._wcsnrtombs_r
                0x0800ae2c       0x24 /Applications/ArmGNUToolchain/12.3.rel1/arm-none-eabi/bin/../lib/gcc/arm-none-eabi/12.3.1/../../../../arm-none-eabi/lib/thumb/v7e-m/nofp/libg.a(libc_a-wcsnrtombs.o)
                0x0800ae2c                _wcsnrtombs_r
 .text.__assert_func
                0x0800ae50       0x40 /Applications/ArmGNUToolchain/12.3.rel1/arm-none-eabi/bin/../lib/gcc/arm-none-eabi/12.3.1/../../../../arm-none-eabi/lib/thumb/v7e-m/nofp/libg.a(libc_a-assert.o)
                0x0800ae50                __assert_func
 .text._calloc_r
                0x0800ae90       0x6c /Applications/ArmGNUToolchain/12.3.rel1/arm-none-eabi/bin/../lib/gcc/arm-none-eabi/12.3.1/../../../../arm-none-eabi/lib/thumb/v7e-m/nofp/libg.a(libc_a-callocr.o)
                0x0800ae90                _calloc_r
 .text.fiprintf
                0x0800aefc       0x28 /Applications/ArmGNUToolchain/12.3.rel1/arm-none-eabi/bin/../lib/gcc/arm-none-eabi/12.3.1/../../../../arm-none-eabi/lib/thumb/v7e-m/nofp/libg.a(libc_a-fiprintf.o)
                0x0800aefc                fiprintf
 .text.__sprint_r.part.0
                0x0800af24       0x78 /Applications/ArmGNUToolchain/12.3.rel1/arm-none-eabi/bin/../lib/gcc/arm-none-eabi/12.3.1/../../../../arm-none-eabi/lib/thumb/v7e-m/nofp/libg.a(libc_a-vfiprintf.o)
 .text._vfiprintf_r
                0x0800af9c      0xfac /Applications/ArmGNUToolchain/12.3.rel1/arm-none-eabi/bin/../lib/gcc/arm-none-eabi/12.3.1/../../../../arm-none-eabi/lib/thumb/v7e-m/nofp/libg.a(libc_a-vfiprintf.o)
                0x0800af9c                _vfiprintf_r
 .text.__sbprintf
                0x0800bf48       0x80 /Applications/ArmGNUToolchain/12.3.rel1/arm-none-eabi/bin/../lib/gcc/arm-none-eabi/12.3.1/../../../../arm-none-eabi/lib/thumb/v7e-m/nofp/libg.a(libc_a-vfiprintf.o)
 .text.__sfvwrite_r
                0x0800bfc8      0x2f8 /Applications/ArmGNUToolchain/12.3.rel1/arm-none-eabi/bin/../lib/gcc/arm-none-eabi/12.3.1/../../../../arm-none-eabi/lib/thumb/v7e-m/nofp/libg.a(libc_a-fvwrite.o)
                0x0800bfc8                __sfvwrite_r
 .text.__swsetup_r
                0x0800c2c0       0xc0 /Applications/ArmGNUToolchain/12.3.rel1/arm-none-eabi/bin/../lib/gcc/arm-none-eabi/12.3.1/../../../../arm-none-eabi/lib/thumb/v7e-m/nofp/libg.a(libc_a-wsetup.o)
                0x0800c2c0                __swsetup_r
 .text.__fputwc
                0x0800c380       0x7c /Applications/ArmGNUToolchain/12.3.rel1/arm-none-eabi/bin/../lib/gcc/arm-none-eabi/12.3.1/../../../../arm-none-eabi/lib/thumb/v7e-m/nofp/libg.a(libc_a-fputwc.o)
                0x0800c380                __fputwc
 .text._fputwc_r
                0x0800c3fc       0x60 /Applications/ArmGNUToolchain/12.3.rel1/arm-none-eabi/bin/../lib/gcc/arm-none-eabi/12.3.1/../../../../arm-none-eabi/lib/thumb/v7e-m/nofp/libg.a(libc_a-fputwc.o)
                0x0800c3fc                _fputwc_r
 .text.abort    0x0800c45c       0x10 /Applications/ArmGNUToolchain/12.3.rel1/arm-none-eabi/bin/../lib/gcc/arm-none-eabi/12.3.1/../../../../arm-none-eabi/lib/thumb/v7e-m/nofp/libg.a(libc_a-abort.o)
                0x0800c45c                abort
 .text.__smakebuf_r
                0x0800c46c       0xdc /Applications/ArmGNUToolchain/12.3.rel1/arm-none-eabi/bin/../lib/gcc/arm-none-eabi/12.3.1/../../../../arm-none-eabi/lib/thumb/v7e-m/nofp/libg.a(libc_a-makebuf.o)
                0x0800c46c                __smakebuf_r
 .text.__swbuf_r
                0x0800c548       0xac /Applications/ArmGNUToolchain/12.3.rel1/arm-none-eabi/bin/../lib/gcc/arm-none-eabi/12.3.1/../../../../arm-none-eabi/lib/thumb/v7e-m/nofp/libg.a(libc_a-wbuf.o)
                0x0800c548                __swbuf_r
 .text.raise    0x0800c5f4       0x58 /Applications/ArmGNUToolchain/12.3.rel1/arm-none-eabi/bin/../lib/gcc/arm-none-eabi/12.3.1/../../../../arm-none-eabi/lib/thumb/v7e-m/nofp/libg.a(libc_a-signal.o)
                0x0800c5f4                raise
 .text._fstat_r
                0x0800c64c       0x2c /Applications/ArmGNUToolchain/12.3.rel1/arm-none-eabi/bin/../lib/gcc/arm-none-eabi/12.3.1/../../../../arm-none-eabi/lib/thumb/v7e-m/nofp/libg.a(libc_a-fstatr.o)
                0x0800c64c                _fstat_r
 .text._isatty_r
                0x0800c678       0x24 /Applications/ArmGNUToolchain/12.3.rel1/arm-none-eabi/bin/../lib/gcc/arm-none-eabi/12.3.1/../../../../arm-none-eabi/lib/thumb/v7e-m/nofp/libg.a(libc_a-isattyr.o)
                0x0800c678                _isatty_r
 .text._kill_r  0x0800c69c       0x2c /Applications/ArmGNUToolchain/12.3.rel1/arm-none-eabi/bin/../lib/gcc/arm-none-eabi/12.3.1/../../../../arm-none-eabi/lib/thumb/v7e-m/nofp/libg.a(libc_a-signalr.o)
                0x0800c69c                _kill_r
 .text._getpid_r
                0x0800c6c8        0x4 /Applications/ArmGNUToolchain/12.3.rel1/arm-none-eabi/bin/../lib/gcc/arm-none-eabi/12.3.1/../../../../arm-none-eabi/lib/thumb/v7e-m/nofp/libg.a(libc_a-signalr.o)
                0x0800c6c8                _getpid_r
 .text.acos     0x0800c6cc       0x50 /Applications/ArmGNUToolchain/12.3.rel1/arm-none-eabi/bin/../lib/gcc/arm-none-eabi/12.3.1/../../../../arm-none-eabi/lib/thumb/v7e-m/nofp/libm.a(libm_a-w_acos.o)
                0x0800c6cc                acos
 .text.atan2    0x0800c71c        0x4 /Applications/ArmGNUToolchain/12.3.rel1/arm-none-eabi/bin/../lib/gcc/arm-none-eabi/12.3.1/../../../../arm-none-eabi/lib/thumb/v7e-m/nofp/libm.a(libm_a-w_atan2.o)
                0x0800c71c                atan2
 .text.__ieee754_acos
                0x0800c720      0x4b0 /Applications/ArmGNUToolchain/12.3.rel1/arm-none-eabi/bin/../lib/gcc/arm-none-eabi/12.3.1/../../../../arm-none-eabi/lib/thumb/v7e-m/nofp/libm.a(libm_a-e_acos.o)
                0x0800c720                __ieee754_acos
 .text.__ieee754_atan2
                0x0800cbd0      0x194 /Applications/ArmGNUToolchain/12.3.rel1/arm-none-eabi/bin/../lib/gcc/arm-none-eabi/12.3.1/../../../../arm-none-eabi/lib/thumb/v7e-m/nofp/libm.a(libm_a-e_atan2.o)
                0x0800cbd0                __ieee754_atan2
 .text.sqrt     0x0800cd64       0x50 /Applications/ArmGNUToolchain/12.3.rel1/arm-none-eabi/bin/../lib/gcc/arm-none-eabi/12.3.1/../../../../arm-none-eabi/lib/thumb/v7e-m/nofp/libm.a(libm_a-w_sqrt.o)
                0x0800cd64                sqrt
 *fill*         0x0800cdb4        0x4 
 .text.atan     0x0800cdb8      0x318 /Applications/ArmGNUToolchain/12.3.rel1/arm-none-eabi/bin/../lib/gcc/arm-none-eabi/12.3.1/../../../../arm-none-eabi/lib/thumb/v7e-m/nofp/libm.a(libm_a-s_atan.o)
                0x0800cdb8                atan
 .text.cos      0x0800d0d0       0x88 /Applications/ArmGNUToolchain/12.3.rel1/arm-none-eabi/bin/../lib/gcc/arm-none-eabi/12.3.1/../../../../arm-none-eabi/lib/thumb/v7e-m/nofp/libm.a(libm_a-s_cos.o)
                0x0800d0d0                cos
 .text.fabs     0x0800d158        0x8 /Applications/ArmGNUToolchain/12.3.rel1/arm-none-eabi/bin/../lib/gcc/arm-none-eabi/12.3.1/../../../../arm-none-eabi/lib/thumb/v7e-m/nofp/libm.a(libm_a-s_fabs.o)
                0x0800d158                fabs
 .text.sin      0x0800d160       0x94 /Applications/ArmGNUToolchain/12.3.rel1/arm-none-eabi/bin/../lib/gcc/arm-none-eabi/12.3.1/../../../../arm-none-eabi/lib/thumb/v7e-m/nofp/libm.a(libm_a-s_sin.o)
                0x0800d160                sin
 .text.__ieee754_sqrt
                0x0800d1f4      0x1dc /Applications/ArmGNUToolchain/12.3.rel1/arm-none-eabi/bin/../lib/gcc/arm-none-eabi/12.3.1/../../../../arm-none-eabi/lib/thumb/v7e-m/nofp/libm.a(libm_a-e_sqrt.o)
                0x0800d1f4                __ieee754_sqrt
 .text.nan      0x0800d3d0        0xc /Applications/ArmGNUToolchain/12.3.rel1/arm-none-eabi/bin/../lib/gcc/arm-none-eabi/12.3.1/../../../../arm-none-eabi/lib/thumb/v7e-m/nofp/libm.a(libm_a-s_nan.o)
                0x0800d3d0                nan
 *fill*         0x0800d3dc        0x4 
 .text.__ieee754_rem_pio2
                0x0800d3e0      0x42c /Applications/ArmGNUToolchain/12.3.rel1/arm-none-eabi/bin/../lib/gcc/arm-none-eabi/12.3.1/../../../../arm-none-eabi/lib/thumb/v7e-m/nofp/libm.a(libm_a-e_rem_pio2.o)
                0x0800d3e0                __ieee754_rem_pio2
 .text.__kernel_rem_pio2
                0x0800d80c      0x824 /Applications/ArmGNUToolchain/12.3.rel1/arm-none-eabi/bin/../lib/gcc/arm-none-eabi/12.3.1/../../../../arm-none-eabi/lib/thumb/v7e-m/nofp/libm.a(libm_a-k_rem_pio2.o)
                0x0800d80c                __kernel_rem_pio2
 .text.__kernel_cos
                0x0800e030      0x250 /Applications/ArmGNUToolchain/12.3.rel1/arm-none-eabi/bin/../lib/gcc/arm-none-eabi/12.3.1/../../../../arm-none-eabi/lib/thumb/v7e-m/nofp/libm.a(libm_a-k_cos.o)
                0x0800e030                __kernel_cos
 .text.__kernel_sin
                0x0800e280      0x16c /Applications/ArmGNUToolchain/12.3.rel1/arm-none-eabi/bin/../lib/gcc/arm-none-eabi/12.3.1/../../../../arm-none-eabi/lib/thumb/v7e-m/nofp/libm.a(libm_a-k_sin.o)
                0x0800e280                __kernel_sin
 *fill*         0x0800e3ec        0x4 
 .text.scalbn   0x0800e3f0       0xe4 /Applications/ArmGNUToolchain/12.3.rel1/arm-none-eabi/bin/../lib/gcc/arm-none-eabi/12.3.1/../../../../arm-none-eabi/lib/thumb/v7e-m/nofp/libm.a(libm_a-s_scalbn.o)
                0x0800e3f0                scalbn
 *fill*         0x0800e4d4        0x4 
 .text.floor    0x0800e4d8      0x108 /Applications/ArmGNUToolchain/12.3.rel1/arm-none-eabi/bin/../lib/gcc/arm-none-eabi/12.3.1/../../../../arm-none-eabi/lib/thumb/v7e-m/nofp/libm.a(libm_a-s_floor.o)
                0x0800e4d8                floor
 *(.glue_7)
 .glue_7        0x0800e5e0        0x0 linker stubs
 *(.glue_7t)
 .glue_7t       0x0800e5e0        0x0 linker stubs
 *(.eh_frame)
 .eh_frame      0x0800e5e0        0x0 /Applications/ArmGNUToolchain/12.3.rel1/arm-none-eabi/bin/../lib/gcc/arm-none-eabi/12.3.1/thumb/v7e-m/nofp/crtbegin.o
 *(.init)
 .init          0x0800e5e0        0x4 /Applications/ArmGNUToolchain/12.3.rel1/arm-none-eabi/bin/../lib/gcc/arm-none-eabi/12.3.1/thumb/v7e-m/nofp/crti.o
                0x0800e5e0                _init
 .init          0x0800e5e4        0x8 /Applications/ArmGNUToolchain/12.3.rel1/arm-none-eabi/bin/../lib/gcc/arm-none-eabi/12.3.1/thumb/v7e-m/nofp/crtn.o
 *(.fini)
 .fini          0x0800e5ec        0x4 /Applications/ArmGNUToolchain/12.3.rel1/arm-none-eabi/bin/../lib/gcc/arm-none-eabi/12.3.1/thumb/v7e-m/nofp/crti.o
                0x0800e5ec                _fini
 .fini          0x0800e5f0        0x8 /Applications/ArmGNUToolchain/12.3.rel1/arm-none-eabi/bin/../lib/gcc/arm-none-eabi/12.3.1/thumb/v7e-m/nofp/crtn.o
                0x0800e5f8                        . = ALIGN (0x4)
                0x0800e5f8                        _etext = .

.vfp11_veneer   0x0800e5f8        0x0
 .vfp11_veneer  0x0800e5f8        0x0 linker stubs

.v4_bx          0x0800e5f8        0x0
 .v4_bx         0x0800e5f8        0x0 linker stubs

.iplt           0x0800e5f8        0x0
 .iplt          0x0800e5f8        0x0 /Applications/ArmGNUToolchain/12.3.rel1/arm-none-eabi/bin/../lib/gcc/arm-none-eabi/12.3.1/thumb/v7e-m/nofp/crtbegin.o

.rodata         0x0800e5f8      0x878
                0x0800e5f8                        . = ALIGN (0x4)
 *(.rodata)
 *(.rodata*)
 .rodata.flagBitshiftOffset.0
                0x0800e5f8        0x8 CMakeFiles/RoboticArm_V4.elf.dir/Drivers/STM32F4xx_HAL_Driver/Src/stm32f4xx_hal_dma.c.obj
 .rodata.calibrateFeatureRun.str1.4
                0x0800e600       0x49 CMakeFiles/RoboticArm_V4.elf.dir/Src/main.c.obj
 *fill*         0x0800e649        0x3 
 .rodata.free_motors_feature.str1.4
                0x0800e64c       0x24 CMakeFiles/RoboticArm_V4.elf.dir/Src/main.c.obj
 .rodata.drawCircleSettings.str1.4
                0x0800e670       0x1c CMakeFiles/RoboticArm_V4.elf.dir/Src/main.c.obj
 .rodata.music_feature_nyan_cat_run.str1.4
                0x0800e68c       0x1f CMakeFiles/RoboticArm_V4.elf.dir/Src/main.c.obj
 *fill*         0x0800e6ab        0x1 
 .rodata.music_feature_nyan_cat_settings.str1.4
                0x0800e6ac       0x1d CMakeFiles/RoboticArm_V4.elf.dir/Src/main.c.obj
 *fill*         0x0800e6c9        0x3 
 .rodata.music_feature_rick_roll_run.str1.4
                0x0800e6cc       0x11 CMakeFiles/RoboticArm_V4.elf.dir/Src/main.c.obj
 *fill*         0x0800e6dd        0x3 
 .rodata.drawCircleFeature.str1.4
                0x0800e6e0       0x11 CMakeFiles/RoboticArm_V4.elf.dir/Src/main.c.obj
 *fill*         0x0800e6f1        0x3 
 .rodata.v5menuWelcomeScreen.str1.4
                0x0800e6f4       0x11 CMakeFiles/RoboticArm_V4.elf.dir/Src/main.c.obj
 *fill*         0x0800e705        0x3 
 .rodata.medication_subfeat_set_point_fun.str1.4
                0x0800e708       0x1b CMakeFiles/RoboticArm_V4.elf.dir/Src/main.c.obj
 *fill*         0x0800e723        0x1 
 .rodata.medication_feature_run.str1.4
                0x0800e724       0x3b CMakeFiles/RoboticArm_V4.elf.dir/Src/main.c.obj
 *fill*         0x0800e75f        0x1 
 .rodata.initMenu.str1.4
                0x0800e760       0x4b CMakeFiles/RoboticArm_V4.elf.dir/Src/main.c.obj
 *fill*         0x0800e7ab        0x1 
 .rodata.renderMenu.str1.4
                0x0800e7ac       0x44 CMakeFiles/RoboticArm_V4.elf.dir/Src/main.c.obj
 .rodata.stepGripper.str1.4
                0x0800e7f0       0x1d CMakeFiles/RoboticArm_V4.elf.dir/Src/stepper.c.obj
 *fill*         0x0800e80d        0x3 
 .rodata.gripperTickMotor.str1.4
                0x0800e810        0x5 CMakeFiles/RoboticArm_V4.elf.dir/Src/stepper.c.obj
 *fill*         0x0800e815        0x3 
 .rodata.APBPrescTable
                0x0800e818        0x8 CMakeFiles/RoboticArm_V4.elf.dir/Src/system_stm32f4xx.c.obj
                0x0800e818                APBPrescTable
 .rodata.AHBPrescTable
                0x0800e820       0x10 CMakeFiles/RoboticArm_V4.elf.dir/Src/system_stm32f4xx.c.obj
                0x0800e820                AHBPrescTable
 .rodata._svfprintf_r.str1.4
                0x0800e830       0x42 /Applications/ArmGNUToolchain/12.3.rel1/arm-none-eabi/bin/../lib/gcc/arm-none-eabi/12.3.1/../../../../arm-none-eabi/lib/thumb/v7e-m/nofp/libg.a(libc_a-svfprintf.o)
 *fill*         0x0800e872        0x2 
 .rodata.zeroes.0
                0x0800e874       0x10 /Applications/ArmGNUToolchain/12.3.rel1/arm-none-eabi/bin/../lib/gcc/arm-none-eabi/12.3.1/../../../../arm-none-eabi/lib/thumb/v7e-m/nofp/libg.a(libc_a-svfprintf.o)
 .rodata.blanks.1
                0x0800e884       0x10 /Applications/ArmGNUToolchain/12.3.rel1/arm-none-eabi/bin/../lib/gcc/arm-none-eabi/12.3.1/../../../../arm-none-eabi/lib/thumb/v7e-m/nofp/libg.a(libc_a-svfprintf.o)
 .rodata.str1.4
                0x0800e894       0x48 /Applications/ArmGNUToolchain/12.3.rel1/arm-none-eabi/bin/../lib/gcc/arm-none-eabi/12.3.1/../../../../arm-none-eabi/lib/thumb/v7e-m/nofp/libg.a(libc_a-locale.o)
                                 0x4c (size before relaxing)
 .rodata._ctype_
                0x0800e8dc      0x101 /Applications/ArmGNUToolchain/12.3.rel1/arm-none-eabi/bin/../lib/gcc/arm-none-eabi/12.3.1/../../../../arm-none-eabi/lib/thumb/v7e-m/nofp/libg.a(libc_a-ctype_.o)
                0x0800e8dc                _ctype_
 *fill*         0x0800e9dd        0x3 
 .rodata._dtoa_r.str1.4
                0x0800e9e0       0x85 /Applications/ArmGNUToolchain/12.3.rel1/arm-none-eabi/bin/../lib/gcc/arm-none-eabi/12.3.1/../../../../arm-none-eabi/lib/thumb/v7e-m/nofp/libg.a(libc_a-dtoa.o)
                                 0x89 (size before relaxing)
 *fill*         0x0800ea65        0x3 
 .rodata.__multadd.str1.4
                0x0800ea68       0x62 /Applications/ArmGNUToolchain/12.3.rel1/arm-none-eabi/bin/../lib/gcc/arm-none-eabi/12.3.1/../../../../arm-none-eabi/lib/thumb/v7e-m/nofp/libg.a(libc_a-mprec.o)
                                 0x76 (size before relaxing)
 *fill*         0x0800eaca        0x2 
 .rodata.p05.0  0x0800eacc        0xc /Applications/ArmGNUToolchain/12.3.rel1/arm-none-eabi/bin/../lib/gcc/arm-none-eabi/12.3.1/../../../../arm-none-eabi/lib/thumb/v7e-m/nofp/libg.a(libc_a-mprec.o)
 .rodata.__mprec_bigtens
                0x0800ead8       0x28 /Applications/ArmGNUToolchain/12.3.rel1/arm-none-eabi/bin/../lib/gcc/arm-none-eabi/12.3.1/../../../../arm-none-eabi/lib/thumb/v7e-m/nofp/libg.a(libc_a-mprec.o)
                0x0800ead8                __mprec_bigtens
 .rodata.__mprec_tens
                0x0800eb00       0xc8 /Applications/ArmGNUToolchain/12.3.rel1/arm-none-eabi/bin/../lib/gcc/arm-none-eabi/12.3.1/../../../../arm-none-eabi/lib/thumb/v7e-m/nofp/libg.a(libc_a-mprec.o)
                0x0800eb00                __mprec_tens
 .rodata.__assert_func.str1.4
                0x0800ebc8       0x3f /Applications/ArmGNUToolchain/12.3.rel1/arm-none-eabi/bin/../lib/gcc/arm-none-eabi/12.3.1/../../../../arm-none-eabi/lib/thumb/v7e-m/nofp/libg.a(libc_a-assert.o)
                                 0x43 (size before relaxing)
 .rodata._vfiprintf_r.str1.4
                0x0800ec07       0x2f /Applications/ArmGNUToolchain/12.3.rel1/arm-none-eabi/bin/../lib/gcc/arm-none-eabi/12.3.1/../../../../arm-none-eabi/lib/thumb/v7e-m/nofp/libg.a(libc_a-vfiprintf.o)
 *fill*         0x0800ec07        0x1 
 .rodata.zeroes.0
                0x0800ec08       0x10 /Applications/ArmGNUToolchain/12.3.rel1/arm-none-eabi/bin/../lib/gcc/arm-none-eabi/12.3.1/../../../../arm-none-eabi/lib/thumb/v7e-m/nofp/libg.a(libc_a-vfiprintf.o)
 .rodata.blanks.1
                0x0800ec18       0x10 /Applications/ArmGNUToolchain/12.3.rel1/arm-none-eabi/bin/../lib/gcc/arm-none-eabi/12.3.1/../../../../arm-none-eabi/lib/thumb/v7e-m/nofp/libg.a(libc_a-vfiprintf.o)
 .rodata.acos.str1.4
                0x0800ec28        0x1 /Applications/ArmGNUToolchain/12.3.rel1/arm-none-eabi/bin/../lib/gcc/arm-none-eabi/12.3.1/../../../../arm-none-eabi/lib/thumb/v7e-m/nofp/libm.a(libm_a-w_acos.o)
 .rodata.CSWTCH.9
                0x0800ec28       0x18 /Applications/ArmGNUToolchain/12.3.rel1/arm-none-eabi/bin/../lib/gcc/arm-none-eabi/12.3.1/../../../../arm-none-eabi/lib/thumb/v7e-m/nofp/libm.a(libm_a-e_atan2.o)
 .rodata.CSWTCH.8
                0x0800ec40       0x18 /Applications/ArmGNUToolchain/12.3.rel1/arm-none-eabi/bin/../lib/gcc/arm-none-eabi/12.3.1/../../../../arm-none-eabi/lib/thumb/v7e-m/nofp/libm.a(libm_a-e_atan2.o)
 .rodata.atanlo
                0x0800ec58       0x20 /Applications/ArmGNUToolchain/12.3.rel1/arm-none-eabi/bin/../lib/gcc/arm-none-eabi/12.3.1/../../../../arm-none-eabi/lib/thumb/v7e-m/nofp/libm.a(libm_a-s_atan.o)
 .rodata.atanhi
                0x0800ec78       0x20 /Applications/ArmGNUToolchain/12.3.rel1/arm-none-eabi/bin/../lib/gcc/arm-none-eabi/12.3.1/../../../../arm-none-eabi/lib/thumb/v7e-m/nofp/libm.a(libm_a-s_atan.o)
 .rodata.npio2_hw
                0x0800ec98       0x80 /Applications/ArmGNUToolchain/12.3.rel1/arm-none-eabi/bin/../lib/gcc/arm-none-eabi/12.3.1/../../../../arm-none-eabi/lib/thumb/v7e-m/nofp/libm.a(libm_a-e_rem_pio2.o)
 .rodata.two_over_pi
                0x0800ed18      0x108 /Applications/ArmGNUToolchain/12.3.rel1/arm-none-eabi/bin/../lib/gcc/arm-none-eabi/12.3.1/../../../../arm-none-eabi/lib/thumb/v7e-m/nofp/libm.a(libm_a-e_rem_pio2.o)
 .rodata.PIo2   0x0800ee20       0x40 /Applications/ArmGNUToolchain/12.3.rel1/arm-none-eabi/bin/../lib/gcc/arm-none-eabi/12.3.1/../../../../arm-none-eabi/lib/thumb/v7e-m/nofp/libm.a(libm_a-k_rem_pio2.o)
 .rodata.init_jk
                0x0800ee60       0x10 /Applications/ArmGNUToolchain/12.3.rel1/arm-none-eabi/bin/../lib/gcc/arm-none-eabi/12.3.1/../../../../arm-none-eabi/lib/thumb/v7e-m/nofp/libm.a(libm_a-k_rem_pio2.o)
                0x0800ee70                        . = ALIGN (0x4)

.ARM.extab      0x0800ee70        0x0
                0x0800ee70                        . = ALIGN (0x4)
 *(.ARM.extab* .gnu.linkonce.armextab.*)
                0x0800ee70                        . = ALIGN (0x4)

.ARM            0x0800ee70        0x8
                0x0800ee70                        . = ALIGN (0x4)
                0x0800ee70                        __exidx_start = .
 *(.ARM.exidx*)
 .ARM.exidx     0x0800ee70        0x8 /Applications/ArmGNUToolchain/12.3.rel1/arm-none-eabi/bin/../lib/gcc/arm-none-eabi/12.3.1/../../../../arm-none-eabi/lib/thumb/v7e-m/nofp/libg.a(libc_a-memchr.o)
 .ARM.exidx     0x0800ee78        0x0 /Applications/ArmGNUToolchain/12.3.rel1/arm-none-eabi/bin/../lib/gcc/arm-none-eabi/12.3.1/../../../../arm-none-eabi/lib/thumb/v7e-m/nofp/libg.a(libc_a-strlen.o)
                                  0x8 (size before relaxing)
 .ARM.exidx     0x0800ee78        0x0 /Applications/ArmGNUToolchain/12.3.rel1/arm-none-eabi/bin/../lib/gcc/arm-none-eabi/12.3.1/../../../../arm-none-eabi/lib/thumb/v7e-m/nofp/libg.a(libc_a-memcpy.o)
                                  0x8 (size before relaxing)
 .ARM.exidx.text.__udivmoddi4
                0x0800ee78        0x0 /Applications/ArmGNUToolchain/12.3.rel1/arm-none-eabi/bin/../lib/gcc/arm-none-eabi/12.3.1/thumb/v7e-m/nofp/libgcc.a(_udivmoddi4.o)
                                  0x8 (size before relaxing)
                0x0800ee78                        __exidx_end = .
                0x0800ee78                        . = ALIGN (0x4)

.rel.dyn        0x0800ee78        0x0
 .rel.iplt      0x0800ee78        0x0 /Applications/ArmGNUToolchain/12.3.rel1/arm-none-eabi/bin/../lib/gcc/arm-none-eabi/12.3.1/thumb/v7e-m/nofp/crtbegin.o

.preinit_array  0x0800ee78        0x0
                0x0800ee78                        . = ALIGN (0x4)
                0x0800ee78                        PROVIDE (__preinit_array_start = .)
 *(.preinit_array*)
                0x0800ee78                        PROVIDE (__preinit_array_end = .)
                0x0800ee78                        . = ALIGN (0x4)

.init_array     0x0800ee78        0x8
                0x0800ee78                        . = ALIGN (0x4)
                0x0800ee78                        PROVIDE (__init_array_start = .)
 *(SORT_BY_NAME(.init_array.*))
 .init_array.00000
                0x0800ee78        0x4 /Applications/ArmGNUToolchain/12.3.rel1/arm-none-eabi/bin/../lib/gcc/arm-none-eabi/12.3.1/../../../../arm-none-eabi/lib/thumb/v7e-m/nofp/libg.a(libc_a-__call_atexit.o)
 *(.init_array*)
 .init_array    0x0800ee7c        0x4 /Applications/ArmGNUToolchain/12.3.rel1/arm-none-eabi/bin/../lib/gcc/arm-none-eabi/12.3.1/thumb/v7e-m/nofp/crtbegin.o
                0x0800ee80                        PROVIDE (__init_array_end = .)
                0x0800ee80                        . = ALIGN (0x4)

.fini_array     0x0800ee80        0x4
                0x0800ee80                        . = ALIGN (0x4)
                0x0800ee80                        PROVIDE (__fini_array_start = .)
 *(SORT_BY_NAME(.fini_array.*))
 *(.fini_array*)
 .fini_array    0x0800ee80        0x4 /Applications/ArmGNUToolchain/12.3.rel1/arm-none-eabi/bin/../lib/gcc/arm-none-eabi/12.3.1/thumb/v7e-m/nofp/crtbegin.o
                0x0800ee84                        PROVIDE (__fini_array_end = .)
                0x0800ee84                        . = ALIGN (0x4)
                0x0800ee84                        _sidata = LOADADDR (.data)

.data           0x20000000     0x2c90 load address 0x0800ee84
                0x20000000                        . = ALIGN (0x4)
                0x20000000                        _sdata = .
 *(.data)
 *(.data*)
 .data.uwTickFreq
                0x20000000        0x1 CMakeFiles/RoboticArm_V4.elf.dir/Drivers/STM32F4xx_HAL_Driver/Src/stm32f4xx_hal.c.obj
                0x20000000                uwTickFreq
 *fill*         0x20000001        0x3 
 .data.uwTickPrio
                0x20000004        0x4 CMakeFiles/RoboticArm_V4.elf.dir/Drivers/STM32F4xx_HAL_Driver/Src/stm32f4xx_hal.c.obj
                0x20000004                uwTickPrio
 .data.medication_options_count
                0x20000008        0x4 CMakeFiles/RoboticArm_V4.elf.dir/Src/main.c.obj
                0x20000008                medication_options_count
 *fill*         0x2000000c        0x4 
 .data.RobotArmPos
                0x20000010       0x18 CMakeFiles/RoboticArm_V4.elf.dir/Src/main.c.obj
                0x20000010                RobotArmPos
 .data.music_feature_rr_var_speed
                0x20000028        0x8 CMakeFiles/RoboticArm_V4.elf.dir/Src/main.c.obj
                0x20000028                music_feature_rr_var_speed
 .data.rickrollData
                0x20000030      0xff0 CMakeFiles/RoboticArm_V4.elf.dir/Src/main.c.obj
                0x20000030                rickrollData
 .data.music_feature_nc_var_speed
                0x20001020        0x8 CMakeFiles/RoboticArm_V4.elf.dir/Src/main.c.obj
                0x20001020                music_feature_nc_var_speed
 .data.nyanCatData
                0x20001028     0x1584 CMakeFiles/RoboticArm_V4.elf.dir/Src/main.c.obj
                0x20001028                nyanCatData
 *fill*         0x200025ac        0x4 
 .data.draw_circle_var_radius
                0x200025b0        0x8 CMakeFiles/RoboticArm_V4.elf.dir/Src/main.c.obj
                0x200025b0                draw_circle_var_radius
 .data.totalPages
                0x200025b8        0x4 CMakeFiles/RoboticArm_V4.elf.dir/Src/main.c.obj
                0x200025b8                totalPages
 .data.gripperClosed
                0x200025bc        0x4 CMakeFiles/RoboticArm_V4.elf.dir/Src/stepper.c.obj
                0x200025bc                gripperClosed
 .data.SystemCoreClock
                0x200025c0        0x4 CMakeFiles/RoboticArm_V4.elf.dir/Src/system_stm32f4xx.c.obj
                0x200025c0                SystemCoreClock
 .data.__sglue  0x200025c4        0xc /Applications/ArmGNUToolchain/12.3.rel1/arm-none-eabi/bin/../lib/gcc/arm-none-eabi/12.3.1/../../../../arm-none-eabi/lib/thumb/v7e-m/nofp/libg.a(libc_a-findfp.o)
                0x200025c4                __sglue
 .data._impure_ptr
                0x200025d0        0x4 /Applications/ArmGNUToolchain/12.3.rel1/arm-none-eabi/bin/../lib/gcc/arm-none-eabi/12.3.1/../../../../arm-none-eabi/lib/thumb/v7e-m/nofp/libg.a(libc_a-impure.o)
                0x200025d0                _impure_ptr
 *fill*         0x200025d4        0x4 
 .data._impure_data
                0x200025d8      0x120 /Applications/ArmGNUToolchain/12.3.rel1/arm-none-eabi/bin/../lib/gcc/arm-none-eabi/12.3.1/../../../../arm-none-eabi/lib/thumb/v7e-m/nofp/libg.a(libc_a-impure.o)
                0x200025d8                _impure_data
 .data.__atexit_recursive_mutex
                0x200026f8        0x4 /Applications/ArmGNUToolchain/12.3.rel1/arm-none-eabi/bin/../lib/gcc/arm-none-eabi/12.3.1/../../../../arm-none-eabi/lib/thumb/v7e-m/nofp/libg.a(libc_a-__call_atexit.o)
                0x200026f8                __atexit_recursive_mutex
 .data.__malloc_sbrk_base
                0x200026fc        0x4 /Applications/ArmGNUToolchain/12.3.rel1/arm-none-eabi/bin/../lib/gcc/arm-none-eabi/12.3.1/../../../../arm-none-eabi/lib/thumb/v7e-m/nofp/libg.a(libc_a-mallocr.o)
                0x200026fc                __malloc_sbrk_base
 .data.__malloc_trim_threshold
                0x20002700        0x4 /Applications/ArmGNUToolchain/12.3.rel1/arm-none-eabi/bin/../lib/gcc/arm-none-eabi/12.3.1/../../../../arm-none-eabi/lib/thumb/v7e-m/nofp/libg.a(libc_a-mallocr.o)
                0x20002700                __malloc_trim_threshold
 *fill*         0x20002704        0x4 
 .data.__malloc_av_
                0x20002708      0x408 /Applications/ArmGNUToolchain/12.3.rel1/arm-none-eabi/bin/../lib/gcc/arm-none-eabi/12.3.1/../../../../arm-none-eabi/lib/thumb/v7e-m/nofp/libg.a(libc_a-mallocr.o)
                0x20002708                __malloc_av_
 .data.__global_locale
                0x20002b10      0x16c /Applications/ArmGNUToolchain/12.3.rel1/arm-none-eabi/bin/../lib/gcc/arm-none-eabi/12.3.1/../../../../arm-none-eabi/lib/thumb/v7e-m/nofp/libg.a(libc_a-locale.o)
                0x20002b10                __global_locale
 *fill*         0x20002c7c        0x4 
 .data.tiny     0x20002c80        0x8 /Applications/ArmGNUToolchain/12.3.rel1/arm-none-eabi/bin/../lib/gcc/arm-none-eabi/12.3.1/../../../../arm-none-eabi/lib/thumb/v7e-m/nofp/libm.a(libm_a-e_sqrt.o)
 .data.one      0x20002c88        0x8 /Applications/ArmGNUToolchain/12.3.rel1/arm-none-eabi/bin/../lib/gcc/arm-none-eabi/12.3.1/../../../../arm-none-eabi/lib/thumb/v7e-m/nofp/libm.a(libm_a-e_sqrt.o)
 *(.RamFunc)
 *(.RamFunc*)
                0x20002c90                        . = ALIGN (0x4)
                0x20002c90                        _edata = .

.tm_clone_table
                0x20002c90        0x0 load address 0x08011b14
 .tm_clone_table
                0x20002c90        0x0 /Applications/ArmGNUToolchain/12.3.rel1/arm-none-eabi/bin/../lib/gcc/arm-none-eabi/12.3.1/thumb/v7e-m/nofp/crtbegin.o
 .tm_clone_table
                0x20002c90        0x0 /Applications/ArmGNUToolchain/12.3.rel1/arm-none-eabi/bin/../lib/gcc/arm-none-eabi/12.3.1/thumb/v7e-m/nofp/crtend.o

.igot.plt       0x20002c90        0x0 load address 0x08011b14
 .igot.plt      0x20002c90        0x0 /Applications/ArmGNUToolchain/12.3.rel1/arm-none-eabi/bin/../lib/gcc/arm-none-eabi/12.3.1/thumb/v7e-m/nofp/crtbegin.o
                0x20002c90                        . = ALIGN (0x4)

.bss            0x20002c90     0x5a70 load address 0x08011b14
                0x20002c90                        _sbss = .
                0x20002c90                        __bss_start__ = _sbss
 *(.bss)
 *(.bss*)
 .bss.completed.1
                0x20002c90        0x1 /Applications/ArmGNUToolchain/12.3.rel1/arm-none-eabi/bin/../lib/gcc/arm-none-eabi/12.3.1/thumb/v7e-m/nofp/crtbegin.o
 *fill*         0x20002c91        0x3 
 .bss.object.0  0x20002c94       0x18 /Applications/ArmGNUToolchain/12.3.rel1/arm-none-eabi/bin/../lib/gcc/arm-none-eabi/12.3.1/thumb/v7e-m/nofp/crtbegin.o
 .bss.uwTick    0x20002cac        0x4 CMakeFiles/RoboticArm_V4.elf.dir/Drivers/STM32F4xx_HAL_Driver/Src/stm32f4xx_hal.c.obj
                0x20002cac                uwTick
 .bss.htimRef   0x20002cb0        0x4 CMakeFiles/RoboticArm_V4.elf.dir/Src/beeper.c.obj
                0x20002cb0                htimRef
 .bss.stopped   0x20002cb4        0x4 CMakeFiles/RoboticArm_V4.elf.dir/Src/beeper.c.obj
                0x20002cb4                stopped
 .bss.beeperStatus
                0x20002cb8        0x4 CMakeFiles/RoboticArm_V4.elf.dir/Src/beeper.c.obj
                0x20002cb8                beeperStatus
 .bss.beeperSchedulerWriteIndex
                0x20002cbc        0x4 CMakeFiles/RoboticArm_V4.elf.dir/Src/beeper.c.obj
                0x20002cbc                beeperSchedulerWriteIndex
 .bss.beeperSchedulerReadIndex
                0x20002cc0        0x4 CMakeFiles/RoboticArm_V4.elf.dir/Src/beeper.c.obj
                0x20002cc0                beeperSchedulerReadIndex
 .bss.beeperSchedulerQueue
                0x20002cc4     0x3000 CMakeFiles/RoboticArm_V4.elf.dir/Src/beeper.c.obj
                0x20002cc4                beeperSchedulerQueue
 .bss.convCompleted
                0x20005cc4        0x1 CMakeFiles/RoboticArm_V4.elf.dir/Src/main.c.obj
                0x20005cc4                convCompleted
 .bss.currentStatus
                0x20005cc5        0x1 CMakeFiles/RoboticArm_V4.elf.dir/Src/main.c.obj
                0x20005cc5                currentStatus
 *fill*         0x20005cc6        0x2 
 .bss.JoystickControlCache
                0x20005cc8        0xc CMakeFiles/RoboticArm_V4.elf.dir/Src/main.c.obj
                0x20005cc8                JoystickControlCache
 .bss.med_joystick_btn_cache
                0x20005cd4        0x4 CMakeFiles/RoboticArm_V4.elf.dir/Src/main.c.obj
                0x20005cd4                med_joystick_btn_cache
 .bss.med_joystick_cache
                0x20005cd8        0x4 CMakeFiles/RoboticArm_V4.elf.dir/Src/main.c.obj
                0x20005cd8                med_joystick_cache
 .bss.med_running
                0x20005cdc        0x4 CMakeFiles/RoboticArm_V4.elf.dir/Src/main.c.obj
                0x20005cdc                med_running
 .bss.medication_current_option_run
                0x20005ce0        0x4 CMakeFiles/RoboticArm_V4.elf.dir/Src/main.c.obj
                0x20005ce0                medication_current_option_run
 .bss.medication_start_cache
                0x20005ce4        0x4 CMakeFiles/RoboticArm_V4.elf.dir/Src/main.c.obj
                0x20005ce4                medication_start_cache
 .bss.med_set_point_vars
                0x20005ce8       0x28 CMakeFiles/RoboticArm_V4.elf.dir/Src/main.c.obj
                0x20005ce8                med_set_point_vars
 .bss.lastUpdateTime
                0x20005d10        0x8 CMakeFiles/RoboticArm_V4.elf.dir/Src/main.c.obj
                0x20005d10                lastUpdateTime
 .bss.medTasksIndex
                0x20005d18        0x4 CMakeFiles/RoboticArm_V4.elf.dir/Src/main.c.obj
                0x20005d18                medTasksIndex
 .bss.medTasksCount
                0x20005d1c        0x4 CMakeFiles/RoboticArm_V4.elf.dir/Src/main.c.obj
                0x20005d1c                medTasksCount
 .bss.MedTasks  0x20005d20      0x200 CMakeFiles/RoboticArm_V4.elf.dir/Src/main.c.obj
                0x20005d20                MedTasks
 .bss.music_feature_rr_var_locked
                0x20005f20        0x4 CMakeFiles/RoboticArm_V4.elf.dir/Src/main.c.obj
                0x20005f20                music_feature_rr_var_locked
 .bss.music_feature_rr_var_btnCache
                0x20005f24        0x4 CMakeFiles/RoboticArm_V4.elf.dir/Src/main.c.obj
                0x20005f24                music_feature_rr_var_btnCache
 .bss.music_feature_rr_var_beeped
                0x20005f28        0x4 CMakeFiles/RoboticArm_V4.elf.dir/Src/main.c.obj
                0x20005f28                music_feature_rr_var_beeped
 *fill*         0x20005f2c        0x4 
 .bss.music_feature_rr_var_pauseCounter
                0x20005f30        0x8 CMakeFiles/RoboticArm_V4.elf.dir/Src/main.c.obj
                0x20005f30                music_feature_rr_var_pauseCounter
 .bss.music_feature_rr_notesIndex
                0x20005f38        0x4 CMakeFiles/RoboticArm_V4.elf.dir/Src/main.c.obj
                0x20005f38                music_feature_rr_notesIndex
 .bss.music_feature_nc_var_locked
                0x20005f3c        0x4 CMakeFiles/RoboticArm_V4.elf.dir/Src/main.c.obj
                0x20005f3c                music_feature_nc_var_locked
 .bss.music_feature_nc_var_btnCache
                0x20005f40        0x4 CMakeFiles/RoboticArm_V4.elf.dir/Src/main.c.obj
                0x20005f40                music_feature_nc_var_btnCache
 .bss.music_feature_nc_var_beeped
                0x20005f44        0x4 CMakeFiles/RoboticArm_V4.elf.dir/Src/main.c.obj
                0x20005f44                music_feature_nc_var_beeped
 .bss.music_feature_nc_var_pauseCounter
                0x20005f48        0x8 CMakeFiles/RoboticArm_V4.elf.dir/Src/main.c.obj
                0x20005f48                music_feature_nc_var_pauseCounter
 .bss.music_feature_nc_notesIndex
                0x20005f50        0x4 CMakeFiles/RoboticArm_V4.elf.dir/Src/main.c.obj
                0x20005f50                music_feature_nc_notesIndex
 .bss.draw_circle_var_btnCache
                0x20005f54        0x4 CMakeFiles/RoboticArm_V4.elf.dir/Src/main.c.obj
                0x20005f54                draw_circle_var_btnCache
 .bss.draw_circle_var_locked
                0x20005f58        0x4 CMakeFiles/RoboticArm_V4.elf.dir/Src/main.c.obj
                0x20005f58                draw_circle_var_locked
 .bss.menuOptions
                0x20005f5c       0xc0 CMakeFiles/RoboticArm_V4.elf.dir/Src/main.c.obj
                0x20005f5c                menuOptions
 .bss.menuOptionCount
                0x2000601c        0x4 CMakeFiles/RoboticArm_V4.elf.dir/Src/main.c.obj
                0x2000601c                menuOptionCount
 .bss.currentPage
                0x20006020        0x4 CMakeFiles/RoboticArm_V4.elf.dir/Src/main.c.obj