Archive member included to satisfy reference by file (symbol)

/Applications/ArmGNUToolchain/12.3.rel1/arm-none-eabi/bin/../lib/gcc/arm-none-eabi/12.3.1/thumb/v7e-m/nofp/libgcc.a(_arm_muldf3.o)
                              CMakeFiles/RoboticArm_V4.elf.dir/Src/main.c.obj (__aeabi_dmul)
/Applications/ArmGNUToolchain/12.3.rel1/arm-none-eabi/bin/../lib/gcc/arm-none-eabi/12.3.1/thumb/v7e-m/nofp/libgcc.a(_arm_addsubdf3.o)
                              CMakeFiles/RoboticArm_V4.elf.dir/Src/main.c.obj (__aeabi_dsub)
/Applications/ArmGNUToolchain/12.3.rel1/arm-none-eabi/bin/../lib/gcc/arm-none-eabi/12.3.1/thumb/v7e-m/nofp/libgcc.a(_arm_muldivdf3.o)
                              CMakeFiles/RoboticArm_V4.elf.dir/Src/main.c.obj (__aeabi_ddiv)
/Applications/ArmGNUToolchain/12.3.rel1/arm-none-eabi/bin/../lib/gcc/arm-none-eabi/12.3.1/thumb/v7e-m/nofp/libgcc.a(_arm_cmpdf2.o)
                              CMakeFiles/RoboticArm_V4.elf.dir/Src/main.c.obj (__aeabi_dcmplt)
/Applications/ArmGNUToolchain/12.3.rel1/arm-none-eabi/bin/../lib/gcc/arm-none-eabi/12.3.1/thumb/v7e-m/nofp/libgcc.a(_arm_fixdfsi.o)
                              CMakeFiles/RoboticArm_V4.elf.dir/Src/main.c.obj (__aeabi_d2iz)
/Applications/ArmGNUToolchain/12.3.rel1/arm-none-eabi/bin/../lib/gcc/arm-none-eabi/12.3.1/thumb/v7e-m/nofp/libgcc.a(_aeabi_uldivmod.o)
                              CMakeFiles/RoboticArm_V4.elf.dir/Drivers/STM32F4xx_HAL_Driver/Src/stm32f4xx_hal_rcc.c.obj (__aeabi_uldivmod)
/Applications/ArmGNUToolchain/12.3.rel1/arm-none-eabi/bin/../lib/gcc/arm-none-eabi/12.3.1/thumb/v7e-m/nofp/libgcc.a(_udivmoddi4.o)
                              /Applications/ArmGNUToolchain/12.3.rel1/arm-none-eabi/bin/../lib/gcc/arm-none-eabi/12.3.1/thumb/v7e-m/nofp/libgcc.a(_aeabi_uldivmod.o) (__udivmoddi4)
/Applications/ArmGNUToolchain/12.3.rel1/arm-none-eabi/bin/../lib/gcc/arm-none-eabi/12.3.1/thumb/v7e-m/nofp/libgcc.a(_dvmd_tls.o)
                              /Applications/ArmGNUToolchain/12.3.rel1/arm-none-eabi/bin/../lib/gcc/arm-none-eabi/12.3.1/thumb/v7e-m/nofp/libgcc.a(_aeabi_uldivmod.o) (__aeabi_ldiv0)
/Applications/ArmGNUToolchain/12.3.rel1/arm-none-eabi/bin/../lib/gcc/arm-none-eabi/12.3.1/../../../../arm-none-eabi/lib/thumb/v7e-m/nofp/libg.a(libc_a-exit.o)
                              /Applications/ArmGNUToolchain/12.3.rel1/arm-none-eabi/bin/../lib/gcc/arm-none-eabi/12.3.1/../../../../arm-none-eabi/lib/thumb/v7e-m/nofp/crt0.o (exit)
/Applications/ArmGNUToolchain/12.3.rel1/arm-none-eabi/bin/../lib/gcc/arm-none-eabi/12.3.1/../../../../arm-none-eabi/lib/thumb/v7e-m/nofp/libg.a(libc_a-sprintf.o)
                              CMakeFiles/RoboticArm_V4.elf.dir/Src/main.c.obj (sprintf)
/Applications/ArmGNUToolchain/12.3.rel1/arm-none-eabi/bin/../lib/gcc/arm-none-eabi/12.3.1/../../../../arm-none-eabi/lib/thumb/v7e-m/nofp/libg.a(libc_a-findfp.o)
                              /Applications/ArmGNUToolchain/12.3.rel1/arm-none-eabi/bin/../lib/gcc/arm-none-eabi/12.3.1/../../../../arm-none-eabi/lib/thumb/v7e-m/nofp/libg.a(libc_a-exit.o) (__stdio_exit_handler)
/Applications/ArmGNUToolchain/12.3.rel1/arm-none-eabi/bin/../lib/gcc/arm-none-eabi/12.3.1/../../../../arm-none-eabi/lib/thumb/v7e-m/nofp/libg.a(libc_a-fwalk.o)
                              /Applications/ArmGNUToolchain/12.3.rel1/arm-none-eabi/bin/../lib/gcc/arm-none-eabi/12.3.1/../../../../arm-none-eabi/lib/thumb/v7e-m/nofp/libg.a(libc_a-findfp.o) (_fwalk_sglue)
/Applications/ArmGNUToolchain/12.3.rel1/arm-none-eabi/bin/../lib/gcc/arm-none-eabi/12.3.1/../../../../arm-none-eabi/lib/thumb/v7e-m/nofp/libg.a(libc_a-memset.o)
                              /Applications/ArmGNUToolchain/12.3.rel1/arm-none-eabi/bin/../lib/gcc/arm-none-eabi/12.3.1/../../../../arm-none-eabi/lib/thumb/v7e-m/nofp/crt0.o (memset)
/Applications/ArmGNUToolchain/12.3.rel1/arm-none-eabi/bin/../lib/gcc/arm-none-eabi/12.3.1/../../../../arm-none-eabi/lib/thumb/v7e-m/nofp/libg.a(libc_a-impure.o)
                              /Applications/ArmGNUToolchain/12.3.rel1/arm-none-eabi/bin/../lib/gcc/arm-none-eabi/12.3.1/../../../../arm-none-eabi/lib/thumb/v7e-m/nofp/libg.a(libc_a-sprintf.o) (_impure_ptr)
/Applications/ArmGNUToolchain/12.3.rel1/arm-none-eabi/bin/../lib/gcc/arm-none-eabi/12.3.1/../../../../arm-none-eabi/lib/thumb/v7e-m/nofp/libg.a(libc_a-errno.o)
                              CMakeFiles/RoboticArm_V4.elf.dir/Src/syscalls.c.obj (__errno)
/Applications/ArmGNUToolchain/12.3.rel1/arm-none-eabi/bin/../lib/gcc/arm-none-eabi/12.3.1/../../../../arm-none-eabi/lib/thumb/v7e-m/nofp/libg.a(libc_a-init.o)
                              /Applications/ArmGNUToolchain/12.3.rel1/arm-none-eabi/bin/../lib/gcc/arm-none-eabi/12.3.1/../../../../arm-none-eabi/lib/thumb/v7e-m/nofp/crt0.o (__libc_init_array)
/Applications/ArmGNUToolchain/12.3.rel1/arm-none-eabi/bin/../lib/gcc/arm-none-eabi/12.3.1/../../../../arm-none-eabi/lib/thumb/v7e-m/nofp/libg.a(libc_a-lock.o)
[...]
Memory Configuration

Name             Origin             Length             Attributes
RAM              0x20000000         0x00018000         xrw
FLASH            0x08000000         0x00080000         xr
*default*        0x00000000         0xffffffff

Linker script and memory map

LOAD /Applications/ArmGNUToolchain/12.3.rel1/arm-none-eabi/bin/../lib/gcc/arm-none-eabi/12.3.1/thumb/v7e-m/nofp/crti.o
LOAD /Applications/ArmGNUToolchain/12.3.rel1/arm-none-eabi/bin/../lib/gcc/arm-none-eabi/12.3.1/thumb/v7e-m/nofp/crtbegin.o
LOAD /Applications/ArmGNUToolchain/12.3.rel1/arm-none-eabi/bin/../lib/gcc/arm-none-eabi/12.3.1/../../../../arm-none-eabi/lib/thumb/v7e-m/nofp/crt0.o
LOAD CMakeFiles/RoboticArm_V4.elf.dir/Drivers/STM32F4xx_HAL_Driver/Src/stm32f4xx_hal.c.obj
LOAD CMakeFiles/RoboticArm_V4.elf.dir/Drivers/STM32F4xx_HAL_Driver/Src/stm32f4xx_hal_adc.c.obj
LOAD CMakeFiles/RoboticArm_V4.elf.dir/Drivers/STM32F4xx_HAL_Driver/Src/stm32f4xx_hal_adc_ex.c.obj
LOAD CMakeFiles/RoboticArm_V4.elf.dir/Drivers/STM32F4xx_HAL_Driver/Src/stm32f4xx_hal_cortex.c.obj
LOAD CMakeFiles/RoboticArm_V4.elf.dir/Drivers/STM32F4xx_HAL_Driver/Src/stm32f4xx_hal_dma.c.obj
LOAD CMakeFiles/RoboticArm_V4.elf.dir/Drivers/STM32F4xx_HAL_Driver/Src/stm32f4xx_hal_dma_ex.c.obj
LOAD CMakeFiles/RoboticArm_V4.elf.dir/Drivers/STM32F4xx_HAL_Driver/Src/stm32f4xx_hal_exti.c.obj
LOAD CMakeFiles/RoboticArm_V4.elf.dir/Drivers/STM32F4xx_HAL_Driver/Src/stm32f4xx_hal_flash.c.obj
LOAD CMakeFiles/RoboticArm_V4.elf.dir/Drivers/STM32F4xx_HAL_Driver/Src/stm32f4xx_hal_flash_ex.c.obj
LOAD CMakeFiles/RoboticArm_V4.elf.dir/Drivers/STM32F4xx_HAL_Driver/Src/stm32f4xx_hal_flash_ramfunc.c.obj
LOAD CMakeFiles/RoboticArm_V4.elf.dir/Drivers/STM32F4xx_HAL_Driver/Src/stm32f4xx_hal_gpio.c.obj
LOAD CMakeFiles/RoboticArm_V4.elf.dir/Drivers/STM32F4xx_HAL_Driver/Src/stm32f4xx_hal_i2c.c.obj
LOAD CMakeFiles/RoboticArm_V4.elf.dir/Drivers/STM32F4xx_HAL_Driver/Src/stm32f4xx_hal_i2c_ex.c.obj
LOAD CMakeFiles/RoboticArm_V4.elf.dir/Drivers/STM32F4xx_HAL_Driver/Src/stm32f4xx_hal_pwr.c.obj
LOAD CMakeFiles/RoboticArm_V4.elf.dir/Drivers/STM32F4xx_HAL_Driver/Src/stm32f4xx_hal_pwr_ex.c.obj
LOAD CMakeFiles/RoboticArm_V4.elf.dir/Drivers/STM32F4xx_HAL_Driver/Src/stm32f4xx_hal_rcc.c.obj
LOAD CMakeFiles/RoboticArm_V4.elf.dir/Drivers/STM32F4xx_HAL_Driver/Src/stm32f4xx_hal_rcc_ex.c.obj
LOAD CMakeFiles/RoboticArm_V4.elf.dir/Drivers/STM32F4xx_HAL_Driver/Src/stm32f4xx_hal_tim.c.obj
LOAD CMakeFiles/RoboticArm_V4.elf.dir/Drivers/STM32F4xx_HAL_Driver/Src/stm32f4xx_hal_tim_ex.c.obj
LOAD CMakeFiles/RoboticArm_V4.elf.dir/Drivers/STM32F4xx_HAL_Driver/Src/stm32f4xx_ll_adc.c.obj
LOAD CMakeFiles/RoboticArm_V4.elf.dir/Src/beeper.c.obj
LOAD CMakeFiles/RoboticArm_V4.elf.dir/Src/main.c.obj
LOAD CMakeFiles/RoboticArm_V4.elf.dir/Src/stepper.c.obj
LOAD CMakeFiles/RoboticArm_V4.elf.dir/Src/stm32f4xx_hal_msp.c.obj
LOAD CMakeFiles/RoboticArm_V4.elf.dir/Src/stm32f4xx_it.c.obj
LOAD CMakeFiles/RoboticArm_V4.elf.dir/Src/syscalls.c.obj
LOAD CMakeFiles/RoboticArm_V4.elf.dir/Src/sysmem.c.obj
LOAD CMakeFiles/RoboticArm_V4.elf.dir/Src/system_stm32f4xx.c.obj
LOAD CMakeFiles/RoboticArm_V4.elf.dir/Startup/startup_stm32f401retx.s.obj
START GROUP
LOAD /Applications/ArmGNUToolchain/12.3.rel1/arm-none-eabi/bin/../lib/gcc/arm-none-eabi/12.3.1/thumb/v7e-m/nofp/libgcc.a
LOAD /Applications/ArmGNUToolchain/12.3.rel1/arm-none-eabi/bin/../lib/gcc/arm-none-eabi/12.3.1/../../../../arm-none-eabi/lib/thumb/v7e-m/nofp/libg.a
LOAD /Applications/ArmGNUToolchain/12.3.rel1/arm-none-eabi/bin/../lib/gcc/arm-none-eabi/12.3.1/../../../../arm-none-eabi/lib/thumb/v7e-m/nofp/libc.a
END GROUP
LOAD /Applications/ArmGNUToolchain/12.3.rel1/arm-none-eabi/bin/../lib/gcc/arm-none-eabi/12.3.1/thumb/v7e-m/nofp/crtend.o
LOAD /Applications/ArmGNUToolchain/12.3.rel1/arm-none-eabi/bin/../lib/gcc/arm-none-eabi/12.3.1/thumb/v7e-m/nofp/crtn.o
                0x20018000                        _estack = (ORIGIN (RAM) + LENGTH (RAM))
                0x00000200                        _Min_Heap_Size = 0x200
                0x00000400                        _Min_Stack_Size = 0x400

.isr_vector     0x08000000      0x194
                0x08000000                        . = ALIGN (0x4)
 *(.isr_vector)
 .isr_vector    0x08000000      0x194 CMakeFiles/RoboticArm_V4.elf.dir/Startup/startup_stm32f401retx.s.obj
                0x08000000                g_pfnVectors
                0x08000194                        . = ALIGN (0x4)

.text           0x080001c0     0xa0b4
                0x080001c0                        . = ALIGN (0x4)
 *(.text)
 .text          0x080001c0      0x378 /Applications/ArmGNUToolchain/12.3.rel1/arm-none-eabi/bin/../lib/gcc/arm-none-eabi/12.3.1/thumb/v7e-m/nofp/libgcc.a(_arm_addsubdf3.o)
                0x080001c0                __aeabi_drsub
                0x080001c8                __subdf3
                0x080001c8                __aeabi_dsub
                0x080001cc                __aeabi_dadd
                0x080001cc                __adddf3
                0x08000444                __aeabi_ui2d
                0x08000444                __floatunsidf
                0x08000464                __floatsidf
                0x08000464                __aeabi_i2d
                0x08000488                __extendsfdf2
                0x08000488                __aeabi_f2d
                0x080004cc                __aeabi_ul2d
                0x080004cc                __floatundidf
                0x080004dc                __aeabi_l2d
                0x080004dc                __floatdidf
 .text          0x08000538      0x424 /Applications/ArmGNUToolchain/12.3.rel1/arm-none-eabi/bin/../lib/gcc/arm-none-eabi/12.3.1/thumb/v7e-m/nofp/libgcc.a(_arm_muldivdf3.o)
                0x08000538                __aeabi_dmul
                0x08000538                __muldf3
                0x0800078c                __aeabi_ddiv
                0x0800078c                __divdf3
 .text          0x0800095c      0x110 /Applications/ArmGNUToolchain/12.3.rel1/arm-none-eabi/bin/../lib/gcc/arm-none-eabi/12.3.1/thumb/v7e-m/nofp/libgcc.a(_arm_cmpdf2.o)
                0x0800095c                __gedf2
                0x0800095c                __gtdf2
                0x08000964                __ledf2
                0x08000964                __ltdf2
                0x0800096c                __cmpdf2
                0x0800096c                __eqdf2
                0x0800096c                __nedf2
                0x080009e8                __aeabi_cdrcmple
                0x080009f8                __aeabi_cdcmple
                0x080009f8                __aeabi_cdcmpeq
                0x08000a08                __aeabi_dcmpeq
                0x08000a1c                __aeabi_dcmplt
                0x08000a30                __aeabi_dcmple
                0x08000a44                __aeabi_dcmpge
                0x08000a58                __aeabi_dcmpgt
 .text          0x08000a6c       0x50 /Applications/ArmGNUToolchain/12.3.rel1/arm-none-eabi/bin/../lib/gcc/arm-none-eabi/12.3.1/thumb/v7e-m/nofp/libgcc.a(_arm_fixdfsi.o)
                0x08000a6c                __fixdfsi
                0x08000a6c                __aeabi_d2iz
 .text          0x08000abc       0x30 /Applications/ArmGNUToolchain/12.3.rel1/arm-none-eabi/bin/../lib/gcc/arm-none-eabi/12.3.1/thumb/v7e-m/nofp/libgcc.a(_aeabi_uldivmod.o)
                0x08000abc                __aeabi_uldivmod
 .text          0x08000aec        0x4 /Applications/ArmGNUToolchain/12.3.rel1/arm-none-eabi/bin/../lib/gcc/arm-none-eabi/12.3.1/thumb/v7e-m/nofp/libgcc.a(_dvmd_tls.o)
                0x08000aec                __aeabi_ldiv0
                0x08000aec                __aeabi_idiv0
 .text          0x08000af0       0xa0 /Applications/ArmGNUToolchain/12.3.rel1/arm-none-eabi/bin/../lib/gcc/arm-none-eabi/12.3.1/../../../../arm-none-eabi/lib/thumb/v7e-m/nofp/libg.a(libc_a-memchr.o)
                0x08000af0                memchr
 *fill*         0x08000b90       0x30 
 .text          0x08000bc0       0xd8 /Applications/ArmGNUToolchain/12.3.rel1/arm-none-eabi/bin/../lib/gcc/arm-none-eabi/12.3.1/../../../../arm-none-eabi/lib/thumb/v7e-m/nofp/libg.a(libc_a-strlen.o)
                0x08000bc0                strlen
 .text          0x08000c98      0x134 /Applications/ArmGNUToolchain/12.3.rel1/arm-none-eabi/bin/../lib/gcc/arm-none-eabi/12.3.1/../../../../arm-none-eabi/lib/thumb/v7e-m/nofp/libg.a(libc_a-memcpy.o)
                0x08000c98                memcpy
 .text          0x08000dcc       0x2c /Applications/ArmGNUToolchain/12.3.rel1/arm-none-eabi/bin/../lib/gcc/arm-none-eabi/12.3.1/thumb/v7e-m/nofp/libgcc.a(_arm_unorddf2.o)
                0x08000dcc                __aeabi_dcmpun
                0x08000dcc                __unorddf2
 *(.text*)
 .text.deregister_tm_clones
                0x08000df8       0x1c /Applications/ArmGNUToolchain/12.3.rel1/arm-none-eabi/bin/../lib/gcc/arm-none-eabi/12.3.1/thumb/v7e-m/nofp/crtbegin.o
 .text.register_tm_clones
                0x08000e14       0x24 /Applications/ArmGNUToolchain/12.3.rel1/arm-none-eabi/bin/../lib/gcc/arm-none-eabi/12.3.1/thumb/v7e-m/nofp/crtbegin.o
 .text.__do_global_dtors_aux
                0x08000e38       0x28 /Applications/ArmGNUToolchain/12.3.rel1/arm-none-eabi/bin/../lib/gcc/arm-none-eabi/12.3.1/thumb/v7e-m/nofp/crtbegin.o
 .text.frame_dummy
                0x08000e60       0x24 /Applications/ArmGNUToolchain/12.3.rel1/arm-none-eabi/bin/../lib/gcc/arm-none-eabi/12.3.1/thumb/v7e-m/nofp/crtbegin.o
 .text.HAL_InitTick
                0x08000e84       0x4c CMakeFiles/RoboticArm_V4.elf.dir/Drivers/STM32F4xx_HAL_Driver/Src/stm32f4xx_hal.c.obj
                0x08000e84                HAL_InitTick
 .text.HAL_Init
                0x08000ed0       0x34 CMakeFiles/RoboticArm_V4.elf.dir/Drivers/STM32F4xx_HAL_Driver/Src/stm32f4xx_hal.c.obj
                0x08000ed0                HAL_Init
 .text.HAL_IncTick
                0x08000f04       0x18 CMakeFiles/RoboticArm_V4.elf.dir/Drivers/STM32F4xx_HAL_Driver/Src/stm32f4xx_hal.c.obj
                0x08000f04                HAL_IncTick
 .text.HAL_GetTick
                0x08000f1c        0xc CMakeFiles/RoboticArm_V4.elf.dir/Drivers/STM32F4xx_HAL_Driver/Src/stm32f4xx_hal.c.obj
                0x08000f1c                HAL_GetTick
 .text.HAL_Delay
                0x08000f28       0x28 CMakeFiles/RoboticArm_V4.elf.dir/Drivers/STM32F4xx_HAL_Driver/Src/stm32f4xx_hal.c.obj
                0x08000f28                HAL_Delay
 .text.ADC_Init
                0x08000f50      0x134 CMakeFiles/RoboticArm_V4.elf.dir/Drivers/STM32F4xx_HAL_Driver/Src/stm32f4xx_hal_adc.c.obj
 .text.HAL_ADC_Init
                0x08001084       0x56 CMakeFiles/RoboticArm_V4.elf.dir/Drivers/STM32F4xx_HAL_Driver/Src/stm32f4xx_hal_adc.c.obj
                0x08001084                HAL_ADC_Init
 *fill*         0x080010da        0x2 
 .text.HAL_ADC_Start_DMA
                0x080010dc      0x164 CMakeFiles/RoboticArm_V4.elf.dir/Drivers/STM32F4xx_HAL_Driver/Src/stm32f4xx_hal_adc.c.obj
                0x080010dc                HAL_ADC_Start_DMA
 .text.HAL_ADC_ConvHalfCpltCallback
                0x08001240        0x2 CMakeFiles/RoboticArm_V4.elf.dir/Drivers/STM32F4xx_HAL_Driver/Src/stm32f4xx_hal_adc.c.obj
                0x08001240                HAL_ADC_ConvHalfCpltCallback
 .text.ADC_DMAHalfConvCplt
                0x08001242        0xa CMakeFiles/RoboticArm_V4.elf.dir/Drivers/STM32F4xx_HAL_Driver/Src/stm32f4xx_hal_adc.c.obj
 .text.HAL_ADC_LevelOutOfWindowCallback
                0x0800124c        0x2 CMakeFiles/RoboticArm_V4.elf.dir/Drivers/STM32F4xx_HAL_Driver/Src/stm32f4xx_hal_adc.c.obj
                0x0800124c                HAL_ADC_LevelOutOfWindowCallback
 .text.HAL_ADC_ErrorCallback
                0x0800124e        0x2 CMakeFiles/RoboticArm_V4.elf.dir/Drivers/STM32F4xx_HAL_Driver/Src/stm32f4xx_hal_adc.c.obj
                0x0800124e                HAL_ADC_ErrorCallback
 .text.HAL_ADC_IRQHandler
                0x08001250      0x142 CMakeFiles/RoboticArm_V4.elf.dir/Drivers/STM32F4xx_HAL_Driver/Src/stm32f4xx_hal_adc.c.obj
                0x08001250                HAL_ADC_IRQHandler
 .text.ADC_DMAError
                0x08001392       0x16 CMakeFiles/RoboticArm_V4.elf.dir/Drivers/STM32F4xx_HAL_Driver/Src/stm32f4xx_hal_adc.c.obj
 .text.ADC_DMAConvCplt
                0x080013a8       0x72 CMakeFiles/RoboticArm_V4.elf.dir/Drivers/STM32F4xx_HAL_Driver/Src/stm32f4xx_hal_adc.c.obj
 *fill*         0x0800141a        0x2 
 .text.HAL_ADC_ConfigChannel
                0x0800141c      0x194 CMakeFiles/RoboticArm_V4.elf.dir/Drivers/STM32F4xx_HAL_Driver/Src/stm32f4xx_hal_adc.c.obj
                0x0800141c                HAL_ADC_ConfigChannel
 .text.HAL_ADCEx_InjectedConvCpltCallback
                0x080015b0        0x2 CMakeFiles/RoboticArm_V4.elf.dir/Drivers/STM32F4xx_HAL_Driver/Src/stm32f4xx_hal_adc_ex.c.obj
                0x080015b0                HAL_ADCEx_InjectedConvCpltCallback
 *fill*         0x080015b2        0x2 
 .text.__NVIC_SetPriority
                0x080015b4       0x28 CMakeFiles/RoboticArm_V4.elf.dir/Drivers/STM32F4xx_HAL_Driver/Src/stm32f4xx_hal_cortex.c.obj
 .text.NVIC_EncodePriority
                0x080015dc       0x3e CMakeFiles/RoboticArm_V4.elf.dir/Drivers/STM32F4xx_HAL_Driver/Src/stm32f4xx_hal_cortex.c.obj
 *fill*         0x0800161a        0x2 
 .text.HAL_NVIC_SetPriorityGrouping
                0x0800161c       0x24 CMakeFiles/RoboticArm_V4.elf.dir/Drivers/STM32F4xx_HAL_Driver/Src/stm32f4xx_hal_cortex.c.obj
                0x0800161c                HAL_NVIC_SetPriorityGrouping
 .text.HAL_NVIC_SetPriority
                0x08001640       0x20 CMakeFiles/RoboticArm_V4.elf.dir/Drivers/STM32F4xx_HAL_Driver/Src/stm32f4xx_hal_cortex.c.obj
                0x08001640                HAL_NVIC_SetPriority
 .text.HAL_NVIC_EnableIRQ
                0x08001660       0x1c CMakeFiles/RoboticArm_V4.elf.dir/Drivers/STM32F4xx_HAL_Driver/Src/stm32f4xx_hal_cortex.c.obj
                0x08001660                HAL_NVIC_EnableIRQ
 .text.HAL_SYSTICK_Config
                0x0800167c       0x28 CMakeFiles/RoboticArm_V4.elf.dir/Drivers/STM32F4xx_HAL_Driver/Src/stm32f4xx_hal_cortex.c.obj
                0x0800167c                HAL_SYSTICK_Config
 .text.DMA_SetConfig
                0x080016a4       0x2c CMakeFiles/RoboticArm_V4.elf.dir/Drivers/STM32F4xx_HAL_Driver/Src/stm32f4xx_hal_dma.c.obj
 .text.DMA_CalcBaseAndBitshift
                0x080016d0       0x40 CMakeFiles/RoboticArm_V4.elf.dir/Drivers/STM32F4xx_HAL_Driver/Src/stm32f4xx_hal_dma.c.obj
 .text.DMA_CheckFifoParam
                0x08001710       0x8e CMakeFiles/RoboticArm_V4.elf.dir/Drivers/STM32F4xx_HAL_Driver/Src/stm32f4xx_hal_dma.c.obj
 *fill*         0x0800179e        0x2 
 .text.HAL_DMA_Init
                0x080017a0       0xcc CMakeFiles/RoboticArm_V4.elf.dir/Drivers/STM32F4xx_HAL_Driver/Src/stm32f4xx_hal_dma.c.obj
                0x080017a0                HAL_DMA_Init
 .text.HAL_DMA_Start_IT
                0x0800186c       0x6a CMakeFiles/RoboticArm_V4.elf.dir/Drivers/STM32F4xx_HAL_Driver/Src/stm32f4xx_hal_dma.c.obj
                0x0800186c                HAL_DMA_Start_IT
 *fill*         0x080018d6        0x2 
 .text.HAL_DMA_IRQHandler
                0x080018d8      0x1dc CMakeFiles/RoboticArm_V4.elf.dir/Drivers/STM32F4xx_HAL_Driver/Src/stm32f4xx_hal_dma.c.obj
                0x080018d8                HAL_DMA_IRQHandler
 .text.HAL_GPIO_Init
                0x08001ab4      0x1d0 CMakeFiles/RoboticArm_V4.elf.dir/Drivers/STM32F4xx_HAL_Driver/Src/stm32f4xx_hal_gpio.c.obj
                0x08001ab4                HAL_GPIO_Init
 .text.HAL_GPIO_WritePin
                0x08001c84        0xc CMakeFiles/RoboticArm_V4.elf.dir/Drivers/STM32F4xx_HAL_Driver/Src/stm32f4xx_hal_gpio.c.obj
                0x08001c84                HAL_GPIO_WritePin
 .text.I2C_IsAcknowledgeFailed
                0x08001c90       0x32 CMakeFiles/RoboticArm_V4.elf.dir/Drivers/STM32F4xx_HAL_Driver/Src/stm32f4xx_hal_i2c.c.obj
 .text.I2C_WaitOnFlagUntilTimeout
                0x08001cc2       0x7c CMakeFiles/RoboticArm_V4.elf.dir/Drivers/STM32F4xx_HAL_Driver/Src/stm32f4xx_hal_i2c.c.obj
 .text.I2C_WaitOnMasterAddressFlagUntilTimeout
                0x08001d3e       0xaa CMakeFiles/RoboticArm_V4.elf.dir/Drivers/STM32F4xx_HAL_Driver/Src/stm32f4xx_hal_i2c.c.obj
 .text.I2C_MasterRequestWrite
                0x08001de8       0xb4 CMakeFiles/RoboticArm_V4.elf.dir/Drivers/STM32F4xx_HAL_Driver/Src/stm32f4xx_hal_i2c.c.obj
 .text.I2C_WaitOnTXEFlagUntilTimeout
                0x08001e9c       0x54 CMakeFiles/RoboticArm_V4.elf.dir/Drivers/STM32F4xx_HAL_Driver/Src/stm32f4xx_hal_i2c.c.obj
 .text.I2C_WaitOnBTFFlagUntilTimeout
                0x08001ef0       0x54 CMakeFiles/RoboticArm_V4.elf.dir/Drivers/STM32F4xx_HAL_Driver/Src/stm32f4xx_hal_i2c.c.obj
 .text.HAL_I2C_Init
                0x08001f44      0x1bc CMakeFiles/RoboticArm_V4.elf.dir/Drivers/STM32F4xx_HAL_Driver/Src/stm32f4xx_hal_i2c.c.obj
                0x08001f44                HAL_I2C_Init
 .text.HAL_I2C_Master_Transmit
                0x08002100      0x178 CMakeFiles/RoboticArm_V4.elf.dir/Drivers/STM32F4xx_HAL_Driver/Src/stm32f4xx_hal_i2c.c.obj
                0x08002100                HAL_I2C_Master_Transmit
 .text.HAL_RCC_OscConfig
                0x08002278      0x3f8 CMakeFiles/RoboticArm_V4.elf.dir/Drivers/STM32F4xx_HAL_Driver/Src/stm32f4xx_hal_rcc.c.obj
                0x08002278                HAL_RCC_OscConfig
 .text.HAL_RCC_GetSysClockFreq
                0x08002670       0xa8 CMakeFiles/RoboticArm_V4.elf.dir/Drivers/STM32F4xx_HAL_Driver/Src/stm32f4xx_hal_rcc.c.obj
                0x08002670                HAL_RCC_GetSysClockFreq
 .text.HAL_RCC_ClockConfig
                0x08002718      0x160 CMakeFiles/RoboticArm_V4.elf.dir/Drivers/STM32F4xx_HAL_Driver/Src/stm32f4xx_hal_rcc.c.obj
                0x08002718                HAL_RCC_ClockConfig
 .text.HAL_RCC_GetHCLKFreq
                0x08002878        0xc CMakeFiles/RoboticArm_V4.elf.dir/Drivers/STM32F4xx_HAL_Driver/Src/stm32f4xx_hal_rcc.c.obj
                0x08002878                HAL_RCC_GetHCLKFreq
 .text.HAL_RCC_GetPCLK1Freq
                0x08002884       0x20 CMakeFiles/RoboticArm_V4.elf.dir/Drivers/STM32F4xx_HAL_Driver/Src/stm32f4xx_hal_rcc.c.obj
                0x08002884                HAL_RCC_GetPCLK1Freq
 .text.TIM_TI1_ConfigInputStage
                0x080028a4       0x24 CMakeFiles/RoboticArm_V4.elf.dir/Drivers/STM32F4xx_HAL_Driver/Src/stm32f4xx_hal_tim.c.obj
 .text.TIM_TI2_ConfigInputStage
                0x080028c8       0x26 CMakeFiles/RoboticArm_V4.elf.dir/Drivers/STM32F4xx_HAL_Driver/Src/stm32f4xx_hal_tim.c.obj
 .text.TIM_ITRx_SetConfig
                0x080028ee       0x10 CMakeFiles/RoboticArm_V4.elf.dir/Drivers/STM32F4xx_HAL_Driver/Src/stm32f4xx_hal_tim.c.obj
 *fill*         0x080028fe        0x2 
 .text.HAL_TIM_Base_Start
                0x08002900       0x6c CMakeFiles/RoboticArm_V4.elf.dir/Drivers/STM32F4xx_HAL_Driver/Src/stm32f4xx_hal_tim.c.obj
                0x08002900                HAL_TIM_Base_Start
 .text.TIM_Base_SetConfig
                0x0800296c       0x9c CMakeFiles/RoboticArm_V4.elf.dir/Drivers/STM32F4xx_HAL_Driver/Src/stm32f4xx_hal_tim.c.obj
                0x0800296c                TIM_Base_SetConfig
 .text.HAL_TIM_Base_Init
                0x08002a08       0x58 CMakeFiles/RoboticArm_V4.elf.dir/Drivers/STM32F4xx_HAL_Driver/Src/stm32f4xx_hal_tim.c.obj
                0x08002a08                HAL_TIM_Base_Init
 .text.TIM_ETR_SetConfig
                0x08002a60       0x18 CMakeFiles/RoboticArm_V4.elf.dir/Drivers/STM32F4xx_HAL_Driver/Src/stm32f4xx_hal_tim.c.obj
                0x08002a60                TIM_ETR_SetConfig
 .text.HAL_TIM_ConfigClockSource
                0x08002a78       0xfe CMakeFiles/RoboticArm_V4.elf.dir/Drivers/STM32F4xx_HAL_Driver/Src/stm32f4xx_hal_tim.c.obj
                0x08002a78                HAL_TIM_ConfigClockSource
 *fill*         0x08002b76        0x2 
 .text.HAL_TIMEx_MasterConfigSynchronization
                0x08002b78       0x7c CMakeFiles/RoboticArm_V4.elf.dir/Drivers/STM32F4xx_HAL_Driver/Src/stm32f4xx_hal_tim_ex.c.obj
                0x08002b78                HAL_TIMEx_MasterConfigSynchronization
 .text.setBeeper
                0x08002bf4       0x28 CMakeFiles/RoboticArm_V4.elf.dir/Src/beeper.c.obj
                0x08002bf4                setBeeper
 .text.beeperInit
                0x08002c1c       0x1c CMakeFiles/RoboticArm_V4.elf.dir/Src/beeper.c.obj
                0x08002c1c                beeperInit
 .text.beeperSchedulerTick
                0x08002c38       0x84 CMakeFiles/RoboticArm_V4.elf.dir/Src/beeper.c.obj
                0x08002c38                beeperSchedulerTick
 .text.beeperBeep
                0x08002cbc       0x2c CMakeFiles/RoboticArm_V4.elf.dir/Src/beeper.c.obj
                0x08002cbc                beeperBeep
 .text.MX_GPIO_Init
                0x08002ce8       0xcc CMakeFiles/RoboticArm_V4.elf.dir/Src/main.c.obj
 .text.MX_DMA_Init
                0x08002db4       0x34 CMakeFiles/RoboticArm_V4.elf.dir/Src/main.c.obj
 .text.__LCD_Transmit
                0x08002de8       0x30 CMakeFiles/RoboticArm_V4.elf.dir/Src/main.c.obj
                0x08002de8                __LCD_Transmit
 .text.__LCD_WriteNibble
                0x08002e18       0x1e CMakeFiles/RoboticArm_V4.elf.dir/Src/main.c.obj
                0x08002e18                __LCD_WriteNibble
 *fill*         0x08002e36        0x2 
 .text.__LCD_WriteNibbleBlocking
                0x08002e38       0x68 CMakeFiles/RoboticArm_V4.elf.dir/Src/main.c.obj
                0x08002e38                __LCD_WriteNibbleBlocking
 .text.__LCD_SendCmd
                0x08002ea0       0x18 CMakeFiles/RoboticArm_V4.elf.dir/Src/main.c.obj
                0x08002ea0                __LCD_SendCmd
 .text.__LCD_SendCmdBlocking
                0x08002eb8       0x2a CMakeFiles/RoboticArm_V4.elf.dir/Src/main.c.obj
                0x08002eb8                __LCD_SendCmdBlocking
 .text.__LCD_SendData
                0x08002ee2       0x18 CMakeFiles/RoboticArm_V4.elf.dir/Src/main.c.obj
                0x08002ee2                __LCD_SendData
 .text.LCD_Init
                0x08002efa       0x5a CMakeFiles/RoboticArm_V4.elf.dir/Src/main.c.obj
                0x08002efa                LCD_Init
 .text.LCD_TickQueue
                0x08002f54       0x70 CMakeFiles/RoboticArm_V4.elf.dir/Src/main.c.obj
                0x08002f54                LCD_TickQueue
 .text.LCD_Clear
                0x08002fc4        0xa CMakeFiles/RoboticArm_V4.elf.dir/Src/main.c.obj
                0x08002fc4                LCD_Clear
 .text.LCD_Print
                0x08002fce       0x14 CMakeFiles/RoboticArm_V4.elf.dir/Src/main.c.obj
                0x08002fce                LCD_Print
 *fill*         0x08002fe2        0x2 
 .text.angleAbstractionInit
                0x08002fe4       0x6c CMakeFiles/RoboticArm_V4.elf.dir/Src/main.c.obj
                0x08002fe4                angleAbstractionInit
 .text.angleSet
                0x08003050       0xd0 CMakeFiles/RoboticArm_V4.elf.dir/Src/main.c.obj
                0x08003050                angleSet
 .text.onSetup  0x08003120       0x34 CMakeFiles/RoboticArm_V4.elf.dir/Src/main.c.obj
                0x08003120                onSetup
 .text.onUpdate
                0x08003154      0x148 CMakeFiles/RoboticArm_V4.elf.dir/Src/main.c.obj
                0x08003154                onUpdate
 .text.HAL_ADC_ConvCpltCallback
                0x0800329c        0xc CMakeFiles/RoboticArm_V4.elf.dir/Src/main.c.obj
                0x0800329c                HAL_ADC_ConvCpltCallback
 .text.Error_Handler
                0x080032a8        0x4 CMakeFiles/RoboticArm_V4.elf.dir/Src/main.c.obj
                0x080032a8                Error_Handler
 .text.MX_TIM1_Init
                0x080032ac       0x6c CMakeFiles/RoboticArm_V4.elf.dir/Src/main.c.obj
 .text.MX_I2C1_Init
                0x08003318       0x38 CMakeFiles/RoboticArm_V4.elf.dir/Src/main.c.obj
 .text.MX_ADC1_Init
                0x08003350       0x9c CMakeFiles/RoboticArm_V4.elf.dir/Src/main.c.obj
 .text.SystemClock_Config
                0x080033ec       0xa4 CMakeFiles/RoboticArm_V4.elf.dir/Src/main.c.obj
                0x080033ec                SystemClock_Config
 .text.main     0x08003490      0x2a4 CMakeFiles/RoboticArm_V4.elf.dir/Src/main.c.obj
                0x08003490                main
 .text.setGripperStepper
                0x08003734       0x5c CMakeFiles/RoboticArm_V4.elf.dir/Src/stepper.c.obj
                0x08003734                setGripperStepper
 .text.stepGripper
                0x08003790       0x64 CMakeFiles/RoboticArm_V4.elf.dir/Src/stepper.c.obj
                0x08003790                stepGripper
 .text.nemaCreate
                0x080037f4       0x3c CMakeFiles/RoboticArm_V4.elf.dir/Src/stepper.c.obj
                0x080037f4                nemaCreate
 .text.nemaSetTarget
                0x08003830       0x20 CMakeFiles/RoboticArm_V4.elf.dir/Src/stepper.c.obj
                0x08003830                nemaSetTarget
 .text.nemaTickMotors
                0x08003850       0xfc CMakeFiles/RoboticArm_V4.elf.dir/Src/stepper.c.obj
                0x08003850                nemaTickMotors
 .text.gripperHoming
                0x0800394c       0x40 CMakeFiles/RoboticArm_V4.elf.dir/Src/stepper.c.obj
                0x0800394c                gripperHoming
 .text.gripperTickMotor
                0x0800398c       0x50 CMakeFiles/RoboticArm_V4.elf.dir/Src/stepper.c.obj
                0x0800398c                gripperTickMotor
 .text.HAL_MspInit
                0x080039dc       0x38 CMakeFiles/RoboticArm_V4.elf.dir/Src/stm32f4xx_hal_msp.c.obj
                0x080039dc                HAL_MspInit
 .text.HAL_ADC_MspInit
                0x08003a14       0xbc CMakeFiles/RoboticArm_V4.elf.dir/Src/stm32f4xx_hal_msp.c.obj
                0x08003a14                HAL_ADC_MspInit
 .text.HAL_I2C_MspInit
                0x08003ad0       0x70 CMakeFiles/RoboticArm_V4.elf.dir/Src/stm32f4xx_hal_msp.c.obj
                0x08003ad0                HAL_I2C_MspInit
 .text.HAL_TIM_Base_MspInit
                0x08003b40       0x30 CMakeFiles/RoboticArm_V4.elf.dir/Src/stm32f4xx_hal_msp.c.obj
                0x08003b40                HAL_TIM_Base_MspInit
 .text.NMI_Handler
                0x08003b70        0x2 CMakeFiles/RoboticArm_V4.elf.dir/Src/stm32f4xx_it.c.obj
                0x08003b70                NMI_Handler
 .text.HardFault_Handler
                0x08003b72        0x2 CMakeFiles/RoboticArm_V4.elf.dir/Src/stm32f4xx_it.c.obj
                0x08003b72                HardFault_Handler
 .text.MemManage_Handler
                0x08003b74        0x2 CMakeFiles/RoboticArm_V4.elf.dir/Src/stm32f4xx_it.c.obj
                0x08003b74                MemManage_Handler
 .text.BusFault_Handler
                0x08003b76        0x2 CMakeFiles/RoboticArm_V4.elf.dir/Src/stm32f4xx_it.c.obj
                0x08003b76                BusFault_Handler
 .text.UsageFault_Handler
                0x08003b78        0x2 CMakeFiles/RoboticArm_V4.elf.dir/Src/stm32f4xx_it.c.obj
                0x08003b78                UsageFault_Handler
 .text.SVC_Handler
                0x08003b7a        0x2 CMakeFiles/RoboticArm_V4.elf.dir/Src/stm32f4xx_it.c.obj
                0x08003b7a                SVC_Handler
 .text.DebugMon_Handler
                0x08003b7c        0x2 CMakeFiles/RoboticArm_V4.elf.dir/Src/stm32f4xx_it.c.obj
                0x08003b7c                DebugMon_Handler
 .text.PendSV_Handler
                0x08003b7e        0x2 CMakeFiles/RoboticArm_V4.elf.dir/Src/stm32f4xx_it.c.obj
                0x08003b7e                PendSV_Handler
 .text.SysTick_Handler
                0x08003b80        0x8 CMakeFiles/RoboticArm_V4.elf.dir/Src/stm32f4xx_it.c.obj
                0x08003b80                SysTick_Handler
 .text.ADC_IRQHandler
                0x08003b88       0x10 CMakeFiles/RoboticArm_V4.elf.dir/Src/stm32f4xx_it.c.obj
                0x08003b88                ADC_IRQHandler
 .text.DMA2_Stream0_IRQHandler
                0x08003b98       0x10 CMakeFiles/RoboticArm_V4.elf.dir/Src/stm32f4xx_it.c.obj
                0x08003b98                DMA2_Stream0_IRQHandler
 .text._getpid  0x08003ba8        0x4 CMakeFiles/RoboticArm_V4.elf.dir/Src/syscalls.c.obj
                0x08003ba8                _getpid
 .text._kill    0x08003bac       0x10 CMakeFiles/RoboticArm_V4.elf.dir/Src/syscalls.c.obj
                0x08003bac                _kill
 .text._exit    0x08003bbc        0xc CMakeFiles/RoboticArm_V4.elf.dir/Src/syscalls.c.obj
                0x08003bbc                _exit
 .text._read    0x08003bc8       0x20 CMakeFiles/RoboticArm_V4.elf.dir/Src/syscalls.c.obj
                0x08003bc8                _read
 .text._write   0x08003be8       0x1c CMakeFiles/RoboticArm_V4.elf.dir/Src/syscalls.c.obj
                0x08003be8                _write
 .text._close   0x08003c04        0x6 CMakeFiles/RoboticArm_V4.elf.dir/Src/syscalls.c.obj
                0x08003c04                _close
 .text._fstat   0x08003c0a        0xa CMakeFiles/RoboticArm_V4.elf.dir/Src/syscalls.c.obj
                0x08003c0a                _fstat
 .text._isatty  0x08003c14        0x4 CMakeFiles/RoboticArm_V4.elf.dir/Src/syscalls.c.obj
                0x08003c14                _isatty
 .text._lseek   0x08003c18        0x4 CMakeFiles/RoboticArm_V4.elf.dir/Src/syscalls.c.obj
                0x08003c18                _lseek
 .text._sbrk    0x08003c1c       0x48 CMakeFiles/RoboticArm_V4.elf.dir/Src/sysmem.c.obj
                0x08003c1c                _sbrk
 .text.SystemInit
                0x08003c64        0x2 CMakeFiles/RoboticArm_V4.elf.dir/Src/system_stm32f4xx.c.obj
                0x08003c64                SystemInit
 *fill*         0x08003c66        0x2 
 .text.Reset_Handler
                0x08003c68       0x50 CMakeFiles/RoboticArm_V4.elf.dir/Startup/startup_stm32f401retx.s.obj
                0x08003c68                Reset_Handler
 .text.Default_Handler
                0x08003cb8        0x2 CMakeFiles/RoboticArm_V4.elf.dir/Startup/startup_stm32f401retx.s.obj
                0x08003cb8                DMA1_Stream3_IRQHandler
                0x08003cb8                EXTI2_IRQHandler
                0x08003cb8                SPI4_IRQHandler
                0x08003cb8                TIM1_CC_IRQHandler
                0x08003cb8                DMA2_Stream5_IRQHandler
                0x08003cb8                DMA1_Stream5_IRQHandler
                0x08003cb8                PVD_IRQHandler
                0x08003cb8                SDIO_IRQHandler
                0x08003cb8                TAMP_STAMP_IRQHandler
                0x08003cb8                EXTI3_IRQHandler
                0x08003cb8                TIM1_UP_TIM10_IRQHandler
                0x08003cb8                I2C3_ER_IRQHandler
                0x08003cb8                EXTI0_IRQHandler
                0x08003cb8                I2C2_EV_IRQHandler
                0x08003cb8                DMA1_Stream2_IRQHandler
                0x08003cb8                FPU_IRQHandler
                0x08003cb8                DMA2_Stream2_IRQHandler
                0x08003cb8                SPI1_IRQHandler
                0x08003cb8                TIM1_BRK_TIM9_IRQHandler
                0x08003cb8                DMA2_Stream3_IRQHandler
                0x08003cb8                USART6_IRQHandler
                0x08003cb8                TIM4_IRQHandler
                0x08003cb8                I2C1_EV_IRQHandler
                0x08003cb8                DMA1_Stream6_IRQHandler
                0x08003cb8                DMA1_Stream1_IRQHandler
                0x08003cb8                TIM3_IRQHandler
                0x08003cb8                RCC_IRQHandler
                0x08003cb8                Default_Handler
                0x08003cb8                EXTI15_10_IRQHandler
                0x08003cb8                DMA1_Stream7_IRQHandler
                0x08003cb8                TIM5_IRQHandler
                0x08003cb8                DMA2_Stream7_IRQHandler
                0x08003cb8                I2C3_EV_IRQHandler
                0x08003cb8                EXTI9_5_IRQHandler
                0x08003cb8                RTC_WKUP_IRQHandler
                0x08003cb8                SPI2_IRQHandler
                0x08003cb8                DMA1_Stream0_IRQHandler
                0x08003cb8                EXTI4_IRQHandler
                0x08003cb8                WWDG_IRQHandler
                0x08003cb8                TIM2_IRQHandler
                0x08003cb8                OTG_FS_WKUP_IRQHandler
                0x08003cb8                TIM1_TRG_COM_TIM11_IRQHandler
                0x08003cb8                EXTI1_IRQHandler
                0x08003cb8                USART2_IRQHandler
                0x08003cb8                I2C2_ER_IRQHandler
                0x08003cb8                DMA2_Stream1_IRQHandler
                0x08003cb8                FLASH_IRQHandler
                0x08003cb8                DMA2_Stream4_IRQHandler
                0x08003cb8                USART1_IRQHandler
                0x08003cb8                OTG_FS_IRQHandler
                0x08003cb8                SPI3_IRQHandler
                0x08003cb8                DMA1_Stream4_IRQHandler
                0x08003cb8                I2C1_ER_IRQHandler
                0x08003cb8                DMA2_Stream6_IRQHandler
                0x08003cb8                RTC_Alarm_IRQHandler
 *fill*         0x08003cba        0x2 
 .text.__udivmoddi4
                0x08003cbc      0x2bc /Applications/ArmGNUToolchain/12.3.rel1/arm-none-eabi/bin/../lib/gcc/arm-none-eabi/12.3.1/thumb/v7e-m/nofp/libgcc.a(_udivmoddi4.o)
                0x08003cbc                __udivmoddi4
 .text.sprintf  0x08003f78       0x40 /Applications/ArmGNUToolchain/12.3.rel1/arm-none-eabi/bin/../lib/gcc/arm-none-eabi/12.3.1/../../../../arm-none-eabi/lib/thumb/v7e-m/nofp/libg.a(libc_a-sprintf.o)
                0x08003f78                sprintf
 .text.stdio_exit_handler
                0x08003fb8       0x18 /Applications/ArmGNUToolchain/12.3.rel1/arm-none-eabi/bin/../lib/gcc/arm-none-eabi/12.3.1/../../../../arm-none-eabi/lib/thumb/v7e-m/nofp/libg.a(libc_a-findfp.o)
 .text.cleanup_stdio
                0x08003fd0       0x40 /Applications/ArmGNUToolchain/12.3.rel1/arm-none-eabi/bin/../lib/gcc/arm-none-eabi/12.3.1/../../../../arm-none-eabi/lib/thumb/v7e-m/nofp/libg.a(libc_a-findfp.o)
 .text.global_stdio_init.part.0
                0x08004010       0xf0 /Applications/ArmGNUToolchain/12.3.rel1/arm-none-eabi/bin/../lib/gcc/arm-none-eabi/12.3.1/../../../../arm-none-eabi/lib/thumb/v7e-m/nofp/libg.a(libc_a-findfp.o)
 .text.__sinit  0x08004100       0x3c /Applications/ArmGNUToolchain/12.3.rel1/arm-none-eabi/bin/../lib/gcc/arm-none-eabi/12.3.1/../../../../arm-none-eabi/lib/thumb/v7e-m/nofp/libg.a(libc_a-findfp.o)
                0x08004100                __sinit
 .text.__sfp_lock_acquire
                0x0800413c        0xc /Applications/ArmGNUToolchain/12.3.rel1/arm-none-eabi/bin/../lib/gcc/arm-none-eabi/12.3.1/../../../../arm-none-eabi/lib/thumb/v7e-m/nofp/libg.a(libc_a-findfp.o)
                0x0800413c                __sfp_lock_acquire
 .text.__sfp_lock_release
                0x08004148        0xc /Applications/ArmGNUToolchain/12.3.rel1/arm-none-eabi/bin/../lib/gcc/arm-none-eabi/12.3.1/../../../../arm-none-eabi/lib/thumb/v7e-m/nofp/libg.a(libc_a-findfp.o)
                0x08004148                __sfp_lock_release
 .text._fwalk_sglue
                0x08004154       0x48 /Applications/ArmGNUToolchain/12.3.rel1/arm-none-eabi/bin/../lib/gcc/arm-none-eabi/12.3.1/../../../../arm-none-eabi/lib/thumb/v7e-m/nofp/libg.a(libc_a-fwalk.o)
                0x08004154                _fwalk_sglue
 .text.memset   0x0800419c       0xa4 /Applications/ArmGNUToolchain/12.3.rel1/arm-none-eabi/bin/../lib/gcc/arm-none-eabi/12.3.1/../../../../arm-none-eabi/lib/thumb/v7e-m/nofp/libg.a(libc_a-memset.o)
                0x0800419c                memset
 .text.__errno  0x08004240        0xc /Applications/ArmGNUToolchain/12.3.rel1/arm-none-eabi/bin/../lib/gcc/arm-none-eabi/12.3.1/../../../../arm-none-eabi/lib/thumb/v7e-m/nofp/libg.a(libc_a-errno.o)
                0x08004240                __errno
 .text.__libc_init_array
                0x0800424c       0x50 /Applications/ArmGNUToolchain/12.3.rel1/arm-none-eabi/bin/../lib/gcc/arm-none-eabi/12.3.1/../../../../arm-none-eabi/lib/thumb/v7e-m/nofp/libg.a(libc_a-init.o)
                0x0800424c                __libc_init_array
 .text.__retarget_lock_init_recursive
                0x0800429c        0x4 /Applications/ArmGNUToolchain/12.3.rel1/arm-none-eabi/bin/../lib/gcc/arm-none-eabi/12.3.1/../../../../arm-none-eabi/lib/thumb/v7e-m/nofp/libg.a(libc_a-lock.o)
                0x0800429c                __retarget_lock_init_recursive
 .text.__retarget_lock_close_recursive
                0x080042a0        0x4 /Applications/ArmGNUToolchain/12.3.rel1/arm-none-eabi/bin/../lib/gcc/arm-none-eabi/12.3.1/../../../../arm-none-eabi/lib/thumb/v7e-m/nofp/libg.a(libc_a-lock.o)
                0x080042a0                __retarget_lock_close_recursive
 .text.__retarget_lock_acquire_recursive
                0x080042a4        0x4 /Applications/ArmGNUToolchain/12.3.rel1/arm-none-eabi/bin/../lib/gcc/arm-none-eabi/12.3.1/../../../../arm-none-eabi/lib/thumb/v7e-m/nofp/libg.a(libc_a-lock.o)
                0x080042a4                __retarget_lock_acquire_recursive
 .text.__retarget_lock_release_recursive
                0x080042a8        0x4 /Applications/ArmGNUToolchain/12.3.rel1/arm-none-eabi/bin/../lib/gcc/arm-none-eabi/12.3.1/../../../../arm-none-eabi/lib/thumb/v7e-m/nofp/libg.a(libc_a-lock.o)
                0x080042a8                __retarget_lock_release_recursive
 .text.startup.register_fini
                0x080042ac       0x14 /Applications/ArmGNUToolchain/12.3.rel1/arm-none-eabi/bin/../lib/gcc/arm-none-eabi/12.3.1/../../../../arm-none-eabi/lib/thumb/v7e-m/nofp/libg.a(libc_a-__call_atexit.o)
 .text.atexit   0x080042c0        0xc /Applications/ArmGNUToolchain/12.3.rel1/arm-none-eabi/bin/../lib/gcc/arm-none-eabi/12.3.1/../../../../arm-none-eabi/lib/thumb/v7e-m/nofp/libg.a(libc_a-atexit.o)
                0x080042c0                atexit
 .text._malloc_r
                0x080042cc      0x574 /Applications/ArmGNUToolchain/12.3.rel1/arm-none-eabi/bin/../lib/gcc/arm-none-eabi/12.3.1/../../../../arm-none-eabi/lib/thumb/v7e-m/nofp/libg.a(libc_a-mallocr.o)
                0x080042cc                _malloc_r
 .text._svfprintf_r
                0x08004840     0x1b98 /Applications/ArmGNUToolchain/12.3.rel1/arm-none-eabi/bin/../lib/gcc/arm-none-eabi/12.3.1/../../../../arm-none-eabi/lib/thumb/v7e-m/nofp/libg.a(libc_a-svfprintf.o)
                0x08004840                _svfprintf_r
 .text.__malloc_lock
                0x080063d8        0xc /Applications/ArmGNUToolchain/12.3.rel1/arm-none-eabi/bin/../lib/gcc/arm-none-eabi/12.3.1/../../../../arm-none-eabi/lib/thumb/v7e-m/nofp/libg.a(libc_a-mlock.o)
                0x080063d8                __malloc_lock
 .text.__malloc_unlock
                0x080063e4        0xc /Applications/ArmGNUToolchain/12.3.rel1/arm-none-eabi/bin/../lib/gcc/arm-none-eabi/12.3.1/../../../../arm-none-eabi/lib/thumb/v7e-m/nofp/libg.a(libc_a-mlock.o)
                0x080063e4                __malloc_unlock
 .text._fclose_r
                0x080063f0       0xc0 /Applications/ArmGNUToolchain/12.3.rel1/arm-none-eabi/bin/../lib/gcc/arm-none-eabi/12.3.1/../../../../arm-none-eabi/lib/thumb/v7e-m/nofp/libg.a(libc_a-fclose.o)
                0x080063f0                _fclose_r
 .text.__sflush_r
                0x080064b0      0x128 /Applications/ArmGNUToolchain/12.3.rel1/arm-none-eabi/bin/../lib/gcc/arm-none-eabi/12.3.1/../../../../arm-none-eabi/lib/thumb/v7e-m/nofp/libg.a(libc_a-fflush.o)
                0x080064b0                __sflush_r
 .text._fflush_r
                0x080065d8       0x54 /Applications/ArmGNUToolchain/12.3.rel1/arm-none-eabi/bin/../lib/gcc/arm-none-eabi/12.3.1/../../../../arm-none-eabi/lib/thumb/v7e-m/nofp/libg.a(libc_a-fflush.o)
                0x080065d8                _fflush_r
 .text.__sread  0x0800662c       0x24 /Applications/ArmGNUToolchain/12.3.rel1/arm-none-eabi/bin/../lib/gcc/arm-none-eabi/12.3.1/../../../../arm-none-eabi/lib/thumb/v7e-m/nofp/libg.a(libc_a-stdio.o)
                0x0800662c                __sread
 .text.__swrite
                0x08006650       0x40 /Applications/ArmGNUToolchain/12.3.rel1/arm-none-eabi/bin/../lib/gcc/arm-none-eabi/12.3.1/../../../../arm-none-eabi/lib/thumb/v7e-m/nofp/libg.a(libc_a-stdio.o)
                0x08006650                __swrite
 .text.__sseek  0x08006690       0x24 /Applications/ArmGNUToolchain/12.3.rel1/arm-none-eabi/bin/../lib/gcc/arm-none-eabi/12.3.1/../../../../arm-none-eabi/lib/thumb/v7e-m/nofp/libg.a(libc_a-stdio.o)
                0x08006690                __sseek
 .text.__sclose
                0x080066b4        0x8 /Applications/ArmGNUToolchain/12.3.rel1/arm-none-eabi/bin/../lib/gcc/arm-none-eabi/12.3.1/../../../../arm-none-eabi/lib/thumb/v7e-m/nofp/libg.a(libc_a-stdio.o)
                0x080066b4                __sclose
 .text.strncpy  0x080066bc       0x68 /Applications/ArmGNUToolchain/12.3.rel1/arm-none-eabi/bin/../lib/gcc/arm-none-eabi/12.3.1/../../../../arm-none-eabi/lib/thumb/v7e-m/nofp/libg.a(libc_a-strncpy.o)
                0x080066bc                strncpy
 .text.__locale_mb_cur_max
                0x08006724        0xc /Applications/ArmGNUToolchain/12.3.rel1/arm-none-eabi/bin/../lib/gcc/arm-none-eabi/12.3.1/../../../../arm-none-eabi/lib/thumb/v7e-m/nofp/libg.a(libc_a-locale.o)
                0x08006724                __locale_mb_cur_max
 .text._localeconv_r
                0x08006730        0x8 /Applications/ArmGNUToolchain/12.3.rel1/arm-none-eabi/bin/../lib/gcc/arm-none-eabi/12.3.1/../../../../arm-none-eabi/lib/thumb/v7e-m/nofp/libg.a(libc_a-localeconv.o)
                0x08006730                _localeconv_r
 .text._close_r
                0x08006738       0x24 /Applications/ArmGNUToolchain/12.3.rel1/arm-none-eabi/bin/../lib/gcc/arm-none-eabi/12.3.1/../../../../arm-none-eabi/lib/thumb/v7e-m/nofp/libg.a(libc_a-closer.o)
                0x08006738                _close_r
 .text._lseek_r
                0x0800675c       0x2c /Applications/ArmGNUToolchain/12.3.rel1/arm-none-eabi/bin/../lib/gcc/arm-none-eabi/12.3.1/../../../../arm-none-eabi/lib/thumb/v7e-m/nofp/libg.a(libc_a-lseekr.o)
                0x0800675c                _lseek_r
 .text._read_r  0x08006788       0x2c /Applications/ArmGNUToolchain/12.3.rel1/arm-none-eabi/bin/../lib/gcc/arm-none-eabi/12.3.1/../../../../arm-none-eabi/lib/thumb/v7e-m/nofp/libg.a(libc_a-readr.o)
                0x08006788                _read_r
 .text._sbrk_r  0x080067b4       0x24 /Applications/ArmGNUToolchain/12.3.rel1/arm-none-eabi/bin/../lib/gcc/arm-none-eabi/12.3.1/../../../../arm-none-eabi/lib/thumb/v7e-m/nofp/libg.a(libc_a-sbrkr.o)
                0x080067b4                _sbrk_r
 .text._write_r
                0x080067d8       0x2c /Applications/ArmGNUToolchain/12.3.rel1/arm-none-eabi/bin/../lib/gcc/arm-none-eabi/12.3.1/../../../../arm-none-eabi/lib/thumb/v7e-m/nofp/libg.a(libc_a-writer.o)
                0x080067d8                _write_r
 .text.sysconf  0x08006804       0x1c /Applications/ArmGNUToolchain/12.3.rel1/arm-none-eabi/bin/../lib/gcc/arm-none-eabi/12.3.1/../../../../arm-none-eabi/lib/thumb/v7e-m/nofp/libg.a(libc_a-sysconf.o)
                0x08006804                sysconf
 .text.__libc_fini_array
                0x08006820       0x28 /Applications/ArmGNUToolchain/12.3.rel1/arm-none-eabi/bin/../lib/gcc/arm-none-eabi/12.3.1/../../../../arm-none-eabi/lib/thumb/v7e-m/nofp/libg.a(libc_a-fini.o)
                0x08006820                __libc_fini_array
 .text._wcrtomb_r
                0x08006848       0x4c /Applications/ArmGNUToolchain/12.3.rel1/arm-none-eabi/bin/../lib/gcc/arm-none-eabi/12.3.1/../../../../arm-none-eabi/lib/thumb/v7e-m/nofp/libg.a(libc_a-wcrtomb.o)
                0x08006848                _wcrtomb_r
 .text._wcsrtombs_r
                0x08006894       0x1c /Applications/ArmGNUToolchain/12.3.rel1/arm-none-eabi/bin/../lib/gcc/arm-none-eabi/12.3.1/../../../../arm-none-eabi/lib/thumb/v7e-m/nofp/libg.a(libc_a-wcsrtombs.o)
                0x08006894                _wcsrtombs_r
 .text.__register_exitproc
                0x080068b0       0x80 /Applications/ArmGNUToolchain/12.3.rel1/arm-none-eabi/bin/../lib/gcc/arm-none-eabi/12.3.1/../../../../arm-none-eabi/lib/thumb/v7e-m/nofp/libg.a(libc_a-__atexit.o)
                0x080068b0                __register_exitproc
 .text.frexp    0x08006930       0x70 /Applications/ArmGNUToolchain/12.3.rel1/arm-none-eabi/bin/../lib/gcc/arm-none-eabi/12.3.1/../../../../arm-none-eabi/lib/thumb/v7e-m/nofp/libg.a(libm_a-s_frexp.o)
                0x08006930                frexp
 .text.quorem   0x080069a0      0x12c /Applications/ArmGNUToolchain/12.3.rel1/arm-none-eabi/bin/../lib/gcc/arm-none-eabi/12.3.1/../../../../arm-none-eabi/lib/thumb/v7e-m/nofp/libg.a(libc_a-dtoa.o)
 *fill*         0x08006acc        0x4 
 .text._dtoa_r  0x08006ad0      0xe48 /Applications/ArmGNUToolchain/12.3.rel1/arm-none-eabi/bin/../lib/gcc/arm-none-eabi/12.3.1/../../../../arm-none-eabi/lib/thumb/v7e-m/nofp/libg.a(libc_a-dtoa.o)
                0x08006ad0                _dtoa_r
 .text._malloc_trim_r
                0x08007918       0xb8 /Applications/ArmGNUToolchain/12.3.rel1/arm-none-eabi/bin/../lib/gcc/arm-none-eabi/12.3.1/../../../../arm-none-eabi/lib/thumb/v7e-m/nofp/libg.a(libc_a-freer.o)
                0x08007918                _malloc_trim_r
 .text._free_r  0x080079d0      0x1fc /Applications/ArmGNUToolchain/12.3.rel1/arm-none-eabi/bin/../lib/gcc/arm-none-eabi/12.3.1/../../../../arm-none-eabi/lib/thumb/v7e-m/nofp/libg.a(libc_a-freer.o)
                0x080079d0                _free_r
 .text.__ascii_mbtowc
                0x08007bcc       0x2c /Applications/ArmGNUToolchain/12.3.rel1/arm-none-eabi/bin/../lib/gcc/arm-none-eabi/12.3.1/../../../../arm-none-eabi/lib/thumb/v7e-m/nofp/libg.a(libc_a-mbtowc_r.o)
                0x08007bcc                __ascii_mbtowc
 .text.__ssprint_r
                0x08007bf8      0x108 /Applications/ArmGNUToolchain/12.3.rel1/arm-none-eabi/bin/../lib/gcc/arm-none-eabi/12.3.1/../../../../arm-none-eabi/lib/thumb/v7e-m/nofp/libg.a(libc_a-svfiprintf.o)
                0x08007bf8                __ssprint_r
 .text._Balloc  0x08007d00       0x4c /Applications/ArmGNUToolchain/12.3.rel1/arm-none-eabi/bin/../lib/gcc/arm-none-eabi/12.3.1/../../../../arm-none-eabi/lib/thumb/v7e-m/nofp/libg.a(libc_a-mprec.o)
                0x08007d00                _Balloc
 .text._Bfree   0x08007d4c       0x14 /Applications/ArmGNUToolchain/12.3.rel1/arm-none-eabi/bin/../lib/gcc/arm-none-eabi/12.3.1/../../../../arm-none-eabi/lib/thumb/v7e-m/nofp/libg.a(libc_a-mprec.o)
                0x08007d4c                _Bfree
 .text.__multadd
                0x08007d60       0xa0 /Applications/ArmGNUToolchain/12.3.rel1/arm-none-eabi/bin/../lib/gcc/arm-none-eabi/12.3.1/../../../../arm-none-eabi/lib/thumb/v7e-m/nofp/libg.a(libc_a-mprec.o)
                0x08007d60                __multadd
 .text.__hi0bits
                0x08007e00       0x44 /Applications/ArmGNUToolchain/12.3.rel1/arm-none-eabi/bin/../lib/gcc/arm-none-eabi/12.3.1/../../../../arm-none-eabi/lib/thumb/v7e-m/nofp/libg.a(libc_a-mprec.o)
                0x08007e00                __hi0bits
 .text.__lo0bits
                0x08007e44       0x60 /Applications/ArmGNUToolchain/12.3.rel1/arm-none-eabi/bin/../lib/gcc/arm-none-eabi/12.3.1/../../../../arm-none-eabi/lib/thumb/v7e-m/nofp/libg.a(libc_a-mprec.o)
                0x08007e44                __lo0bits
 .text.__i2b    0x08007ea4       0x5c /Applications/ArmGNUToolchain/12.3.rel1/arm-none-eabi/bin/../lib/gcc/arm-none-eabi/12.3.1/../../../../arm-none-eabi/lib/thumb/v7e-m/nofp/libg.a(libc_a-mprec.o)
                0x08007ea4                __i2b
 .text.__multiply
                0x08007f00      0x16c /Applications/ArmGNUToolchain/12.3.rel1/arm-none-eabi/bin/../lib/gcc/arm-none-eabi/12.3.1/../../../../arm-none-eabi/lib/thumb/v7e-m/nofp/libg.a(libc_a-mprec.o)
                0x08007f00                __multiply
 .text.__pow5mult
                0x0800806c       0xb4 /Applications/ArmGNUToolchain/12.3.rel1/arm-none-eabi/bin/../lib/gcc/arm-none-eabi/12.3.1/../../../../arm-none-eabi/lib/thumb/v7e-m/nofp/libg.a(libc_a-mprec.o)
                0x0800806c                __pow5mult
 .text.__lshift
                0x08008120       0xf0 /Applications/ArmGNUToolchain/12.3.rel1/arm-none-eabi/bin/../lib/gcc/arm-none-eabi/12.3.1/../../../../arm-none-eabi/lib/thumb/v7e-m/nofp/libg.a(libc_a-mprec.o)
                0x08008120                __lshift
 .text.__mcmp   0x08008210       0x40 /Applications/ArmGNUToolchain/12.3.rel1/arm-none-eabi/bin/../lib/gcc/arm-none-eabi/12.3.1/../../../../arm-none-eabi/lib/thumb/v7e-m/nofp/libg.a(libc_a-mprec.o)
                0x08008210                __mcmp
 .text.__mdiff  0x08008250      0x164 /Applications/ArmGNUToolchain/12.3.rel1/arm-none-eabi/bin/../lib/gcc/arm-none-eabi/12.3.1/../../../../arm-none-eabi/lib/thumb/v7e-m/nofp/libg.a(libc_a-mprec.o)
                0x08008250                __mdiff
 .text.__d2b    0x080083b4       0xbc /Applications/ArmGNUToolchain/12.3.rel1/arm-none-eabi/bin/../lib/gcc/arm-none-eabi/12.3.1/../../../../arm-none-eabi/lib/thumb/v7e-m/nofp/libg.a(libc_a-mprec.o)
                0x080083b4                __d2b
 .text._realloc_r
                0x08008470      0x344 /Applications/ArmGNUToolchain/12.3.rel1/arm-none-eabi/bin/../lib/gcc/arm-none-eabi/12.3.1/../../../../arm-none-eabi/lib/thumb/v7e-m/nofp/libg.a(libc_a-reallocr.o)
                0x08008470                _realloc_r
 .text.__ascii_wctomb
                0x080087b4       0x1c /Applications/ArmGNUToolchain/12.3.rel1/arm-none-eabi/bin/../lib/gcc/arm-none-eabi/12.3.1/../../../../arm-none-eabi/lib/thumb/v7e-m/nofp/libg.a(libc_a-wctomb_r.o)
                0x080087b4                __ascii_wctomb
 .text.memmove  0x080087d0      0x100 /Applications/ArmGNUToolchain/12.3.rel1/arm-none-eabi/bin/../lib/gcc/arm-none-eabi/12.3.1/../../../../arm-none-eabi/lib/thumb/v7e-m/nofp/libg.a(libc_a-memmove.o)
                0x080087d0                memmove
 .text._wcsnrtombs_l
                0x080088d0       0xec /Applications/ArmGNUToolchain/12.3.rel1/arm-none-eabi/bin/../lib/gcc/arm-none-eabi/12.3.1/../../../../arm-none-eabi/lib/thumb/v7e-m/nofp/libg.a(libc_a-wcsnrtombs.o)
                0x080088d0                _wcsnrtombs_l
 .text._wcsnrtombs_r
                0x080089bc       0x24 /Applications/ArmGNUToolchain/12.3.rel1/arm-none-eabi/bin/../lib/gcc/arm-none-eabi/12.3.1/../../../../arm-none-eabi/lib/thumb/v7e-m/nofp/libg.a(libc_a-wcsnrtombs.o)
                0x080089bc                _wcsnrtombs_r
 .text.__assert_func
                0x080089e0       0x40 /Applications/ArmGNUToolchain/12.3.rel1/arm-none-eabi/bin/../lib/gcc/arm-none-eabi/12.3.1/../../../../arm-none-eabi/lib/thumb/v7e-m/nofp/libg.a(libc_a-assert.o)
                0x080089e0                __assert_func
 .text._calloc_r
                0x08008a20       0x6c /Applications/ArmGNUToolchain/12.3.rel1/arm-none-eabi/bin/../lib/gcc/arm-none-eabi/12.3.1/../../../../arm-none-eabi/lib/thumb/v7e-m/nofp/libg.a(libc_a-callocr.o)
                0x08008a20                _calloc_r
 .text.fiprintf
                0x08008a8c       0x28 /Applications/ArmGNUToolchain/12.3.rel1/arm-none-eabi/bin/../lib/gcc/arm-none-eabi/12.3.1/../../../../arm-none-eabi/lib/thumb/v7e-m/nofp/libg.a(libc_a-fiprintf.o)
                0x08008a8c                fiprintf
 .text.__sprint_r.part.0
                0x08008ab4       0x78 /Applications/ArmGNUToolchain/12.3.rel1/arm-none-eabi/bin/../lib/gcc/arm-none-eabi/12.3.1/../../../../arm-none-eabi/lib/thumb/v7e-m/nofp/libg.a(libc_a-vfiprintf.o)
 .text._vfiprintf_r
                0x08008b2c      0xfac /Applications/ArmGNUToolchain/12.3.rel1/arm-none-eabi/bin/../lib/gcc/arm-none-eabi/12.3.1/../../../../arm-none-eabi/lib/thumb/v7e-m/nofp/libg.a(libc_a-vfiprintf.o)
                0x08008b2c                _vfiprintf_r
 .text.__sbprintf
                0x08009ad8       0x80 /Applications/ArmGNUToolchain/12.3.rel1/arm-none-eabi/bin/../lib/gcc/arm-none-eabi/12.3.1/../../../../arm-none-eabi/lib/thumb/v7e-m/nofp/libg.a(libc_a-vfiprintf.o)
 .text.__sfvwrite_r
                0x08009b58      0x2f8 /Applications/ArmGNUToolchain/12.3.rel1/arm-none-eabi/bin/../lib/gcc/arm-none-eabi/12.3.1/../../../../arm-none-eabi/lib/thumb/v7e-m/nofp/libg.a(libc_a-fvwrite.o)
                0x08009b58                __sfvwrite_r
 .text.__swsetup_r
                0x08009e50       0xc0 /Applications/ArmGNUToolchain/12.3.rel1/arm-none-eabi/bin/../lib/gcc/arm-none-eabi/12.3.1/../../../../arm-none-eabi/lib/thumb/v7e-m/nofp/libg.a(libc_a-wsetup.o)
                0x08009e50                __swsetup_r
 .text.__fputwc
                0x08009f10       0x7c /Applications/ArmGNUToolchain/12.3.rel1/arm-none-eabi/bin/../lib/gcc/arm-none-eabi/12.3.1/../../../../arm-none-eabi/lib/thumb/v7e-m/nofp/libg.a(libc_a-fputwc.o)
                0x08009f10                __fputwc
 .text._fputwc_r
                0x08009f8c       0x60 /Applications/ArmGNUToolchain/12.3.rel1/arm-none-eabi/bin/../lib/gcc/arm-none-eabi/12.3.1/../../../../arm-none-eabi/lib/thumb/v7e-m/nofp/libg.a(libc_a-fputwc.o)
                0x08009f8c                _fputwc_r
 .text.abort    0x08009fec       0x10 /Applications/ArmGNUToolchain/12.3.rel1/arm-none-eabi/bin/../lib/gcc/arm-none-eabi/12.3.1/../../../../arm-none-eabi/lib/thumb/v7e-m/nofp/libg.a(libc_a-abort.o)
                0x08009fec                abort
 .text.__smakebuf_r
                0x08009ffc       0xdc /Applications/ArmGNUToolchain/12.3.rel1/arm-none-eabi/bin/../lib/gcc/arm-none-eabi/12.3.1/../../../../arm-none-eabi/lib/thumb/v7e-m/nofp/libg.a(libc_a-makebuf.o)
                0x08009ffc                __smakebuf_r
 .text.__swbuf_r
                0x0800a0d8       0xac /Applications/ArmGNUToolchain/12.3.rel1/arm-none-eabi/bin/../lib/gcc/arm-none-eabi/12.3.1/../../../../arm-none-eabi/lib/thumb/v7e-m/nofp/libg.a(libc_a-wbuf.o)
                0x0800a0d8                __swbuf_r
 .text.raise    0x0800a184       0x58 /Applications/ArmGNUToolchain/12.3.rel1/arm-none-eabi/bin/../lib/gcc/arm-none-eabi/12.3.1/../../../../arm-none-eabi/lib/thumb/v7e-m/nofp/libg.a(libc_a-signal.o)
                0x0800a184                raise
 .text._fstat_r
                0x0800a1dc       0x2c /Applications/ArmGNUToolchain/12.3.rel1/arm-none-eabi/bin/../lib/gcc/arm-none-eabi/12.3.1/../../../../arm-none-eabi/lib/thumb/v7e-m/nofp/libg.a(libc_a-fstatr.o)
                0x0800a1dc                _fstat_r
 .text._isatty_r
                0x0800a208       0x24 /Applications/ArmGNUToolchain/12.3.rel1/arm-none-eabi/bin/../lib/gcc/arm-none-eabi/12.3.1/../../../../arm-none-eabi/lib/thumb/v7e-m/nofp/libg.a(libc_a-isattyr.o)
                0x0800a208                _isatty_r
 .text._kill_r  0x0800a22c       0x2c /Applications/ArmGNUToolchain/12.3.rel1/arm-none-eabi/bin/../lib/gcc/arm-none-eabi/12.3.1/../../../../arm-none-eabi/lib/thumb/v7e-m/nofp/libg.a(libc_a-signalr.o)
                0x0800a22c                _kill_r
 .text._getpid_r
                0x0800a258        0x4 /Applications/ArmGNUToolchain/12.3.rel1/arm-none-eabi/bin/../lib/gcc/arm-none-eabi/12.3.1/../../../../arm-none-eabi/lib/thumb/v7e-m/nofp/libg.a(libc_a-signalr.o)
                0x0800a258                _getpid_r
 *(.glue_7)
 .glue_7        0x0800a25c        0x0 linker stubs
 *(.glue_7t)
 .glue_7t       0x0800a25c        0x0 linker stubs
 *(.eh_frame)
 .eh_frame      0x0800a25c        0x0 /Applications/ArmGNUToolchain/12.3.rel1/arm-none-eabi/bin/../lib/gcc/arm-none-eabi/12.3.1/thumb/v7e-m/nofp/crtbegin.o
 *(.init)
 .init          0x0800a25c        0x4 /Applications/ArmGNUToolchain/12.3.rel1/arm-none-eabi/bin/../lib/gcc/arm-none-eabi/12.3.1/thumb/v7e-m/nofp/crti.o
                0x0800a25c                _init
 .init          0x0800a260        0x8 /Applications/ArmGNUToolchain/12.3.rel1/arm-none-eabi/bin/../lib/gcc/arm-none-eabi/12.3.1/thumb/v7e-m/nofp/crtn.o
 *(.fini)
 .fini          0x0800a268        0x4 /Applications/ArmGNUToolchain/12.3.rel1/arm-none-eabi/bin/../lib/gcc/arm-none-eabi/12.3.1/thumb/v7e-m/nofp/crti.o
                0x0800a268                _fini
 .fini          0x0800a26c        0x8 /Applications/ArmGNUToolchain/12.3.rel1/arm-none-eabi/bin/../lib/gcc/arm-none-eabi/12.3.1/thumb/v7e-m/nofp/crtn.o
                0x0800a274                        . = ALIGN (0x4)
                0x0800a274                        _etext = .

.vfp11_veneer   0x0800a274        0x0
 .vfp11_veneer  0x0800a274        0x0 linker stubs

.v4_bx          0x0800a274        0x0
 .v4_bx         0x0800a274        0x0 linker stubs

.iplt           0x0800a274        0x0
 .iplt          0x0800a274        0x0 /Applications/ArmGNUToolchain/12.3.rel1/arm-none-eabi/bin/../lib/gcc/arm-none-eabi/12.3.1/thumb/v7e-m/nofp/crtbegin.o

.rodata         0x0800a278      0x450
                0x0800a278                        . = ALIGN (0x4)
 *(.rodata)
 *(.rodata*)
 .rodata.flagBitshiftOffset.0
                0x0800a278        0x8 CMakeFiles/RoboticArm_V4.elf.dir/Drivers/STM32F4xx_HAL_Driver/Src/stm32f4xx_hal_dma.c.obj
 .rodata.onUpdate.str1.4
                0x0800a280       0x10 CMakeFiles/RoboticArm_V4.elf.dir/Src/main.c.obj
 .rodata.stepGripper.str1.4
                0x0800a290       0x1d CMakeFiles/RoboticArm_V4.elf.dir/Src/stepper.c.obj
 *fill*         0x0800a2ad        0x3 
 .rodata.gripperTickMotor.str1.4
                0x0800a2b0        0x5 CMakeFiles/RoboticArm_V4.elf.dir/Src/stepper.c.obj
 *fill*         0x0800a2b5        0x3 
 .rodata.APBPrescTable
                0x0800a2b8        0x8 CMakeFiles/RoboticArm_V4.elf.dir/Src/system_stm32f4xx.c.obj
                0x0800a2b8                APBPrescTable
 .rodata.AHBPrescTable
                0x0800a2c0       0x10 CMakeFiles/RoboticArm_V4.elf.dir/Src/system_stm32f4xx.c.obj
                0x0800a2c0                AHBPrescTable
 .rodata._svfprintf_r.str1.4
                0x0800a2d0       0x42 /Applications/ArmGNUToolchain/12.3.rel1/arm-none-eabi/bin/../lib/gcc/arm-none-eabi/12.3.1/../../../../arm-none-eabi/lib/thumb/v7e-m/nofp/libg.a(libc_a-svfprintf.o)
 *fill*         0x0800a312        0x2 
 .rodata.zeroes.0
                0x0800a314       0x10 /Applications/ArmGNUToolchain/12.3.rel1/arm-none-eabi/bin/../lib/gcc/arm-none-eabi/12.3.1/../../../../arm-none-eabi/lib/thumb/v7e-m/nofp/libg.a(libc_a-svfprintf.o)
 .rodata.blanks.1
                0x0800a324       0x10 /Applications/ArmGNUToolchain/12.3.rel1/arm-none-eabi/bin/../lib/gcc/arm-none-eabi/12.3.1/../../../../arm-none-eabi/lib/thumb/v7e-m/nofp/libg.a(libc_a-svfprintf.o)
 .rodata.str1.4
                0x0800a334       0x48 /Applications/ArmGNUToolchain/12.3.rel1/arm-none-eabi/bin/../lib/gcc/arm-none-eabi/12.3.1/../../../../arm-none-eabi/lib/thumb/v7e-m/nofp/libg.a(libc_a-locale.o)
                                 0x4c (size before relaxing)
 .rodata._ctype_
                0x0800a37c      0x101 /Applications/ArmGNUToolchain/12.3.rel1/arm-none-eabi/bin/../lib/gcc/arm-none-eabi/12.3.1/../../../../arm-none-eabi/lib/thumb/v7e-m/nofp/libg.a(libc_a-ctype_.o)
                0x0800a37c                _ctype_
 *fill*         0x0800a47d        0x3 
 .rodata._dtoa_r.str1.4
                0x0800a480       0x85 /Applications/ArmGNUToolchain/12.3.rel1/arm-none-eabi/bin/../lib/gcc/arm-none-eabi/12.3.1/../../../../arm-none-eabi/lib/thumb/v7e-m/nofp/libg.a(libc_a-dtoa.o)
                                 0x89 (size before relaxing)
 *fill*         0x0800a505        0x3 
 .rodata.__multadd.str1.4
                0x0800a508       0x62 /Applications/ArmGNUToolchain/12.3.rel1/arm-none-eabi/bin/../lib/gcc/arm-none-eabi/12.3.1/../../../../arm-none-eabi/lib/thumb/v7e-m/nofp/libg.a(libc_a-mprec.o)
                                 0x76 (size before relaxing)
 *fill*         0x0800a56a        0x2 
 .rodata.p05.0  0x0800a56c        0xc /Applications/ArmGNUToolchain/12.3.rel1/arm-none-eabi/bin/../lib/gcc/arm-none-eabi/12.3.1/../../../../arm-none-eabi/lib/thumb/v7e-m/nofp/libg.a(libc_a-mprec.o)
 .rodata.__mprec_bigtens
                0x0800a578       0x28 /Applications/ArmGNUToolchain/12.3.rel1/arm-none-eabi/bin/../lib/gcc/arm-none-eabi/12.3.1/../../../../arm-none-eabi/lib/thumb/v7e-m/nofp/libg.a(libc_a-mprec.o)
                0x0800a578                __mprec_bigtens
 .rodata.__mprec_tens
                0x0800a5a0       0xc8 /Applications/ArmGNUToolchain/12.3.rel1/arm-none-eabi/bin/../lib/gcc/arm-none-eabi/12.3.1/../../../../arm-none-eabi/lib/thumb/v7e-m/nofp/libg.a(libc_a-mprec.o)
                0x0800a5a0                __mprec_tens
 .rodata.__assert_func.str1.4
                0x0800a668       0x3f /Applications/ArmGNUToolchain/12.3.rel1/arm-none-eabi/bin/../lib/gcc/arm-none-eabi/12.3.1/../../../../arm-none-eabi/lib/thumb/v7e-m/nofp/libg.a(libc_a-assert.o)
                                 0x43 (size before relaxing)
 .rodata._vfiprintf_r.str1.4
                0x0800a6a7       0x2f /Applications/ArmGNUToolchain/12.3.rel1/arm-none-eabi/bin/../lib/gcc/arm-none-eabi/12.3.1/../../../../arm-none-eabi/lib/thumb/v7e-m/nofp/libg.a(libc_a-vfiprintf.o)
 *fill*         0x0800a6a7        0x1 
 .rodata.zeroes.0
                0x0800a6a8       0x10 /Applications/ArmGNUToolchain/12.3.rel1/arm-none-eabi/bin/../lib/gcc/arm-none-eabi/12.3.1/../../../../arm-none-eabi/lib/thumb/v7e-m/nofp/libg.a(libc_a-vfiprintf.o)
 .rodata.blanks.1
                0x0800a6b8       0x10 /Applications/ArmGNUToolchain/12.3.rel1/arm-none-eabi/bin/../lib/gcc/arm-none-eabi/12.3.1/../../../../arm-none-eabi/lib/thumb/v7e-m/nofp/libg.a(libc_a-vfiprintf.o)
                0x0800a6c8                        . = ALIGN (0x4)

.ARM.extab      0x0800a6c8        0x0
                0x0800a6c8                        . = ALIGN (0x4)
 *(.ARM.extab* .gnu.linkonce.armextab.*)
                0x0800a6c8                        . = ALIGN (0x4)

.ARM            0x0800a6c8        0x8
                0x0800a6c8                        . = ALIGN (0x4)
                0x0800a6c8                        __exidx_start = .
 *(.ARM.exidx*)
 .ARM.exidx     0x0800a6c8        0x8 /Applications/ArmGNUToolchain/12.3.rel1/arm-none-eabi/bin/../lib/gcc/arm-none-eabi/12.3.1/../../../../arm-none-eabi/lib/thumb/v7e-m/nofp/libg.a(libc_a-memchr.o)
 .ARM.exidx     0x0800a6d0        0x0 /Applications/ArmGNUToolchain/12.3.rel1/arm-none-eabi/bin/../lib/gcc/arm-none-eabi/12.3.1/../../../../arm-none-eabi/lib/thumb/v7e-m/nofp/libg.a(libc_a-strlen.o)
                                  0x8 (size before relaxing)
 .ARM.exidx     0x0800a6d0        0x0 /Applications/ArmGNUToolchain/12.3.rel1/arm-none-eabi/bin/../lib/gcc/arm-none-eabi/12.3.1/../../../../arm-none-eabi/lib/thumb/v7e-m/nofp/libg.a(libc_a-memcpy.o)
                                  0x8 (size before relaxing)
 .ARM.exidx.text.__udivmoddi4
                0x0800a6d0        0x0 /Applications/ArmGNUToolchain/12.3.rel1/arm-none-eabi/bin/../lib/gcc/arm-none-eabi/12.3.1/thumb/v7e-m/nofp/libgcc.a(_udivmoddi4.o)
                                  0x8 (size before relaxing)
                0x0800a6d0                        __exidx_end = .
                0x0800a6d0                        . = ALIGN (0x4)

.rel.dyn        0x0800a6d0        0x0
 .rel.iplt      0x0800a6d0        0x0 /Applications/ArmGNUToolchain/12.3.rel1/arm-none-eabi/bin/../lib/gcc/arm-none-eabi/12.3.1/thumb/v7e-m/nofp/crtbegin.o

.preinit_array  0x0800a6d0        0x0
                0x0800a6d0                        . = ALIGN (0x4)
                0x0800a6d0                        PROVIDE (__preinit_array_start = .)
 *(.preinit_array*)
                0x0800a6d0                        PROVIDE (__preinit_array_end = .)
                0x0800a6d0                        . = ALIGN (0x4)

.init_array     0x0800a6d0        0x8
                0x0800a6d0                        . = ALIGN (0x4)
                0x0800a6d0                        PROVIDE (__init_array_start = .)
 *(SORT_BY_NAME(.init_array.*))
 .init_array.00000
                0x0800a6d0        0x4 /Applications/ArmGNUToolchain/12.3.rel1/arm-none-eabi/bin/../lib/gcc/arm-none-eabi/12.3.1/../../../../arm-none-eabi/lib/thumb/v7e-m/nofp/libg.a(libc_a-__call_atexit.o)
 *(.init_array*)
 .init_array    0x0800a6d4        0x4 /Applications/ArmGNUToolchain/12.3.rel1/arm-none-eabi/bin/../lib/gcc/arm-none-eabi/12.3.1/thumb/v7e-m/nofp/crtbegin.o
                0x0800a6d8                        PROVIDE (__init_array_end = .)
                0x0800a6d8                        . = ALIGN (0x4)

.fini_array     0x0800a6d8        0x4
                0x0800a6d8                        . = ALIGN (0x4)
                0x0800a6d8                        PROVIDE (__fini_array_start = .)
 *(SORT_BY_NAME(.fini_array.*))
 *(.fini_array*)
 .fini_array    0x0800a6d8        0x4 /Applications/ArmGNUToolchain/12.3.rel1/arm-none-eabi/bin/../lib/gcc/arm-none-eabi/12.3.1/thumb/v7e-m/nofp/crtbegin.o
                0x0800a6dc                        PROVIDE (__fini_array_end = .)
                0x0800a6dc                        . = ALIGN (0x4)
                0x0800a6dc                        _sidata = LOADADDR (.data)

.data           0x20000000      0x6c4 load address 0x0800a6dc
                0x20000000                        . = ALIGN (0x4)
                0x20000000                        _sdata = .
 *(.data)
 *(.data*)
 .data.uwTickFreq
                0x20000000        0x1 CMakeFiles/RoboticArm_V4.elf.dir/Drivers/STM32F4xx_HAL_Driver/Src/stm32f4xx_hal.c.obj
                0x20000000                uwTickFreq
 *fill*         0x20000001        0x3 
 .data.uwTickPrio
                0x20000004        0x4 CMakeFiles/RoboticArm_V4.elf.dir/Drivers/STM32F4xx_HAL_Driver/Src/stm32f4xx_hal.c.obj
                0x20000004                uwTickPrio
 .data.SystemCoreClock
                0x20000008        0x4 CMakeFiles/RoboticArm_V4.elf.dir/Src/system_stm32f4xx.c.obj
                0x20000008                SystemCoreClock
 .data.__sglue  0x2000000c        0xc /Applications/ArmGNUToolchain/12.3.rel1/arm-none-eabi/bin/../lib/gcc/arm-none-eabi/12.3.1/../../../../arm-none-eabi/lib/thumb/v7e-m/nofp/libg.a(libc_a-findfp.o)
                0x2000000c                __sglue
 .data._impure_ptr
                0x20000018        0x4 /Applications/ArmGNUToolchain/12.3.rel1/arm-none-eabi/bin/../lib/gcc/arm-none-eabi/12.3.1/../../../../arm-none-eabi/lib/thumb/v7e-m/nofp/libg.a(libc_a-impure.o)
                0x20000018                _impure_ptr
 *fill*         0x2000001c        0x4 
 .data._impure_data
                0x20000020      0x120 /Applications/ArmGNUToolchain/12.3.rel1/arm-none-eabi/bin/../lib/gcc/arm-none-eabi/12.3.1/../../../../arm-none-eabi/lib/thumb/v7e-m/nofp/libg.a(libc_a-impure.o)
                0x20000020                _impure_data
 .data.__atexit_recursive_mutex
                0x20000140        0x4 /Applications/ArmGNUToolchain/12.3.rel1/arm-none-eabi/bin/../lib/gcc/arm-none-eabi/12.3.1/../../../../arm-none-eabi/lib/thumb/v7e-m/nofp/libg.a(libc_a-__call_atexit.o)
                0x20000140                __atexit_recursive_mutex
 .data.__malloc_sbrk_base
                0x20000144        0x4 /Applications/ArmGNUToolchain/12.3.rel1/arm-none-eabi/bin/../lib/gcc/arm-none-eabi/12.3.1/../../../../arm-none-eabi/lib/thumb/v7e-m/nofp/libg.a(libc_a-mallocr.o)
                0x20000144                __malloc_sbrk_base
 .data.__malloc_trim_threshold
                0x20000148        0x4 /Applications/ArmGNUToolchain/12.3.rel1/arm-none-eabi/bin/../lib/gcc/arm-none-eabi/12.3.1/../../../../arm-none-eabi/lib/thumb/v7e-m/nofp/libg.a(libc_a-mallocr.o)
                0x20000148                __malloc_trim_threshold
 *fill*         0x2000014c        0x4 
 .data.__malloc_av_
                0x20000150      0x408 /Applications/ArmGNUToolchain/12.3.rel1/arm-none-eabi/bin/../lib/gcc/arm-none-eabi/12.3.1/../../../../arm-none-eabi/lib/thumb/v7e-m/nofp/libg.a(libc_a-mallocr.o)
                0x20000150                __malloc_av_
 .data.__global_locale
                0x20000558      0x16c /Applications/ArmGNUToolchain/12.3.rel1/arm-none-eabi/bin/../lib/gcc/arm-none-eabi/12.3.1/../../../../arm-none-eabi/lib/thumb/v7e-m/nofp/libg.a(libc_a-locale.o)
                0x20000558                __global_locale
 *(.RamFunc)
 *(.RamFunc*)
                0x200006c4                        . = ALIGN (0x4)
                0x200006c4                        _edata = .

.tm_clone_table
                0x200006c4        0x0 load address 0x0800ada0
 .tm_clone_table
                0x200006c4        0x0 /Applications/ArmGNUToolchain/12.3.rel1/arm-none-eabi/bin/../lib/gcc/arm-none-eabi/12.3.1/thumb/v7e-m/nofp/crtbegin.o
 .tm_clone_table
                0x200006c4        0x0 /Applications/ArmGNUToolchain/12.3.rel1/arm-none-eabi/bin/../lib/gcc/arm-none-eabi/12.3.1/thumb/v7e-m/nofp/crtend.o

.igot.plt       0x200006c4        0x0 load address 0x0800ada0
 .igot.plt      0x200006c4        0x0 /Applications/ArmGNUToolchain/12.3.rel1/arm-none-eabi/bin/../lib/gcc/arm-none-eabi/12.3.1/thumb/v7e-m/nofp/crtbegin.o
                0x200006c4                        . = ALIGN (0x4)

.bss            0x200006c8      0xeb8 load address 0x0800ada0
                0x200006c8                        _sbss = .
                0x200006c8                        __bss_start__ = _sbss
 *(.bss)
 *(.bss*)
 .bss.completed.1
                0x200006c8        0x1 /Applications/ArmGNUToolchain/12.3.rel1/arm-none-eabi/bin/../lib/gcc/arm-none-eabi/12.3.1/thumb/v7e-m/nofp/crtbegin.o
 *fill*         0x200006c9        0x3 
 .bss.object.0  0x200006cc       0x18 /Applications/ArmGNUToolchain/12.3.rel1/arm-none-eabi/bin/../lib/gcc/arm-none-eabi/12.3.1/thumb/v7e-m/nofp/crtbegin.o
 .bss.uwTick    0x200006e4        0x4 CMakeFiles/RoboticArm_V4.elf.dir/Drivers/STM32F4xx_HAL_Driver/Src/stm32f4xx_hal.c.obj
                0x200006e4                uwTick
 .bss.beeperStatus
                0x200006e8        0x4 CMakeFiles/RoboticArm_V4.elf.dir/Src/beeper.c.obj
                0x200006e8                beeperStatus
 .bss.beeperSchedulerWriteIndex
                0x200006ec        0x4 CMakeFiles/RoboticArm_V4.elf.dir/Src/beeper.c.obj
                0x200006ec                beeperSchedulerWriteIndex
 .bss.beeperSchedulerReadIndex
                0x200006f0        0x4 CMakeFiles/RoboticArm_V4.elf.dir/Src/beeper.c.obj
                0x200006f0                beeperSchedulerReadIndex
 .bss.beeperSchedulerQueue
                0x200006f4      0x100 CMakeFiles/RoboticArm_V4.elf.dir/Src/beeper.c.obj
                0x200006f4                beeperSchedulerQueue
 .bss.convCompleted
                0x200007f4        0x1 CMakeFiles/RoboticArm_V4.elf.dir/Src/main.c.obj
                0x200007f4                convCompleted
 *fill*         0x200007f5        0x3 
 .bss.angles    0x200007f8       0x20 CMakeFiles/RoboticArm_V4.elf.dir/Src/main.c.obj
                0x200007f8                angles
 .bss.motorID   0x20000818        0x4 CMakeFiles/RoboticArm_V4.elf.dir/Src/main.c.obj
                0x20000818                motorID
 .bss.buttonDown
                0x2000081c        0x4 CMakeFiles/RoboticArm_V4.elf.dir/Src/main.c.obj
                0x2000081c                buttonDown
 .bss.lastLCDTick
                0x20000820        0x4 CMakeFiles/RoboticArm_V4.elf.dir/Src/main.c.obj
                0x20000820                lastLCDTick
 .bss.lastPrintTick
                0x20000824        0x4 CMakeFiles/RoboticArm_V4.elf.dir/Src/main.c.obj
                0x20000824                lastPrintTick
 .bss.m4        0x20000828        0x1 CMakeFiles/RoboticArm_V4.elf.dir/Src/main.c.obj
                0x20000828                m4
 .bss.m3        0x20000829        0x1 CMakeFiles/RoboticArm_V4.elf.dir/Src/main.c.obj
                0x20000829                m3
 .bss.m2        0x2000082a        0x1 CMakeFiles/RoboticArm_V4.elf.dir/Src/main.c.obj
                0x2000082a                m2
 .bss.m1        0x2000082b        0x1 CMakeFiles/RoboticArm_V4.elf.dir/Src/main.c.obj
                0x2000082b                m1
 .bss.LCD_TRANSMISSION_QUEUE_EXE_INDEX
                0x2000082c        0x4 CMakeFiles/RoboticArm_V4.elf.dir/Src/main.c.obj
                0x2000082c                LCD_TRANSMISSION_QUEUE_EXE_INDEX
 .bss.LCD_TRANSMISSION_QUEUE_ADD_INDEX
                0x20000830        0x4 CMakeFiles/RoboticArm_V4.elf.dir/Src/main.c.obj
                0x20000830                LCD_TRANSMISSION_QUEUE_ADD_INDEX
 .bss.LCD_TRANSMISSION_QUEUE
                0x20000834      0x800 CMakeFiles/RoboticArm_V4.elf.dir/Src/main.c.obj
                0x20000834                LCD_TRANSMISSION_QUEUE
 .bss.rawValues
                0x20001034        0x6 CMakeFiles/RoboticArm_V4.elf.dir/Src/main.c.obj
                0x20001034                rawValues
 .bss.joystickBtn
                0x2000103a        0x1 CMakeFiles/RoboticArm_V4.elf.dir/Src/main.c.obj
                0x2000103a                joystickBtn
 *fill*         0x2000103b        0x5 
 .bss.joystickY
                0x20001040        0x8 CMakeFiles/RoboticArm_V4.elf.dir/Src/main.c.obj
                0x20001040                joystickY
 .bss.joystickX
                0x20001048        0x8 CMakeFiles/RoboticArm_V4.elf.dir/Src/main.c.obj
                0x20001048                joystickX
 .bss.htim1     0x20001050       0x48 CMakeFiles/RoboticArm_V4.elf.dir/Src/main.c.obj
                0x20001050                htim1
 .bss.hi2c1     0x20001098       0x54 CMakeFiles/RoboticArm_V4.elf.dir/Src/main.c.obj
                0x20001098                hi2c1
 .bss.hdma_adc1
                0x200010ec       0x60 CMakeFiles/RoboticArm_V4.elf.dir/Src/main.c.obj
                0x200010ec                hdma_adc1
 .bss.hadc1     0x2000114c       0x48 CMakeFiles/RoboticArm_V4.elf.dir/Src/main.c.obj
                0x2000114c                hadc1
 .bss.lastGripperTick
                0x20001194        0x4 CMakeFiles/RoboticArm_V4.elf.dir/Src/stepper.c.obj
                0x20001194                lastGripperTick
 .bss.GripperCache
                0x20001198        0x8 CMakeFiles/RoboticArm_V4.elf.dir/Src/stepper.c.obj
                0x20001198                GripperCache
 .bss.nemasList
                0x200011a0       0xc0 CMakeFiles/RoboticArm_V4.elf.dir/Src/stepper.c.obj
                0x200011a0                nemasList
 .bss.nemaCount
                0x20001260        0x4 CMakeFiles/RoboticArm_V4.elf.dir/Src/stepper.c.obj
                0x20001260                nemaCount
 .bss.gripperIndexCounter
                0x20001264        0x4 CMakeFiles/RoboticArm_V4.elf.dir/Src/stepper.c.obj
                0x20001264                gripperIndexCounter
 .bss.__sbrk_heap_end
                0x20001268        0x4 CMakeFiles/RoboticArm_V4.elf.dir/Src/sysmem.c.obj
 .bss.__sf      0x2000126c      0x138 /Applications/ArmGNUToolchain/12.3.rel1/arm-none-eabi/bin/../lib/gcc/arm-none-eabi/12.3.1/../../../../arm-none-eabi/lib/thumb/v7e-m/nofp/libg.a(libc_a-findfp.o)
                0x2000126c                __sf
 .bss.__stdio_exit_handler
                0x200013a4        0x4 /Applications/ArmGNUToolchain/12.3.rel1/arm-none-eabi/bin/../lib/gcc/arm-none-eabi/12.3.1/../../../../arm-none-eabi/lib/thumb/v7e-m/nofp/libg.a(libc_a-findfp.o)
                0x200013a4                __stdio_exit_handler
 .bss.__lock___malloc_recursive_mutex
                0x200013a8        0x1 /Applications/ArmGNUToolchain/12.3.rel1/arm-none-eabi/bin/../lib/gcc/arm-none-eabi/12.3.1/../../../../arm-none-eabi/lib/thumb/v7e-m/nofp/libg.a(libc_a-lock.o)
                0x200013a8                __lock___malloc_recursive_mutex
 *fill*         0x200013a9        0x3 
 .bss.__lock___atexit_recursive_mutex
                0x200013ac        0x1 /Applications/ArmGNUToolchain/12.3.rel1/arm-none-eabi/bin/../lib/gcc/arm-none-eabi/12.3.1/../../../../arm-none-eabi/lib/thumb/v7e-m/nofp/libg.a(libc_a-lock.o)
                0x200013ac                __lock___atexit_recursive_mutex
 *fill*         0x200013ad        0x3 
 .bss.__lock___sfp_recursive_mutex
                0x200013b0        0x1 /Applications/ArmGNUToolchain/12.3.rel1/arm-none-eabi/bin/../lib/gcc/arm-none-eabi/12.3.1/../../../../arm-none-eabi/lib/thumb/v7e-m/nofp/libg.a(libc_a-lock.o)
                0x200013b0                __lock___sfp_recursive_mutex
 *fill*         0x200013b1        0x3 
 .bss.__atexit  0x200013b4        0x4 /Applications/ArmGNUToolchain/12.3.rel1/arm-none-eabi/bin/../lib/gcc/arm-none-eabi/12.3.1/../../../../arm-none-eabi/lib/thumb/v7e-m/nofp/libg.a(libc_a-__call_atexit.o)
                0x200013b4                __atexit
 .bss.__malloc_current_mallinfo
                0x200013b8       0x28 /Applications/ArmGNUToolchain/12.3.rel1/arm-none-eabi/bin/../lib/gcc/arm-none-eabi/12.3.1/../../../../arm-none-eabi/lib/thumb/v7e-m/nofp/libg.a(libc_a-mallocr.o)
                0x200013b8                __malloc_current_mallinfo
 .bss.__malloc_max_total_mem
                0x200013e0        0x4 /Applications/ArmGNUToolchain/12.3.rel1/arm-none-eabi/bin/../lib/gcc/arm-none-eabi/12.3.1/../../../../arm-none-eabi/lib/thumb/v7e-m/nofp/libg.a(libc_a-mallocr.o)
                0x200013e0                __malloc_max_total_mem
 .bss.__malloc_max_sbrked_mem
                0x200013e4        0x4 /Applications/ArmGNUToolchain/12.3.rel1/arm-none-eabi/bin/../lib/gcc/arm-none-eabi/12.3.1/../../../../arm-none-eabi/lib/thumb/v7e-m/nofp/libg.a(libc_a-mallocr.o)
                0x200013e4                __malloc_max_sbrked_mem
 .bss.__malloc_top_pad
                0x200013e8        0x4 /Applications/ArmGNUToolchain/12.3.rel1/arm-none-eabi/bin/../lib/gcc/arm-none-eabi/12.3.1/../../../../arm-none-eabi/lib/thumb/v7e-m/nofp/libg.a(libc_a-mallocr.o)
                0x200013e8                __malloc_top_pad
 .bss.errno     0x200013ec        0x4 /Applications/ArmGNUToolchain/12.3.rel1/arm-none-eabi/bin/../lib/gcc/arm-none-eabi/12.3.1/../../../../arm-none-eabi/lib/thumb/v7e-m/nofp/libg.a(libc_a-reent.o)
                0x200013ec                errno
 .bss.__atexit0
                0x200013f0      0x190 /Applications/ArmGNUToolchain/12.3.rel1/arm-none-eabi/bin/../lib/gcc/arm-none-eabi/12.3.1/../../../../arm-none-eabi/lib/thumb/v7e-m/nofp/libg.a(libc_a-__atexit.o)
                0x200013f0                __atexit0
 *(COMMON)
                0x20001580                        . = ALIGN (0x4)
                0x20001580                        _ebss = .
                0x20001580                        __bss_end__ = _ebss

._user_heap_stack
                0x20001580      0x600 load address 0x0800ada0
                0x20001580                        . = ALIGN (0x8)
                [!provide]                        PROVIDE (end = .)
                0x20001580                        PROVIDE (_end = .)
                0x20001780                        . = (. + _Min_Heap_Size)
 *fill*         0x20001580      0x200 
                0x20001b80                        . = (. + _Min_Stack_Size)
 *fill*         0x20001780      0x400 
                0x20001b80                        . = ALIGN (0x8)

/DISCARD/
 libc.a(*)
 libm.a(*)
 libgcc.a(*)

.ARM.attributes
                0x00000000       0x2a
 *(.ARM.attributes)
 .ARM.attributes
                0x00000000       0x1e /Applications/ArmGNUToolchain/12.3.rel1/arm-none-eabi/bin/../lib/gcc/arm-none-eabi/12.3.1/thumb/v7e-m/nofp/crti.o
 .ARM.attributes
                0x0000001e       0x2e /Applications/ArmGNUToolchain/12.3.rel1/arm-none-eabi/bin/../lib/gcc/arm-none-eabi/12.3.1/thumb/v7e-m/nofp/crtbegin.o
 .ARM.attributes
                0x0000004c       0x2e CMakeFiles/RoboticArm_V4.elf.dir/Drivers/STM32F4xx_HAL_Driver/Src/stm32f4xx_hal.c.obj
 .ARM.attributes
                0x0000007a       0x2e CMakeFiles/RoboticArm_V4.elf.dir/Drivers/STM32F4xx_HAL_Driver/Src/stm32f4xx_hal_adc.c.obj
 .ARM.attributes
                0x000000a8       0x2e CMakeFiles/RoboticArm_V4.elf.dir/Drivers/STM32F4xx_HAL_Driver/Src/stm32f4xx_hal_adc_ex.c.obj
 .ARM.attributes
                0x000000d6       0x2e CMakeFiles/RoboticArm_V4.elf.dir/Drivers/STM32F4xx_HAL_Driver/Src/stm32f4xx_hal_cortex.c.obj
 .ARM.attributes
                0x00000104       0x2e CMakeFiles/RoboticArm_V4.elf.dir/Drivers/STM32F4xx_HAL_Driver/Src/stm32f4xx_hal_dma.c.obj
 .ARM.attributes
                0x00000132       0x2e CMakeFiles/RoboticArm_V4.elf.dir/Drivers/STM32F4xx_HAL_Driver/Src/stm32f4xx_hal_gpio.c.obj
 .ARM.attributes
                0x00000160       0x2e CMakeFiles/RoboticArm_V4.elf.dir/Drivers/STM32F4xx_HAL_Driver/Src/stm32f4xx_hal_i2c.c.obj
 .ARM.attributes
                0x0000018e       0x2e CMakeFiles/RoboticArm_V4.elf.dir/Drivers/STM32F4xx_HAL_Driver/Src/stm32f4xx_hal_rcc.c.obj
 .ARM.attributes
                0x000001bc       0x2e CMakeFiles/RoboticArm_V4.elf.dir/Drivers/STM32F4xx_HAL_Driver/Src/stm32f4xx_hal_tim.c.obj
 .ARM.attributes
                0x000001ea       0x2e CMakeFiles/RoboticArm_V4.elf.dir/Drivers/STM32F4xx_HAL_Driver/Src/stm32f4xx_hal_tim_ex.c.obj
 .ARM.attributes
                0x00000218       0x2e CMakeFiles/RoboticArm_V4.elf.dir/Src/beeper.c.obj
 .ARM.attributes
                0x00000246       0x2e CMakeFiles/RoboticArm_V4.elf.dir/Src/main.c.obj
 .ARM.attributes
                0x00000274       0x2e CMakeFiles/RoboticArm_V4.elf.dir/Src/stepper.c.obj
 .ARM.attributes
                0x000002a2       0x2e CMakeFiles/RoboticArm_V4.elf.dir/Src/stm32f4xx_hal_msp.c.obj
 .ARM.attributes
                0x000002d0       0x2e CMakeFiles/RoboticArm_V4.elf.dir/Src/stm32f4xx_it.c.obj
 .ARM.attributes
                0x000002fe       0x2e CMakeFiles/RoboticArm_V4.elf.dir/Src/syscalls.c.obj
 .ARM.attributes
                0x0000032c       0x2e CMakeFiles/RoboticArm_V4.elf.dir/Src/sysmem.c.obj
 .ARM.attributes
                0x0000035a       0x2e CMakeFiles/RoboticArm_V4.elf.dir/Src/system_stm32f4xx.c.obj
 .ARM.attributes
                0x00000388       0x21 CMakeFiles/RoboticArm_V4.elf.dir/Startup/startup_stm32f401retx.s.obj
 .ARM.attributes
                0x000003a9       0x1e /Applications/ArmGNUToolchain/12.3.rel1/arm-none-eabi/bin/../lib/gcc/arm-none-eabi/12.3.1/thumb/v7e-m/nofp/libgcc.a(_arm_addsubdf3.o)
 .ARM.attributes
                0x000003c7       0x1e /Applications/ArmGNUToolchain/12.3.rel1/arm-none-eabi/bin/../lib/gcc/arm-none-eabi/12.3.1/thumb/v7e-m/nofp/libgcc.a(_arm_muldivdf3.o)
 .ARM.attributes
                0x000003e5       0x1e /Applications/ArmGNUToolchain/12.3.rel1/arm-none-eabi/bin/../lib/gcc/arm-none-eabi/12.3.1/thumb/v7e-m/nofp/libgcc.a(_arm_cmpdf2.o)
 .ARM.attributes
                0x00000403       0x1e /Applications/ArmGNUToolchain/12.3.rel1/arm-none-eabi/bin/../lib/gcc/arm-none-eabi/12.3.1/thumb/v7e-m/nofp/libgcc.a(_arm_fixdfsi.o)
 .ARM.attributes
                0x00000421       0x1e /Applications/ArmGNUToolchain/12.3.rel1/arm-none-eabi/bin/../lib/gcc/arm-none-eabi/12.3.1/thumb/v7e-m/nofp/libgcc.a(_aeabi_uldivmod.o)
 .ARM.attributes
                0x0000043f       0x2e /Applications/ArmGNUToolchain/12.3.rel1/arm-none-eabi/bin/../lib/gcc/arm-none-eabi/12.3.1/thumb/v7e-m/nofp/libgcc.a(_udivmoddi4.o)
 .ARM.attributes
                0x0000046d       0x1e /Applications/ArmGNUToolchain/12.3.rel1/arm-none-eabi/bin/../lib/gcc/arm-none-eabi/12.3.1/thumb/v7e-m/nofp/libgcc.a(_dvmd_tls.o)
 .ARM.attributes
                0x0000048b       0x2e /Applications/ArmGNUToolchain/12.3.rel1/arm-none-eabi/bin/../lib/gcc/arm-none-eabi/12.3.1/../../../../arm-none-eabi/lib/thumb/v7e-m/nofp/libg.a(libc_a-sprintf.o)
 .ARM.attributes
                0x000004b9       0x2e /Applications/ArmGNUToolchain/12.3.rel1/arm-none-eabi/bin/../lib/gcc/arm-none-eabi/12.3.1/../../../../arm-none-eabi/lib/thumb/v7e-m/nofp/libg.a(libc_a-findfp.o)
 .ARM.attributes
                0x000004e7       0x2e /Applications/ArmGNUToolchain/12.3.rel1/arm-none-eabi/bin/../lib/gcc/arm-none-eabi/12.3.1/../../../../arm-none-eabi/lib/thumb/v7e-m/nofp/libg.a(libc_a-fwalk.o)
 .ARM.attributes
                0x00000515       0x2e /Applications/ArmGNUToolchain/12.3.rel1/arm-none-eabi/bin/../lib/gcc/arm-none-eabi/12.3.1/../../../../arm-none-eabi/lib/thumb/v7e-m/nofp/libg.a(libc_a-memset.o)
 .ARM.attributes
                0x00000543       0x2e /Applications/ArmGNUToolchain/12.3.rel1/arm-none-eabi/bin/../lib/gcc/arm-none-eabi/12.3.1/../../../../arm-none-eabi/lib/thumb/v7e-m/nofp/libg.a(libc_a-impure.o)
 .ARM.attributes
                0x00000571       0x2e /Applications/ArmGNUToolchain/12.3.rel1/arm-none-eabi/bin/../lib/gcc/arm-none-eabi/12.3.1/../../../../arm-none-eabi/lib/thumb/v7e-m/nofp/libg.a(libc_a-errno.o)
 .ARM.attributes
                0x0000059f       0x2e /Applications/ArmGNUToolchain/12.3.rel1/arm-none-eabi/bin/../lib/gcc/arm-none-eabi/12.3.1/../../../../arm-none-eabi/lib/thumb/v7e-m/nofp/libg.a(libc_a-init.o)
 .ARM.attributes
                0x000005cd       0x2e /Applications/ArmGNUToolchain/12.3.rel1/arm-none-eabi/bin/../lib/gcc/arm-none-eabi/12.3.1/../../../../arm-none-eabi/lib/thumb/v7e-m/nofp/libg.a(libc_a-lock.o)
 .ARM.attributes
                0x000005fb       0x2e /Applications/ArmGNUToolchain/12.3.rel1/arm-none-eabi/bin/../lib/gcc/arm-none-eabi/12.3.1/../../../../arm-none-eabi/lib/thumb/v7e-m/nofp/libg.a(libc_a-__call_atexit.o)
 .ARM.attributes
                0x00000629       0x2e /Applications/ArmGNUToolchain/12.3.rel1/arm-none-eabi/bin/../lib/gcc/arm-none-eabi/12.3.1/../../../../arm-none-eabi/lib/thumb/v7e-m/nofp/libg.a(libc_a-atexit.o)
 .ARM.attributes
                0x00000657       0x2e /Applications/ArmGNUToolchain/12.3.rel1/arm-none-eabi/bin/../lib/gcc/arm-none-eabi/12.3.1/../../../../arm-none-eabi/lib/thumb/v7e-m/nofp/libg.a(libc_a-mallocr.o)
 .ARM.attributes
                0x00000685       0x2e /Applications/ArmGNUToolchain/12.3.rel1/arm-none-eabi/bin/../lib/gcc/arm-none-eabi/12.3.1/../../../../arm-none-eabi/lib/thumb/v7e-m/nofp/libg.a(libc_a-svfprintf.o)
 .ARM.attributes
                0x000006b3       0x2e /Applications/ArmGNUToolchain/12.3.rel1/arm-none-eabi/bin/../lib/gcc/arm-none-eabi/12.3.1/../../../../arm-none-eabi/lib/thumb/v7e-m/nofp/libg.a(libc_a-mlock.o)
 .ARM.attributes
                0x000006e1       0x2e /Applications/ArmGNUToolchain/12.3.rel1/arm-none-eabi/bin/../lib/gcc/arm-none-eabi/12.3.1/../../../../arm-none-eabi/lib/thumb/v7e-m/nofp/libg.a(libc_a-fclose.o)
 .ARM.attributes
                0x0000070f       0x2e /Applications/ArmGNUToolchain/12.3.rel1/arm-none-eabi/bin/../lib/gcc/arm-none-eabi/12.3.1/../../../../arm-none-eabi/lib/thumb/v7e-m/nofp/libg.a(libc_a-fflush.o)
 .ARM.attributes
                0x0000073d       0x2e /Applications/ArmGNUToolchain/12.3.rel1/arm-none-eabi/bin/../lib/gcc/arm-none-eabi/12.3.1/../../../../arm-none-eabi/lib/thumb/v7e-m/nofp/libg.a(libc_a-stdio.o)
 .ARM.attributes
                0x0000076b       0x2e /Applications/ArmGNUToolchain/12.3.rel1/arm-none-eabi/bin/../lib/gcc/arm-none-eabi/12.3.1/../../../../arm-none-eabi/lib/thumb/v7e-m/nofp/libg.a(libc_a-strncpy.o)
 .ARM.attributes
                0x00000799       0x2e /Applications/ArmGNUToolchain/12.3.rel1/arm-none-eabi/bin/../lib/gcc/arm-none-eabi/12.3.1/../../../../arm-none-eabi/lib/thumb/v7e-m/nofp/libg.a(libc_a-locale.o)
 .ARM.attributes
                0x000007c7       0x2e /Applications/ArmGNUToolchain/12.3.rel1/arm-none-eabi/bin/../lib/gcc/arm-none-eabi/12.3.1/../../../../arm-none-eabi/lib/thumb/v7e-m/nofp/libg.a(libc_a-localeconv.o)
 .ARM.attributes
                0x000007f5       0x2e /Applications/ArmGNUToolchain/12.3.rel1/arm-none-eabi/bin/../lib/gcc/arm-none-eabi/12.3.1/../../../../arm-none-eabi/lib/thumb/v7e-m/nofp/libg.a(libc_a-closer.o)
 .ARM.attributes
                0x00000823       0x2e /Applications/ArmGNUToolchain/12.3.rel1/arm-none-eabi/bin/../lib/gcc/arm-none-eabi/12.3.1/../../../../arm-none-eabi/lib/thumb/v7e-m/nofp/libg.a(libc_a-reent.o)
 .ARM.attributes
                0x00000851       0x2e /Applications/ArmGNUToolchain/12.3.rel1/arm-none-eabi/bin/../lib/gcc/arm-none-eabi/12.3.1/../../../../arm-none-eabi/lib/thumb/v7e-m/nofp/libg.a(libc_a-lseekr.o)
 .ARM.attributes
                0x0000087f       0x2e /Applications/ArmGNUToolchain/12.3.rel1/arm-none-eabi/bin/../lib/gcc/arm-none-eabi/12.3.1/../../../../arm-none-eabi/lib/thumb/v7e-m/nofp/libg.a(libc_a-readr.o)
 .ARM.attributes
                0x000008ad       0x2e /Applications/ArmGNUToolchain/12.3.rel1/arm-none-eabi/bin/../lib/gcc/arm-none-eabi/12.3.1/../../../../arm-none-eabi/lib/thumb/v7e-m/nofp/libg.a(libc_a-sbrkr.o)
 .ARM.attributes
                0x000008db       0x2e /Applications/ArmGNUToolchain/12.3.rel1/arm-none-eabi/bin/../lib/gcc/arm-none-eabi/12.3.1/../../../../arm-none-eabi/lib/thumb/v7e-m/nofp/libg.a(libc_a-writer.o)
 .ARM.attributes
                0x00000909       0x2e /Applications/ArmGNUToolchain/12.3.rel1/arm-none-eabi/bin/../lib/gcc/arm-none-eabi/12.3.1/../../../../arm-none-eabi/lib/thumb/v7e-m/nofp/libg.a(libc_a-sysconf.o)
 .ARM.attributes
                0x00000937       0x2e /Applications/ArmGNUToolchain/12.3.rel1/arm-none-eabi/bin/../lib/gcc/arm-none-eabi/12.3.1/../../../../arm-none-eabi/lib/thumb/v7e-m/nofp/libg.a(libc_a-fini.o)
 .ARM.attributes
                0x00000965       0x1c /Applications/ArmGNUToolchain/12.3.rel1/arm-none-eabi/bin/../lib/gcc/arm-none-eabi/12.3.1/../../../../arm-none-eabi/lib/thumb/v7e-m/nofp/libg.a(libc_a-memchr.o)
 .ARM.attributes
                0x00000981       0x1c /Applications/ArmGNUToolchain/12.3.rel1/arm-none-eabi/bin/../lib/gcc/arm-none-eabi/12.3.1/../../../../arm-none-eabi/lib/thumb/v7e-m/nofp/libg.a(libc_a-strlen.o)
 .ARM.attributes
                0x0000099d       0x2e /Applications/ArmGNUToolchain/12.3.rel1/arm-none-eabi/bin/../lib/gcc/arm-none-eabi/12.3.1/../../../../arm-none-eabi/lib/thumb/v7e-m/nofp/libg.a(libc_a-wcrtomb.o)
 .ARM.attributes
                0x000009cb       0x2e /Applications/ArmGNUToolchain/12.3.rel1/arm-none-eabi/bin/../lib/gcc/arm-none-eabi/12.3.1/../../../../arm-none-eabi/lib/thumb/v7e-m/nofp/libg.a(libc_a-wcsrtombs.o)
 .ARM.attributes
                0x000009f9       0x2e /Applications/ArmGNUToolchain/12.3.rel1/arm-none-eabi/bin/../lib/gcc/arm-none-eabi/12.3.1/../../../../arm-none-eabi/lib/thumb/v7e-m/nofp/libg.a(libc_a-ctype_.o)
 .ARM.attributes
                0x00000a27       0x2e /Applications/ArmGNUToolchain/12.3.rel1/arm-none-eabi/bin/../lib/gcc/arm-none-eabi/12.3.1/../../../../arm-none-eabi/lib/thumb/v7e-m/nofp/libg.a(libc_a-__atexit.o)
 .ARM.attributes
                0x00000a55       0x2e /Applications/ArmGNUToolchain/12.3.rel1/arm-none-eabi/bin/../lib/gcc/arm-none-eabi/12.3.1/../../../../arm-none-eabi/lib/thumb/v7e-m/nofp/libg.a(libm_a-s_frexp.o)
 .ARM.attributes
                0x00000a83       0x2e /Applications/ArmGNUToolchain/12.3.rel1/arm-none-eabi/bin/../lib/gcc/arm-none-eabi/12.3.1/../../../../arm-none-eabi/lib/thumb/v7e-m/nofp/libg.a(libc_a-dtoa.o)
 .ARM.attributes
                0x00000ab1       0x2e /Applications/ArmGNUToolchain/12.3.rel1/arm-none-eabi/bin/../lib/gcc/arm-none-eabi/12.3.1/../../../../arm-none-eabi/lib/thumb/v7e-m/nofp/libg.a(libc_a-freer.o)
 .ARM.attributes
                0x00000adf       0x2e /Applications/ArmGNUToolchain/12.3.rel1/arm-none-eabi/bin/../lib/gcc/arm-none-eabi/12.3.1/../../../../arm-none-eabi/lib/thumb/v7e-m/nofp/libg.a(libc_a-mbtowc_r.o)
 .ARM.attributes
                0x00000b0d       0x2e /Applications/ArmGNUToolchain/12.3.rel1/arm-none-eabi/bin/../lib/gcc/arm-none-eabi/12.3.1/../../../../arm-none-eabi/lib/thumb/v7e-m/nofp/libg.a(libc_a-svfiprintf.o)
 .ARM.attributes
                0x00000b3b       0x2e /Applications/ArmGNUToolchain/12.3.rel1/arm-none-eabi/bin/../lib/gcc/arm-none-eabi/12.3.1/../../../../arm-none-eabi/lib/thumb/v7e-m/nofp/libg.a(libc_a-mprec.o)
 .ARM.attributes
                0x00000b69       0x2e /Applications/ArmGNUToolchain/12.3.rel1/arm-none-eabi/bin/../lib/gcc/arm-none-eabi/12.3.1/../../../../arm-none-eabi/lib/thumb/v7e-m/nofp/libg.a(libc_a-reallocr.o)
 .ARM.attributes
                0x00000b97       0x2e /Applications/ArmGNUToolchain/12.3.rel1/arm-none-eabi/bin/../lib/gcc/arm-none-eabi/12.3.1/../../../../arm-none-eabi/lib/thumb/v7e-m/nofp/libg.a(libc_a-wctomb_r.o)
 .ARM.attributes
                0x00000bc5       0x2e /Applications/ArmGNUToolchain/12.3.rel1/arm-none-eabi/bin/../lib/gcc/arm-none-eabi/12.3.1/../../../../arm-none-eabi/lib/thumb/v7e-m/nofp/libg.a(libc_a-memmove.o)
 .ARM.attributes
                0x00000bf3       0x1c /Applications/ArmGNUToolchain/12.3.rel1/arm-none-eabi/bin/../lib/gcc/arm-none-eabi/12.3.1/../../../../arm-none-eabi/lib/thumb/v7e-m/nofp/libg.a(libc_a-memcpy.o)
 .ARM.attributes
                0x00000c0f       0x2e /Applications/ArmGNUToolchain/12.3.rel1/arm-none-eabi/bin/../lib/gcc/arm-none-eabi/12.3.1/../../../../arm-none-eabi/lib/thumb/v7e-m/nofp/libg.a(libc_a-wcsnrtombs.o)
 .ARM.attributes
                0x00000c3d       0x2e /Applications/ArmGNUToolchain/12.3.rel1/arm-none-eabi/bin/../lib/gcc/arm-none-eabi/12.3.1/../../../../arm-none-eabi/lib/thumb/v7e-m/nofp/libg.a(libc_a-assert.o)
 .ARM.attributes
                0x00000c6b       0x2e /Applications/ArmGNUToolchain/12.3.rel1/arm-none-eabi/bin/../lib/gcc/arm-none-eabi/12.3.1/../../../../arm-none-eabi/lib/thumb/v7e-m/nofp/libg.a(libc_a-callocr.o)
 .ARM.attributes
                0x00000c99       0x2e /Applications/ArmGNUToolchain/12.3.rel1/arm-none-eabi/bin/../lib/gcc/arm-none-eabi/12.3.1/../../../../arm-none-eabi/lib/thumb/v7e-m/nofp/libg.a(libc_a-fiprintf.o)
 .ARM.attributes
                0x00000cc7       0x2e /Applications/ArmGNUToolchain/12.3.rel1/arm-none-eabi/bin/../lib/gcc/arm-none-eabi/12.3.1/../../../../arm-none-eabi/lib/thumb/v7e-m/nofp/libg.a(libc_a-vfiprintf.o)
 .ARM.attributes
                0x00000cf5       0x2e /Applications/ArmGNUToolchain/12.3.rel1/arm-none-eabi/bin/../lib/gcc/arm-none-eabi/12.3.1/../../../../arm-none-eabi/lib/thumb/v7e-m/nofp/libg.a(libc_a-fvwrite.o)
 .ARM.attributes
                0x00000d23       0x2e /Applications/ArmGNUToolchain/12.3.rel1/arm-none-eabi/bin/../lib/gcc/arm-none-eabi/12.3.1/../../../../arm-none-eabi/lib/thumb/v7e-m/nofp/libg.a(libc_a-wsetup.o)
 .ARM.attributes
                0x00000d51       0x2e /Applications/ArmGNUToolchain/12.3.rel1/arm-none-eabi/bin/../lib/gcc/arm-none-eabi/12.3.1/../../../../arm-none-eabi/lib/thumb/v7e-m/nofp/libg.a(libc_a-fputwc.o)
 .ARM.attributes
                0x00000d7f       0x2e /Applications/ArmGNUToolchain/12.3.rel1/arm-none-eabi/bin/../lib/gcc/arm-none-eabi/12.3.1/../../../../arm-none-eabi/lib/thumb/v7e-m/nofp/libg.a(libc_a-abort.o)
 .ARM.attributes